Command line invocation:
    /Applications/Xcode.app/Contents/Developer/usr/bin/xcodebuild test -scheme Vocorize -destination platform=macOS,arch=arm64

Resolve Package Graph


Resolved source packages:
  swift-collections: https://github.com/apple/swift-collections @ 1.2.0
  swift-transformers: https://github.com/huggingface/swift-transformers.git @ 0.1.15
  cmark-gfm: https://github.com/swiftlang/swift-cmark @ 0.6.0
  swift-argument-parser: https://github.com/apple/swift-argument-parser.git @ 1.6.1
  swift-sharing: https://github.com/pointfreeco/swift-sharing @ 2.5.2
  swift-clocks: https://github.com/pointfreeco/swift-clocks @ 1.0.6
  NetworkImage: https://github.com/gonzalezreal/NetworkImage @ 6.0.1
  swift-case-paths: https://github.com/pointfreeco/swift-case-paths @ 1.7.1
  Pow: https://github.com/EmergeTools/Pow @ 1.0.5
  combine-schedulers: https://github.com/pointfreeco/combine-schedulers @ 1.0.3
  Sparkle: https://github.com/sparkle-project/Sparkle @ 2.7.1
  swift-perception: https://github.com/pointfreeco/swift-perception @ 1.6.0
  swift-markdown-ui: https://github.com/gonzalezreal/swift-markdown-ui @ 2.4.1
  Sauce: https://github.com/Clipy/Sauce @ master (9ed4ca4)
  swift-custom-dump: https://github.com/pointfreeco/swift-custom-dump @ 1.3.3
  whisperkit: https://github.com/argmaxinc/WhisperKit @ main (3f13167)
  swift-identified-collections: https://github.com/pointfreeco/swift-identified-collections @ 1.1.1
  xctest-dynamic-overlay: https://github.com/pointfreeco/xctest-dynamic-overlay @ 1.5.2
  swift-dependencies: https://github.com/pointfreeco/swift-dependencies @ 1.9.2
  swift-navigation: https://github.com/pointfreeco/swift-navigation @ 2.3.1
  swift-concurrency-extras: https://github.com/pointfreeco/swift-concurrency-extras @ 1.3.1
  swift-composable-architecture: https://github.com/pointfreeco/swift-composable-architecture @ 1.20.2
  Jinja: https://github.com/johnmai-dev/Jinja @ 1.2.0
  Inject: https://github.com/krzysztofzablocki/Inject @ 1.5.2
  swift-syntax: https://github.com/swiftlang/swift-syntax @ 601.0.1

ComputePackagePrebuildTargetDependencyGraph

Prepare packages

CreateBuildRequest

SendProjectDescription

CreateBuildOperation

ComputeTargetDependencyGraph
note: Building targets in dependency order
note: Target dependency graph (93 targets)
    Target 'VocorizeTests' in project 'Vocorize'
        ➜ Explicit dependency on target 'Vocorize' in project 'Vocorize'
    Target 'Vocorize' in project 'Vocorize'
        ➜ Explicit dependency on target 'Sparkle' in project 'Sparkle'
        ➜ Explicit dependency on target 'WhisperKit' in project 'whisperkit'
        ➜ Explicit dependency on target 'Dependencies' in project 'swift-dependencies'
        ➜ Explicit dependency on target 'MarkdownUI' in project 'swift-markdown-ui'
        ➜ Explicit dependency on target 'Sauce' in project 'Sauce'
        ➜ Explicit dependency on target 'Inject' in project 'Inject'
        ➜ Explicit dependency on target 'Pow' in project 'Pow'
        ➜ Explicit dependency on target 'DependenciesMacros' in project 'swift-dependencies'
        ➜ Explicit dependency on target 'ComposableArchitecture' in project 'swift-composable-architecture'
    Target 'ComposableArchitecture' in project 'swift-composable-architecture'
        ➜ Explicit dependency on target 'ComposableArchitecture' in project 'swift-composable-architecture'
        ➜ Explicit dependency on target 'swift-composable-architecture_ComposableArchitecture' in project 'swift-composable-architecture'
        ➜ Explicit dependency on target 'ComposableArchitectureMacros' in project 'swift-composable-architecture'
        ➜ Explicit dependency on target 'CasePaths' in project 'swift-case-paths'
        ➜ Explicit dependency on target 'CombineSchedulers' in project 'combine-schedulers'
        ➜ Explicit dependency on target 'ConcurrencyExtras' in project 'swift-concurrency-extras'
        ➜ Explicit dependency on target 'CustomDump' in project 'swift-custom-dump'
        ➜ Explicit dependency on target 'Dependencies' in project 'swift-dependencies'
        ➜ Explicit dependency on target 'DependenciesMacros' in project 'swift-dependencies'
        ➜ Explicit dependency on target 'IdentifiedCollections' in project 'swift-identified-collections'
        ➜ Explicit dependency on target 'IssueReporting' in project 'xctest-dynamic-overlay'
        ➜ Explicit dependency on target 'OrderedCollections' in project 'swift-collections'
        ➜ Explicit dependency on target 'Perception' in project 'swift-perception'
        ➜ Explicit dependency on target 'Sharing' in project 'swift-sharing'
        ➜ Explicit dependency on target 'SwiftUINavigation' in project 'swift-navigation'
        ➜ Explicit dependency on target 'UIKitNavigation' in project 'swift-navigation'
    Target 'ComposableArchitecture' in project 'swift-composable-architecture'
        ➜ Explicit dependency on target 'swift-composable-architecture_ComposableArchitecture' in project 'swift-composable-architecture'
        ➜ Explicit dependency on target 'ComposableArchitectureMacros' in project 'swift-composable-architecture'
        ➜ Explicit dependency on target 'CasePaths' in project 'swift-case-paths'
        ➜ Explicit dependency on target 'CombineSchedulers' in project 'combine-schedulers'
        ➜ Explicit dependency on target 'ConcurrencyExtras' in project 'swift-concurrency-extras'
        ➜ Explicit dependency on target 'CustomDump' in project 'swift-custom-dump'
        ➜ Explicit dependency on target 'Dependencies' in project 'swift-dependencies'
        ➜ Explicit dependency on target 'DependenciesMacros' in project 'swift-dependencies'
        ➜ Explicit dependency on target 'IdentifiedCollections' in project 'swift-identified-collections'
        ➜ Explicit dependency on target 'IssueReporting' in project 'xctest-dynamic-overlay'
        ➜ Explicit dependency on target 'OrderedCollections' in project 'swift-collections'
        ➜ Explicit dependency on target 'Perception' in project 'swift-perception'
        ➜ Explicit dependency on target 'Sharing' in project 'swift-sharing'
        ➜ Explicit dependency on target 'SwiftUINavigation' in project 'swift-navigation'
        ➜ Explicit dependency on target 'UIKitNavigation' in project 'swift-navigation'
    Target 'UIKitNavigation' in project 'swift-navigation'
        ➜ Explicit dependency on target 'UIKitNavigation' in project 'swift-navigation'
        ➜ Explicit dependency on target 'SwiftNavigation' in project 'swift-navigation'
        ➜ Explicit dependency on target 'UIKitNavigationShim' in project 'swift-navigation'
        ➜ Explicit dependency on target 'CasePaths' in project 'swift-case-paths'
        ➜ Explicit dependency on target 'CustomDump' in project 'swift-custom-dump'
        ➜ Explicit dependency on target 'ConcurrencyExtras' in project 'swift-concurrency-extras'
        ➜ Explicit dependency on target 'OrderedCollections' in project 'swift-collections'
        ➜ Explicit dependency on target 'Perception' in project 'swift-perception'
    Target 'SwiftUINavigation' in project 'swift-navigation'
        ➜ Explicit dependency on target 'SwiftUINavigation' in project 'swift-navigation'
        ➜ Explicit dependency on target 'SwiftNavigation' in project 'swift-navigation'
        ➜ Explicit dependency on target 'UIKitNavigationShim' in project 'swift-navigation'
        ➜ Explicit dependency on target 'UIKitNavigation' in project 'swift-navigation'
        ➜ Explicit dependency on target 'CasePaths' in project 'swift-case-paths'
        ➜ Explicit dependency on target 'CustomDump' in project 'swift-custom-dump'
        ➜ Explicit dependency on target 'ConcurrencyExtras' in project 'swift-concurrency-extras'
        ➜ Explicit dependency on target 'OrderedCollections' in project 'swift-collections'
        ➜ Explicit dependency on target 'Perception' in project 'swift-perception'
        ➜ Explicit dependency on target 'IssueReporting' in project 'xctest-dynamic-overlay'
    Target 'SwiftUINavigation' in project 'swift-navigation'
        ➜ Explicit dependency on target 'SwiftNavigation' in project 'swift-navigation'
        ➜ Explicit dependency on target 'UIKitNavigationShim' in project 'swift-navigation'
        ➜ Explicit dependency on target 'UIKitNavigation' in project 'swift-navigation'
        ➜ Explicit dependency on target 'CasePaths' in project 'swift-case-paths'
        ➜ Explicit dependency on target 'CustomDump' in project 'swift-custom-dump'
        ➜ Explicit dependency on target 'ConcurrencyExtras' in project 'swift-concurrency-extras'
        ➜ Explicit dependency on target 'OrderedCollections' in project 'swift-collections'
        ➜ Explicit dependency on target 'Perception' in project 'swift-perception'
        ➜ Explicit dependency on target 'IssueReporting' in project 'xctest-dynamic-overlay'
    Target 'UIKitNavigation' in project 'swift-navigation'
        ➜ Explicit dependency on target 'SwiftNavigation' in project 'swift-navigation'
        ➜ Explicit dependency on target 'UIKitNavigationShim' in project 'swift-navigation'
        ➜ Explicit dependency on target 'CasePaths' in project 'swift-case-paths'
        ➜ Explicit dependency on target 'CustomDump' in project 'swift-custom-dump'
        ➜ Explicit dependency on target 'ConcurrencyExtras' in project 'swift-concurrency-extras'
        ➜ Explicit dependency on target 'OrderedCollections' in project 'swift-collections'
        ➜ Explicit dependency on target 'Perception' in project 'swift-perception'
    Target 'UIKitNavigationShim' in project 'swift-navigation' (no dependencies)
    Target 'SwiftNavigation' in project 'swift-navigation'
        ➜ Explicit dependency on target 'CasePaths' in project 'swift-case-paths'
        ➜ Explicit dependency on target 'CustomDump' in project 'swift-custom-dump'
        ➜ Explicit dependency on target 'ConcurrencyExtras' in project 'swift-concurrency-extras'
        ➜ Explicit dependency on target 'OrderedCollections' in project 'swift-collections'
        ➜ Explicit dependency on target 'Perception' in project 'swift-perception'
    Target 'Sharing' in project 'swift-sharing'
        ➜ Explicit dependency on target 'Sharing' in project 'swift-sharing'
        ➜ Explicit dependency on target 'swift-sharing_Sharing' in project 'swift-sharing'
        ➜ Explicit dependency on target 'Sharing1' in project 'swift-sharing'
        ➜ Explicit dependency on target 'Sharing2' in project 'swift-sharing'
        ➜ Explicit dependency on target 'CombineSchedulers' in project 'combine-schedulers'
        ➜ Explicit dependency on target 'ConcurrencyExtras' in project 'swift-concurrency-extras'
        ➜ Explicit dependency on target 'CustomDump' in project 'swift-custom-dump'
        ➜ Explicit dependency on target 'Dependencies' in project 'swift-dependencies'
        ➜ Explicit dependency on target 'IdentifiedCollections' in project 'swift-identified-collections'
        ➜ Explicit dependency on target 'IssueReporting' in project 'xctest-dynamic-overlay'
        ➜ Explicit dependency on target 'PerceptionCore' in project 'swift-perception'
    Target 'Sharing' in project 'swift-sharing'
        ➜ Explicit dependency on target 'swift-sharing_Sharing' in project 'swift-sharing'
        ➜ Explicit dependency on target 'Sharing1' in project 'swift-sharing'
        ➜ Explicit dependency on target 'Sharing2' in project 'swift-sharing'
        ➜ Explicit dependency on target 'CombineSchedulers' in project 'combine-schedulers'
        ➜ Explicit dependency on target 'ConcurrencyExtras' in project 'swift-concurrency-extras'
        ➜ Explicit dependency on target 'CustomDump' in project 'swift-custom-dump'
        ➜ Explicit dependency on target 'Dependencies' in project 'swift-dependencies'
        ➜ Explicit dependency on target 'IdentifiedCollections' in project 'swift-identified-collections'
        ➜ Explicit dependency on target 'IssueReporting' in project 'xctest-dynamic-overlay'
        ➜ Explicit dependency on target 'PerceptionCore' in project 'swift-perception'
    Target 'PerceptionCore' in project 'swift-perception'
        ➜ Explicit dependency on target 'PerceptionCore' in project 'swift-perception'
        ➜ Explicit dependency on target 'IssueReporting' in project 'xctest-dynamic-overlay'
    Target 'Sharing2' in project 'swift-sharing' (no dependencies)
    Target 'Sharing1' in project 'swift-sharing' (no dependencies)
    Target 'swift-sharing_Sharing' in project 'swift-sharing' (no dependencies)
    Target 'Perception' in project 'swift-perception'
        ➜ Explicit dependency on target 'Perception' in project 'swift-perception'
        ➜ Explicit dependency on target 'PerceptionCore' in project 'swift-perception'
        ➜ Explicit dependency on target 'PerceptionMacros' in project 'swift-perception'
        ➜ Explicit dependency on target 'IssueReporting' in project 'xctest-dynamic-overlay'
    Target 'Perception' in project 'swift-perception'
        ➜ Explicit dependency on target 'PerceptionCore' in project 'swift-perception'
        ➜ Explicit dependency on target 'PerceptionMacros' in project 'swift-perception'
        ➜ Explicit dependency on target 'IssueReporting' in project 'xctest-dynamic-overlay'
    Target 'PerceptionMacros' in project 'swift-perception'
        ➜ Explicit dependency on target 'SwiftSyntaxMacros' in project 'swift-syntax'
        ➜ Explicit dependency on target 'SwiftCompilerPlugin' in project 'swift-syntax'
    Target 'PerceptionCore' in project 'swift-perception'
        ➜ Explicit dependency on target 'IssueReporting' in project 'xctest-dynamic-overlay'
    Target 'IdentifiedCollections' in project 'swift-identified-collections'
        ➜ Explicit dependency on target 'IdentifiedCollections' in project 'swift-identified-collections'
        ➜ Explicit dependency on target 'OrderedCollections' in project 'swift-collections'
    Target 'IdentifiedCollections' in project 'swift-identified-collections'
        ➜ Explicit dependency on target 'OrderedCollections' in project 'swift-collections'
    Target 'CustomDump' in project 'swift-custom-dump'
        ➜ Explicit dependency on target 'CustomDump' in project 'swift-custom-dump'
        ➜ Explicit dependency on target 'IssueReporting' in project 'xctest-dynamic-overlay'
        ➜ Explicit dependency on target 'XCTestDynamicOverlay' in project 'xctest-dynamic-overlay'
    Target 'CustomDump' in project 'swift-custom-dump'
        ➜ Explicit dependency on target 'IssueReporting' in project 'xctest-dynamic-overlay'
        ➜ Explicit dependency on target 'XCTestDynamicOverlay' in project 'xctest-dynamic-overlay'
    Target 'CasePaths' in project 'swift-case-paths'
        ➜ Explicit dependency on target 'CasePaths' in project 'swift-case-paths'
        ➜ Explicit dependency on target 'CasePathsCore' in project 'swift-case-paths'
        ➜ Explicit dependency on target 'CasePathsMacros' in project 'swift-case-paths'
        ➜ Explicit dependency on target 'IssueReporting' in project 'xctest-dynamic-overlay'
        ➜ Explicit dependency on target 'XCTestDynamicOverlay' in project 'xctest-dynamic-overlay'
    Target 'CasePaths' in project 'swift-case-paths'
        ➜ Explicit dependency on target 'CasePathsCore' in project 'swift-case-paths'
        ➜ Explicit dependency on target 'CasePathsMacros' in project 'swift-case-paths'
        ➜ Explicit dependency on target 'IssueReporting' in project 'xctest-dynamic-overlay'
        ➜ Explicit dependency on target 'XCTestDynamicOverlay' in project 'xctest-dynamic-overlay'
    Target 'CasePathsMacros' in project 'swift-case-paths'
        ➜ Explicit dependency on target 'SwiftSyntaxMacros' in project 'swift-syntax'
        ➜ Explicit dependency on target 'SwiftCompilerPlugin' in project 'swift-syntax'
    Target 'CasePathsCore' in project 'swift-case-paths'
        ➜ Explicit dependency on target 'IssueReporting' in project 'xctest-dynamic-overlay'
        ➜ Explicit dependency on target 'XCTestDynamicOverlay' in project 'xctest-dynamic-overlay'
    Target 'ComposableArchitectureMacros' in project 'swift-composable-architecture'
        ➜ Explicit dependency on target 'SwiftSyntaxMacros' in project 'swift-syntax'
        ➜ Explicit dependency on target 'SwiftCompilerPlugin' in project 'swift-syntax'
    Target 'swift-composable-architecture_ComposableArchitecture' in project 'swift-composable-architecture' (no dependencies)
    Target 'DependenciesMacros' in project 'swift-dependencies'
        ➜ Explicit dependency on target 'DependenciesMacros' in project 'swift-dependencies'
        ➜ Explicit dependency on target 'DependenciesMacrosPlugin' in project 'swift-dependencies'
        ➜ Explicit dependency on target 'IssueReporting' in project 'xctest-dynamic-overlay'
        ➜ Explicit dependency on target 'XCTestDynamicOverlay' in project 'xctest-dynamic-overlay'
    Target 'DependenciesMacros' in project 'swift-dependencies'
        ➜ Explicit dependency on target 'DependenciesMacrosPlugin' in project 'swift-dependencies'
        ➜ Explicit dependency on target 'IssueReporting' in project 'xctest-dynamic-overlay'
        ➜ Explicit dependency on target 'XCTestDynamicOverlay' in project 'xctest-dynamic-overlay'
    Target 'DependenciesMacrosPlugin' in project 'swift-dependencies'
        ➜ Explicit dependency on target 'SwiftSyntaxMacros' in project 'swift-syntax'
        ➜ Explicit dependency on target 'SwiftCompilerPlugin' in project 'swift-syntax'
    Target 'SwiftCompilerPlugin' in project 'swift-syntax'
        ➜ Explicit dependency on target 'SwiftCompilerPlugin' in project 'swift-syntax'
        ➜ Explicit dependency on target '_SwiftSyntaxCShims' in project 'swift-syntax'
        ➜ Explicit dependency on target 'SwiftSyntax509' in project 'swift-syntax'
        ➜ Explicit dependency on target 'SwiftSyntax510' in project 'swift-syntax'
        ➜ Explicit dependency on target 'SwiftSyntax600' in project 'swift-syntax'
        ➜ Explicit dependency on target 'SwiftSyntax601' in project 'swift-syntax'
        ➜ Explicit dependency on target 'SwiftSyntax' in project 'swift-syntax'
        ➜ Explicit dependency on target 'SwiftDiagnostics' in project 'swift-syntax'
        ➜ Explicit dependency on target 'SwiftParser' in project 'swift-syntax'
        ➜ Explicit dependency on target 'SwiftOperators' in project 'swift-syntax'
        ➜ Explicit dependency on target 'SwiftBasicFormat' in project 'swift-syntax'
        ➜ Explicit dependency on target 'SwiftParserDiagnostics' in project 'swift-syntax'
        ➜ Explicit dependency on target 'SwiftSyntaxBuilder' in project 'swift-syntax'
        ➜ Explicit dependency on target 'SwiftSyntaxMacros' in project 'swift-syntax'
        ➜ Explicit dependency on target 'SwiftSyntaxMacroExpansion' in project 'swift-syntax'
        ➜ Explicit dependency on target 'SwiftCompilerPluginMessageHandling' in project 'swift-syntax'
    Target 'SwiftCompilerPlugin' in project 'swift-syntax'
        ➜ Explicit dependency on target '_SwiftSyntaxCShims' in project 'swift-syntax'
        ➜ Explicit dependency on target 'SwiftSyntax509' in project 'swift-syntax'
        ➜ Explicit dependency on target 'SwiftSyntax510' in project 'swift-syntax'
        ➜ Explicit dependency on target 'SwiftSyntax600' in project 'swift-syntax'
        ➜ Explicit dependency on target 'SwiftSyntax601' in project 'swift-syntax'
        ➜ Explicit dependency on target 'SwiftSyntax' in project 'swift-syntax'
        ➜ Explicit dependency on target 'SwiftDiagnostics' in project 'swift-syntax'
        ➜ Explicit dependency on target 'SwiftParser' in project 'swift-syntax'
        ➜ Explicit dependency on target 'SwiftOperators' in project 'swift-syntax'
        ➜ Explicit dependency on target 'SwiftBasicFormat' in project 'swift-syntax'
        ➜ Explicit dependency on target 'SwiftParserDiagnostics' in project 'swift-syntax'
        ➜ Explicit dependency on target 'SwiftSyntaxBuilder' in project 'swift-syntax'
        ➜ Explicit dependency on target 'SwiftSyntaxMacros' in project 'swift-syntax'
        ➜ Explicit dependency on target 'SwiftSyntaxMacroExpansion' in project 'swift-syntax'
        ➜ Explicit dependency on target 'SwiftCompilerPluginMessageHandling' in project 'swift-syntax'
    Target 'SwiftCompilerPluginMessageHandling' in project 'swift-syntax'
        ➜ Explicit dependency on target '_SwiftSyntaxCShims' in project 'swift-syntax'
        ➜ Explicit dependency on target 'SwiftSyntax509' in project 'swift-syntax'
        ➜ Explicit dependency on target 'SwiftSyntax510' in project 'swift-syntax'
        ➜ Explicit dependency on target 'SwiftSyntax600' in project 'swift-syntax'
        ➜ Explicit dependency on target 'SwiftSyntax601' in project 'swift-syntax'
        ➜ Explicit dependency on target 'SwiftSyntax' in project 'swift-syntax'
        ➜ Explicit dependency on target 'SwiftDiagnostics' in project 'swift-syntax'
        ➜ Explicit dependency on target 'SwiftParser' in project 'swift-syntax'
        ➜ Explicit dependency on target 'SwiftOperators' in project 'swift-syntax'
        ➜ Explicit dependency on target 'SwiftBasicFormat' in project 'swift-syntax'
        ➜ Explicit dependency on target 'SwiftParserDiagnostics' in project 'swift-syntax'
        ➜ Explicit dependency on target 'SwiftSyntaxBuilder' in project 'swift-syntax'
        ➜ Explicit dependency on target 'SwiftSyntaxMacros' in project 'swift-syntax'
        ➜ Explicit dependency on target 'SwiftSyntaxMacroExpansion' in project 'swift-syntax'
    Target 'SwiftSyntaxMacroExpansion' in project 'swift-syntax'
        ➜ Explicit dependency on target '_SwiftSyntaxCShims' in project 'swift-syntax'
        ➜ Explicit dependency on target 'SwiftSyntax509' in project 'swift-syntax'
        ➜ Explicit dependency on target 'SwiftSyntax510' in project 'swift-syntax'
        ➜ Explicit dependency on target 'SwiftSyntax600' in project 'swift-syntax'
        ➜ Explicit dependency on target 'SwiftSyntax601' in project 'swift-syntax'
        ➜ Explicit dependency on target 'SwiftSyntax' in project 'swift-syntax'
        ➜ Explicit dependency on target 'SwiftBasicFormat' in project 'swift-syntax'
        ➜ Explicit dependency on target 'SwiftParser' in project 'swift-syntax'
        ➜ Explicit dependency on target 'SwiftDiagnostics' in project 'swift-syntax'
        ➜ Explicit dependency on target 'SwiftParserDiagnostics' in project 'swift-syntax'
        ➜ Explicit dependency on target 'SwiftSyntaxBuilder' in project 'swift-syntax'
        ➜ Explicit dependency on target 'SwiftSyntaxMacros' in project 'swift-syntax'
        ➜ Explicit dependency on target 'SwiftOperators' in project 'swift-syntax'
    Target 'SwiftOperators' in project 'swift-syntax'
        ➜ Explicit dependency on target '_SwiftSyntaxCShims' in project 'swift-syntax'
        ➜ Explicit dependency on target 'SwiftSyntax509' in project 'swift-syntax'
        ➜ Explicit dependency on target 'SwiftSyntax510' in project 'swift-syntax'
        ➜ Explicit dependency on target 'SwiftSyntax600' in project 'swift-syntax'
        ➜ Explicit dependency on target 'SwiftSyntax601' in project 'swift-syntax'
        ➜ Explicit dependency on target 'SwiftSyntax' in project 'swift-syntax'
        ➜ Explicit dependency on target 'SwiftDiagnostics' in project 'swift-syntax'
        ➜ Explicit dependency on target 'SwiftParser' in project 'swift-syntax'
    Target 'SwiftSyntaxMacros' in project 'swift-syntax'
        ➜ Explicit dependency on target 'SwiftSyntaxMacros' in project 'swift-syntax'
        ➜ Explicit dependency on target '_SwiftSyntaxCShims' in project 'swift-syntax'
        ➜ Explicit dependency on target 'SwiftSyntax509' in project 'swift-syntax'
        ➜ Explicit dependency on target 'SwiftSyntax510' in project 'swift-syntax'
        ➜ Explicit dependency on target 'SwiftSyntax600' in project 'swift-syntax'
        ➜ Explicit dependency on target 'SwiftSyntax601' in project 'swift-syntax'
        ➜ Explicit dependency on target 'SwiftSyntax' in project 'swift-syntax'
        ➜ Explicit dependency on target 'SwiftDiagnostics' in project 'swift-syntax'
        ➜ Explicit dependency on target 'SwiftParser' in project 'swift-syntax'
        ➜ Explicit dependency on target 'SwiftBasicFormat' in project 'swift-syntax'
        ➜ Explicit dependency on target 'SwiftParserDiagnostics' in project 'swift-syntax'
        ➜ Explicit dependency on target 'SwiftSyntaxBuilder' in project 'swift-syntax'
    Target 'SwiftSyntaxMacros' in project 'swift-syntax'
        ➜ Explicit dependency on target '_SwiftSyntaxCShims' in project 'swift-syntax'
        ➜ Explicit dependency on target 'SwiftSyntax509' in project 'swift-syntax'
        ➜ Explicit dependency on target 'SwiftSyntax510' in project 'swift-syntax'
        ➜ Explicit dependency on target 'SwiftSyntax600' in project 'swift-syntax'
        ➜ Explicit dependency on target 'SwiftSyntax601' in project 'swift-syntax'
        ➜ Explicit dependency on target 'SwiftSyntax' in project 'swift-syntax'
        ➜ Explicit dependency on target 'SwiftDiagnostics' in project 'swift-syntax'
        ➜ Explicit dependency on target 'SwiftParser' in project 'swift-syntax'
        ➜ Explicit dependency on target 'SwiftBasicFormat' in project 'swift-syntax'
        ➜ Explicit dependency on target 'SwiftParserDiagnostics' in project 'swift-syntax'
        ➜ Explicit dependency on target 'SwiftSyntaxBuilder' in project 'swift-syntax'
    Target 'SwiftSyntaxBuilder' in project 'swift-syntax'
        ➜ Explicit dependency on target '_SwiftSyntaxCShims' in project 'swift-syntax'
        ➜ Explicit dependency on target 'SwiftSyntax509' in project 'swift-syntax'
        ➜ Explicit dependency on target 'SwiftSyntax510' in project 'swift-syntax'
        ➜ Explicit dependency on target 'SwiftSyntax600' in project 'swift-syntax'
        ➜ Explicit dependency on target 'SwiftSyntax601' in project 'swift-syntax'
        ➜ Explicit dependency on target 'SwiftSyntax' in project 'swift-syntax'
        ➜ Explicit dependency on target 'SwiftBasicFormat' in project 'swift-syntax'
        ➜ Explicit dependency on target 'SwiftParser' in project 'swift-syntax'
        ➜ Explicit dependency on target 'SwiftDiagnostics' in project 'swift-syntax'
        ➜ Explicit dependency on target 'SwiftParserDiagnostics' in project 'swift-syntax'
    Target 'SwiftParserDiagnostics' in project 'swift-syntax'
        ➜ Explicit dependency on target '_SwiftSyntaxCShims' in project 'swift-syntax'
        ➜ Explicit dependency on target 'SwiftSyntax509' in project 'swift-syntax'
        ➜ Explicit dependency on target 'SwiftSyntax510' in project 'swift-syntax'
        ➜ Explicit dependency on target 'SwiftSyntax600' in project 'swift-syntax'
        ➜ Explicit dependency on target 'SwiftSyntax601' in project 'swift-syntax'
        ➜ Explicit dependency on target 'SwiftSyntax' in project 'swift-syntax'
        ➜ Explicit dependency on target 'SwiftBasicFormat' in project 'swift-syntax'
        ➜ Explicit dependency on target 'SwiftDiagnostics' in project 'swift-syntax'
        ➜ Explicit dependency on target 'SwiftParser' in project 'swift-syntax'
    Target 'SwiftBasicFormat' in project 'swift-syntax'
        ➜ Explicit dependency on target '_SwiftSyntaxCShims' in project 'swift-syntax'
        ➜ Explicit dependency on target 'SwiftSyntax509' in project 'swift-syntax'
        ➜ Explicit dependency on target 'SwiftSyntax510' in project 'swift-syntax'
        ➜ Explicit dependency on target 'SwiftSyntax600' in project 'swift-syntax'
        ➜ Explicit dependency on target 'SwiftSyntax601' in project 'swift-syntax'
        ➜ Explicit dependency on target 'SwiftSyntax' in project 'swift-syntax'
    Target 'SwiftParser' in project 'swift-syntax'
        ➜ Explicit dependency on target '_SwiftSyntaxCShims' in project 'swift-syntax'
        ➜ Explicit dependency on target 'SwiftSyntax509' in project 'swift-syntax'
        ➜ Explicit dependency on target 'SwiftSyntax510' in project 'swift-syntax'
        ➜ Explicit dependency on target 'SwiftSyntax600' in project 'swift-syntax'
        ➜ Explicit dependency on target 'SwiftSyntax601' in project 'swift-syntax'
        ➜ Explicit dependency on target 'SwiftSyntax' in project 'swift-syntax'
    Target 'SwiftDiagnostics' in project 'swift-syntax'
        ➜ Explicit dependency on target '_SwiftSyntaxCShims' in project 'swift-syntax'
        ➜ Explicit dependency on target 'SwiftSyntax509' in project 'swift-syntax'
        ➜ Explicit dependency on target 'SwiftSyntax510' in project 'swift-syntax'
        ➜ Explicit dependency on target 'SwiftSyntax600' in project 'swift-syntax'
        ➜ Explicit dependency on target 'SwiftSyntax601' in project 'swift-syntax'
        ➜ Explicit dependency on target 'SwiftSyntax' in project 'swift-syntax'
    Target 'SwiftSyntax' in project 'swift-syntax'
        ➜ Explicit dependency on target '_SwiftSyntaxCShims' in project 'swift-syntax'
        ➜ Explicit dependency on target 'SwiftSyntax509' in project 'swift-syntax'
        ➜ Explicit dependency on target 'SwiftSyntax510' in project 'swift-syntax'
        ➜ Explicit dependency on target 'SwiftSyntax600' in project 'swift-syntax'
        ➜ Explicit dependency on target 'SwiftSyntax601' in project 'swift-syntax'
    Target 'SwiftSyntax601' in project 'swift-syntax' (no dependencies)
    Target 'SwiftSyntax600' in project 'swift-syntax' (no dependencies)
    Target 'SwiftSyntax510' in project 'swift-syntax' (no dependencies)
    Target 'SwiftSyntax509' in project 'swift-syntax' (no dependencies)
    Target '_SwiftSyntaxCShims' in project 'swift-syntax' (no dependencies)
    Target 'Pow' in project 'Pow'
        ➜ Explicit dependency on target 'Pow' in project 'Pow'
        ➜ Explicit dependency on target 'Pow_Pow' in project 'Pow'
    Target 'Pow' in project 'Pow'
        ➜ Explicit dependency on target 'Pow_Pow' in project 'Pow'
    Target 'Pow_Pow' in project 'Pow' (no dependencies)
    Target 'Inject' in project 'Inject'
        ➜ Explicit dependency on target 'Inject' in project 'Inject'
    Target 'Inject' in project 'Inject' (no dependencies)
    Target 'Sauce' in project 'Sauce'
        ➜ Explicit dependency on target 'Sauce' in project 'Sauce'
    Target 'Sauce' in project 'Sauce' (no dependencies)
    Target 'MarkdownUI' in project 'swift-markdown-ui'
        ➜ Explicit dependency on target 'MarkdownUI' in project 'swift-markdown-ui'
        ➜ Explicit dependency on target 'cmark-gfm' in project 'cmark-gfm'
        ➜ Explicit dependency on target 'cmark-gfm-extensions' in project 'cmark-gfm'
        ➜ Explicit dependency on target 'NetworkImage' in project 'NetworkImage'
    Target 'MarkdownUI' in project 'swift-markdown-ui'
        ➜ Explicit dependency on target 'cmark-gfm' in project 'cmark-gfm'
        ➜ Explicit dependency on target 'cmark-gfm-extensions' in project 'cmark-gfm'
        ➜ Explicit dependency on target 'NetworkImage' in project 'NetworkImage'
    Target 'NetworkImage' in project 'NetworkImage'
        ➜ Explicit dependency on target 'NetworkImage' in project 'NetworkImage'
    Target 'NetworkImage' in project 'NetworkImage' (no dependencies)
    Target 'cmark-gfm-extensions' in project 'cmark-gfm'
        ➜ Explicit dependency on target 'cmark-gfm-extensions' in project 'cmark-gfm'
        ➜ Explicit dependency on target 'cmark-gfm' in project 'cmark-gfm'
    Target 'cmark-gfm-extensions' in project 'cmark-gfm'
        ➜ Explicit dependency on target 'cmark-gfm' in project 'cmark-gfm'
    Target 'cmark-gfm' in project 'cmark-gfm'
        ➜ Explicit dependency on target 'cmark-gfm' in project 'cmark-gfm'
    Target 'cmark-gfm' in project 'cmark-gfm' (no dependencies)
    Target 'Dependencies' in project 'swift-dependencies'
        ➜ Explicit dependency on target 'Dependencies' in project 'swift-dependencies'
        ➜ Explicit dependency on target 'Clocks' in project 'swift-clocks'
        ➜ Explicit dependency on target 'CombineSchedulers' in project 'combine-schedulers'
        ➜ Explicit dependency on target 'ConcurrencyExtras' in project 'swift-concurrency-extras'
        ➜ Explicit dependency on target 'IssueReporting' in project 'xctest-dynamic-overlay'
        ➜ Explicit dependency on target 'XCTestDynamicOverlay' in project 'xctest-dynamic-overlay'
    Target 'Dependencies' in project 'swift-dependencies'
        ➜ Explicit dependency on target 'Clocks' in project 'swift-clocks'
        ➜ Explicit dependency on target 'CombineSchedulers' in project 'combine-schedulers'
        ➜ Explicit dependency on target 'ConcurrencyExtras' in project 'swift-concurrency-extras'
        ➜ Explicit dependency on target 'IssueReporting' in project 'xctest-dynamic-overlay'
        ➜ Explicit dependency on target 'XCTestDynamicOverlay' in project 'xctest-dynamic-overlay'
    Target 'XCTestDynamicOverlay' in project 'xctest-dynamic-overlay'
        ➜ Explicit dependency on target 'XCTestDynamicOverlay' in project 'xctest-dynamic-overlay'
        ➜ Explicit dependency on target 'IssueReporting' in project 'xctest-dynamic-overlay'
    Target 'XCTestDynamicOverlay' in project 'xctest-dynamic-overlay'
        ➜ Explicit dependency on target 'IssueReporting' in project 'xctest-dynamic-overlay'
    Target 'CombineSchedulers' in project 'combine-schedulers'
        ➜ Explicit dependency on target 'CombineSchedulers' in project 'combine-schedulers'
        ➜ Explicit dependency on target 'ConcurrencyExtras' in project 'swift-concurrency-extras'
        ➜ Explicit dependency on target 'IssueReporting' in project 'xctest-dynamic-overlay'
    Target 'CombineSchedulers' in project 'combine-schedulers'
        ➜ Explicit dependency on target 'ConcurrencyExtras' in project 'swift-concurrency-extras'
        ➜ Explicit dependency on target 'IssueReporting' in project 'xctest-dynamic-overlay'
    Target 'Clocks' in project 'swift-clocks'
        ➜ Explicit dependency on target 'Clocks' in project 'swift-clocks'
        ➜ Explicit dependency on target 'ConcurrencyExtras' in project 'swift-concurrency-extras'
        ➜ Explicit dependency on target 'IssueReporting' in project 'xctest-dynamic-overlay'
    Target 'Clocks' in project 'swift-clocks'
        ➜ Explicit dependency on target 'ConcurrencyExtras' in project 'swift-concurrency-extras'
        ➜ Explicit dependency on target 'IssueReporting' in project 'xctest-dynamic-overlay'
    Target 'IssueReporting' in project 'xctest-dynamic-overlay'
        ➜ Explicit dependency on target 'IssueReporting' in project 'xctest-dynamic-overlay'
    Target 'IssueReporting' in project 'xctest-dynamic-overlay' (no dependencies)
    Target 'ConcurrencyExtras' in project 'swift-concurrency-extras'
        ➜ Explicit dependency on target 'ConcurrencyExtras' in project 'swift-concurrency-extras'
    Target 'ConcurrencyExtras' in project 'swift-concurrency-extras' (no dependencies)
    Target 'WhisperKit' in project 'whisperkit'
        ➜ Explicit dependency on target 'WhisperKit' in project 'whisperkit'
        ➜ Explicit dependency on target 'Transformers' in project 'swift-transformers'
    Target 'WhisperKit' in project 'whisperkit'
        ➜ Explicit dependency on target 'Transformers' in project 'swift-transformers'
    Target 'Transformers' in project 'swift-transformers'
        ➜ Explicit dependency on target 'Tokenizers' in project 'swift-transformers'
        ➜ Explicit dependency on target 'Generation' in project 'swift-transformers'
        ➜ Explicit dependency on target 'Models' in project 'swift-transformers'
        ➜ Explicit dependency on target 'Hub' in project 'swift-transformers'
        ➜ Explicit dependency on target 'TensorUtils' in project 'swift-transformers'
        ➜ Explicit dependency on target 'Jinja' in project 'Jinja'
    Target 'Models' in project 'swift-transformers'
        ➜ Explicit dependency on target 'Hub' in project 'swift-transformers'
        ➜ Explicit dependency on target 'Tokenizers' in project 'swift-transformers'
        ➜ Explicit dependency on target 'TensorUtils' in project 'swift-transformers'
        ➜ Explicit dependency on target 'Generation' in project 'swift-transformers'
        ➜ Explicit dependency on target 'Jinja' in project 'Jinja'
    Target 'Generation' in project 'swift-transformers'
        ➜ Explicit dependency on target 'Hub' in project 'swift-transformers'
        ➜ Explicit dependency on target 'Tokenizers' in project 'swift-transformers'
        ➜ Explicit dependency on target 'TensorUtils' in project 'swift-transformers'
        ➜ Explicit dependency on target 'Jinja' in project 'Jinja'
    Target 'TensorUtils' in project 'swift-transformers' (no dependencies)
    Target 'Tokenizers' in project 'swift-transformers'
        ➜ Explicit dependency on target 'Hub' in project 'swift-transformers'
        ➜ Explicit dependency on target 'Jinja' in project 'Jinja'
    Target 'Jinja' in project 'Jinja'
        ➜ Explicit dependency on target 'Jinja' in project 'Jinja'
        ➜ Explicit dependency on target 'OrderedCollections' in project 'swift-collections'
    Target 'Jinja' in project 'Jinja'
        ➜ Explicit dependency on target 'OrderedCollections' in project 'swift-collections'
    Target 'OrderedCollections' in project 'swift-collections'
        ➜ Explicit dependency on target 'OrderedCollections' in project 'swift-collections'
        ➜ Explicit dependency on target 'InternalCollectionsUtilities' in project 'swift-collections'
    Target 'OrderedCollections' in project 'swift-collections'
        ➜ Explicit dependency on target 'InternalCollectionsUtilities' in project 'swift-collections'
    Target 'InternalCollectionsUtilities' in project 'swift-collections' (no dependencies)
    Target 'Hub' in project 'swift-transformers'
        ➜ Explicit dependency on target 'swift-transformers_Hub' in project 'swift-transformers'
    Target 'swift-transformers_Hub' in project 'swift-transformers' (no dependencies)
    Target 'Sparkle' in project 'Sparkle' (no dependencies)

GatherProvisioningInputs

CreateBuildDescription

ExecuteExternalTool /Applications/Xcode.app/Contents/Developer/Toolchains/XcodeDefault.xctoolchain/usr/bin/swiftc --version

ExecuteExternalTool /Applications/Xcode.app/Contents/Developer/Toolchains/XcodeDefault.xctoolchain/usr/bin/clang -v -E -dM -arch arm64 -isysroot /Applications/Xcode.app/Contents/Developer/Platforms/MacOSX.platform/Developer/SDKs/MacOSX15.5.sdk -x c -c /dev/null

ExecuteExternalTool /Applications/Xcode.app/Contents/Developer/usr/bin/actool --version --output-format xml1

ExecuteExternalTool /Applications/Xcode.app/Contents/Developer/Toolchains/XcodeDefault.xctoolchain/usr/bin/clang -v -E -dM -arch arm64 -isysroot /Applications/Xcode.app/Contents/Developer/Platforms/MacOSX.platform/Developer/SDKs/MacOSX15.5.sdk -x objective-c -c /dev/null

ExecuteExternalTool /Applications/Xcode.app/Contents/Developer/usr/bin/xcstringstool compile --dry-run --output-directory /Users/john/Library/Developer/Xcode/DerivedData/Vocorize-cnefnagdjqmlytftciomotnxheit/Build/Intermediates.noindex/Vocorize.build/Debug/Vocorize.build /Users/john/repos/vocorize-app/Localizable.xcstrings

ExecuteExternalTool /Applications/Xcode.app/Contents/Developer/Toolchains/XcodeDefault.xctoolchain/usr/bin/clang -v -E -dM -isysroot /Applications/Xcode.app/Contents/Developer/Platforms/MacOSX.platform/Developer/SDKs/MacOSX15.5.sdk -x c -c /dev/null

ExecuteExternalTool /Applications/Xcode.app/Contents/Developer/Toolchains/XcodeDefault.xctoolchain/usr/bin/ld -version_details

ReadFileContents /Applications/Xcode.app/Contents/Developer/Toolchains/XcodeDefault.xctoolchain/usr/share/docc/features.json

Build description signature: 30936b951ee9b6e049e228179a3f5d38
Build description path: /Users/john/Library/Developer/Xcode/DerivedData/Vocorize-cnefnagdjqmlytftciomotnxheit/Build/Intermediates.noindex/XCBuildData/30936b951ee9b6e049e228179a3f5d38.xcbuilddata
ClangStatCache /Applications/Xcode.app/Contents/Developer/Toolchains/XcodeDefault.xctoolchain/usr/bin/clang-stat-cache /Applications/Xcode.app/Contents/Developer/Platforms/MacOSX.platform/Developer/SDKs/MacOSX15.5.sdk /Users/john/Library/Developer/Xcode/DerivedData/SDKStatCaches.noindex/macosx15.5-24F74-8254517eb8b97d462ccbc072ba9094c9.sdkstatcache
    cd /Users/john/repos/vocorize-app/Vocorize.xcodeproj
    /Applications/Xcode.app/Contents/Developer/Toolchains/XcodeDefault.xctoolchain/usr/bin/clang-stat-cache /Applications/Xcode.app/Contents/Developer/Platforms/MacOSX.platform/Developer/SDKs/MacOSX15.5.sdk -o /Users/john/Library/Developer/Xcode/DerivedData/SDKStatCaches.noindex/macosx15.5-24F74-8254517eb8b97d462ccbc072ba9094c9.sdkstatcache

ProcessInfoPlistFile /Users/john/Library/Developer/Xcode/DerivedData/Vocorize-cnefnagdjqmlytftciomotnxheit/Build/Products/Debug/swift-transformers_Hub.bundle/Contents/Info.plist /Users/john/Library/Developer/Xcode/DerivedData/Vocorize-cnefnagdjqmlytftciomotnxheit/Build/Intermediates.noindex/swift-transformers.build/Debug/swift-transformers_Hub.build/empty-swift-transformers_Hub.plist (in target 'swift-transformers_Hub' from project 'swift-transformers')
    cd /Users/john/Library/Developer/Xcode/DerivedData/Vocorize-cnefnagdjqmlytftciomotnxheit/SourcePackages/checkouts/swift-transformers
    builtin-infoPlistUtility /Users/john/Library/Developer/Xcode/DerivedData/Vocorize-cnefnagdjqmlytftciomotnxheit/Build/Intermediates.noindex/swift-transformers.build/Debug/swift-transformers_Hub.build/empty-swift-transformers_Hub.plist -producttype com.apple.product-type.bundle -expandbuildsettings -platform macosx -o /Users/john/Library/Developer/Xcode/DerivedData/Vocorize-cnefnagdjqmlytftciomotnxheit/Build/Products/Debug/swift-transformers_Hub.bundle/Contents/Info.plist

ProcessInfoPlistFile /Users/john/Library/Developer/Xcode/DerivedData/Vocorize-cnefnagdjqmlytftciomotnxheit/Build/Products/Debug/swift-sharing_Sharing.bundle/Contents/Info.plist /Users/john/Library/Developer/Xcode/DerivedData/Vocorize-cnefnagdjqmlytftciomotnxheit/Build/Intermediates.noindex/swift-sharing.build/Debug/swift-sharing_Sharing.build/empty-swift-sharing_Sharing.plist (in target 'swift-sharing_Sharing' from project 'swift-sharing')
    cd /Users/john/Library/Developer/Xcode/DerivedData/Vocorize-cnefnagdjqmlytftciomotnxheit/SourcePackages/checkouts/swift-sharing
    builtin-infoPlistUtility /Users/john/Library/Developer/Xcode/DerivedData/Vocorize-cnefnagdjqmlytftciomotnxheit/Build/Intermediates.noindex/swift-sharing.build/Debug/swift-sharing_Sharing.build/empty-swift-sharing_Sharing.plist -producttype com.apple.product-type.bundle -expandbuildsettings -platform macosx -o /Users/john/Library/Developer/Xcode/DerivedData/Vocorize-cnefnagdjqmlytftciomotnxheit/Build/Products/Debug/swift-sharing_Sharing.bundle/Contents/Info.plist

ProcessInfoPlistFile /Users/john/Library/Developer/Xcode/DerivedData/Vocorize-cnefnagdjqmlytftciomotnxheit/Build/Products/Debug/swift-composable-architecture_ComposableArchitecture.bundle/Contents/Info.plist /Users/john/Library/Developer/Xcode/DerivedData/Vocorize-cnefnagdjqmlytftciomotnxheit/Build/Intermediates.noindex/swift-composable-architecture.build/Debug/swift-composable-architecture_ComposableArchitecture.build/empty-swift-composable-architecture_ComposableArchitecture.plist (in target 'swift-composable-architecture_ComposableArchitecture' from project 'swift-composable-architecture')
    cd /Users/john/Library/Developer/Xcode/DerivedData/Vocorize-cnefnagdjqmlytftciomotnxheit/SourcePackages/checkouts/swift-composable-architecture
    builtin-infoPlistUtility /Users/john/Library/Developer/Xcode/DerivedData/Vocorize-cnefnagdjqmlytftciomotnxheit/Build/Intermediates.noindex/swift-composable-architecture.build/Debug/swift-composable-architecture_ComposableArchitecture.build/empty-swift-composable-architecture_ComposableArchitecture.plist -producttype com.apple.product-type.bundle -expandbuildsettings -platform macosx -o /Users/john/Library/Developer/Xcode/DerivedData/Vocorize-cnefnagdjqmlytftciomotnxheit/Build/Products/Debug/swift-composable-architecture_ComposableArchitecture.bundle/Contents/Info.plist

SwiftDriver UIKitNavigation normal arm64 com.apple.xcode.tools.swift.compiler (in target 'UIKitNavigation' from project 'swift-navigation')
    cd /Users/john/repos/vocorize-app/Vocorize.xcodeproj
    builtin-SwiftDriver -- /Applications/Xcode.app/Contents/Developer/Toolchains/XcodeDefault.xctoolchain/usr/bin/swiftc -module-name UIKitNavigation -Onone -enforce-exclusivity\=checked @/Users/john/Library/Developer/Xcode/DerivedData/Vocorize-cnefnagdjqmlytftciomotnxheit/Build/Intermediates.noindex/swift-navigation.build/Debug/UIKitNavigation.build/Objects-normal/arm64/UIKitNavigation.SwiftFileList -DSWIFT_PACKAGE -DDEBUG -Xcc -fmodule-map-file\=/Users/john/Library/Developer/Xcode/DerivedData/Vocorize-cnefnagdjqmlytftciomotnxheit/Build/Intermediates.noindex/GeneratedModuleMaps/UIKitNavigationShim.modulemap -DXcode -plugin-path /Applications/Xcode.app/Contents/Developer/Toolchains/XcodeDefault.xctoolchain/usr/lib/swift/host/plugins/testing -enable-experimental-feature DebugDescriptionMacro -sdk /Applications/Xcode.app/Contents/Developer/Platforms/MacOSX.platform/Developer/SDKs/MacOSX15.5.sdk -target arm64-apple-macos10.15 -g -module-cache-path /Users/john/Library/Developer/Xcode/DerivedData/ModuleCache.noindex -Xfrontend -serialize-debugging-options -profile-coverage-mapping -profile-generate -enable-testing -suppress-warnings -index-store-path /Users/john/Library/Developer/Xcode/DerivedData/Vocorize-cnefnagdjqmlytftciomotnxheit/Index.noindex/DataStore -swift-version 6 -I /Users/john/Library/Developer/Xcode/DerivedData/Vocorize-cnefnagdjqmlytftciomotnxheit/Build/Products/Debug -I /Applications/Xcode.app/Contents/Developer/Platforms/MacOSX.platform/Developer/usr/lib -F /Users/john/Library/Developer/Xcode/DerivedData/Vocorize-cnefnagdjqmlytftciomotnxheit/Build/Products/Debug/PackageFrameworks -F /Users/john/Library/Developer/Xcode/DerivedData/Vocorize-cnefnagdjqmlytftciomotnxheit/Build/Products/Debug/PackageFrameworks -F /Users/john/Library/Developer/Xcode/DerivedData/Vocorize-cnefnagdjqmlytftciomotnxheit/Build/Products/Debug/PackageFrameworks -F /Users/john/Library/Developer/Xcode/DerivedData/Vocorize-cnefnagdjqmlytftciomotnxheit/Build/Products/Debug/PackageFrameworks -F /Users/john/Library/Developer/Xcode/DerivedData/Vocorize-cnefnagdjqmlytftciomotnxheit/Build/Products/Debug/PackageFrameworks -F /Users/john/Library/Developer/Xcode/DerivedData/Vocorize-cnefnagdjqmlytftciomotnxheit/Build/Products/Debug/PackageFrameworks -F /Users/john/Library/Developer/Xcode/DerivedData/Vocorize-cnefnagdjqmlytftciomotnxheit/Build/Products/Debug/PackageFrameworks -F /Users/john/Library/Developer/Xcode/DerivedData/Vocorize-cnefnagdjqmlytftciomotnxheit/Build/Products/Debug/PackageFrameworks -F /Users/john/Library/Developer/Xcode/DerivedData/Vocorize-cnefnagdjqmlytftciomotnxheit/Build/Products/Debug/PackageFrameworks -F /Users/john/Library/Developer/Xcode/DerivedData/Vocorize-cnefnagdjqmlytftciomotnxheit/Build/Products/Debug/PackageFrameworks -F /Users/john/Library/Developer/Xcode/DerivedData/Vocorize-cnefnagdjqmlytftciomotnxheit/Build/Products/Debug/PackageFrameworks -F /Users/john/Library/Developer/Xcode/DerivedData/Vocorize-cnefnagdjqmlytftciomotnxheit/Build/Products/Debug/PackageFrameworks -F /Users/john/Library/Developer/Xcode/DerivedData/Vocorize-cnefnagdjqmlytftciomotnxheit/Build/Products/Debug -F /Applications/Xcode.app/Contents/Developer/Platforms/MacOSX.platform/Developer/Library/Frameworks -Xfrontend -load-plugin-executable -Xfrontend /Users/john/Library/Developer/Xcode/DerivedData/Vocorize-cnefnagdjqmlytftciomotnxheit/Build/Products/Debug/CasePathsMacros\#CasePathsMacros -Xfrontend -load-plugin-executable -Xfrontend /Users/john/Library/Developer/Xcode/DerivedData/Vocorize-cnefnagdjqmlytftciomotnxheit/Build/Products/Debug/PerceptionMacros\#PerceptionMacros -c -j12 -enable-batch-mode -incremental -Xcc -ivfsstatcache -Xcc /Users/john/Library/Developer/Xcode/DerivedData/SDKStatCaches.noindex/macosx15.5-24F74-8254517eb8b97d462ccbc072ba9094c9.sdkstatcache -output-file-map /Users/john/Library/Developer/Xcode/DerivedData/Vocorize-cnefnagdjqmlytftciomotnxheit/Build/Intermediates.noindex/swift-navigation.build/Debug/UIKitNavigation.build/Objects-normal/arm64/UIKitNavigation-OutputFileMap.json -use-frontend-parseable-output -save-temps -no-color-diagnostics -serialize-diagnostics -emit-dependencies -emit-module -emit-module-path /Users/john/Library/Developer/Xcode/DerivedData/Vocorize-cnefnagdjqmlytftciomotnxheit/Build/Intermediates.noindex/swift-navigation.build/Debug/UIKitNavigation.build/Objects-normal/arm64/UIKitNavigation.swiftmodule -user-module-version 2.3.1 -validate-clang-modules-once -clang-build-session-file /Users/john/Library/Developer/Xcode/DerivedData/ModuleCache.noindex/Session.modulevalidation -package-name swift_navigation -Xcc -I/Users/john/Library/Developer/Xcode/DerivedData/Vocorize-cnefnagdjqmlytftciomotnxheit/Build/Intermediates.noindex/swift-navigation.build/Debug/UIKitNavigation.build/swift-overrides.hmap -emit-const-values -Xfrontend -const-gather-protocols-file -Xfrontend /Users/john/Library/Developer/Xcode/DerivedData/Vocorize-cnefnagdjqmlytftciomotnxheit/Build/Intermediates.noindex/swift-navigation.build/Debug/UIKitNavigation.build/Objects-normal/arm64/UIKitNavigation_const_extract_protocols.json -Xcc -I/Users/john/Library/Developer/Xcode/DerivedData/Vocorize-cnefnagdjqmlytftciomotnxheit/SourcePackages/checkouts/swift-navigation/Sources/UIKitNavigationShim/include -Xcc -I/Users/john/Library/Developer/Xcode/DerivedData/Vocorize-cnefnagdjqmlytftciomotnxheit/Build/Products/Debug/include -Xcc -I/Users/john/Library/Developer/Xcode/DerivedData/Vocorize-cnefnagdjqmlytftciomotnxheit/Build/Intermediates.noindex/swift-navigation.build/Debug/UIKitNavigation.build/DerivedSources-normal/arm64 -Xcc -I/Users/john/Library/Developer/Xcode/DerivedData/Vocorize-cnefnagdjqmlytftciomotnxheit/Build/Intermediates.noindex/swift-navigation.build/Debug/UIKitNavigation.build/DerivedSources/arm64 -Xcc -I/Users/john/Library/Developer/Xcode/DerivedData/Vocorize-cnefnagdjqmlytftciomotnxheit/Build/Intermediates.noindex/swift-navigation.build/Debug/UIKitNavigation.build/DerivedSources -Xcc -DSWIFT_PACKAGE -Xcc -DDEBUG\=1 -emit-objc-header -emit-objc-header-path /Users/john/Library/Developer/Xcode/DerivedData/Vocorize-cnefnagdjqmlytftciomotnxheit/Build/Intermediates.noindex/swift-navigation.build/Debug/UIKitNavigation.build/Objects-normal/arm64/UIKitNavigation-Swift.h -working-directory /Users/john/repos/vocorize-app/Vocorize.xcodeproj -experimental-emit-module-separately -disable-cmo

WriteAuxiliaryFile /Users/john/Library/Developer/Xcode/DerivedData/Vocorize-cnefnagdjqmlytftciomotnxheit/Build/Intermediates.noindex/Vocorize.build/Debug/Vocorize.build/Objects-normal/arm64/Vocorize.SwiftFileList (in target 'Vocorize' from project 'Vocorize')
    cd /Users/john/repos/vocorize-app
    write-file /Users/john/Library/Developer/Xcode/DerivedData/Vocorize-cnefnagdjqmlytftciomotnxheit/Build/Intermediates.noindex/Vocorize.build/Debug/Vocorize.build/Objects-normal/arm64/Vocorize.SwiftFileList

WriteAuxiliaryFile /Users/john/Library/Developer/Xcode/DerivedData/Vocorize-cnefnagdjqmlytftciomotnxheit/Build/Intermediates.noindex/Vocorize.build/Debug/Vocorize.build/Objects-normal/arm64/Vocorize.LinkFileList (in target 'Vocorize' from project 'Vocorize')
    cd /Users/john/repos/vocorize-app
    write-file /Users/john/Library/Developer/Xcode/DerivedData/Vocorize-cnefnagdjqmlytftciomotnxheit/Build/Intermediates.noindex/Vocorize.build/Debug/Vocorize.build/Objects-normal/arm64/Vocorize.LinkFileList

WriteAuxiliaryFile /Users/john/Library/Developer/Xcode/DerivedData/Vocorize-cnefnagdjqmlytftciomotnxheit/Build/Intermediates.noindex/Vocorize.build/Debug/Vocorize.build/Objects-normal/arm64/Vocorize.SwiftConstValuesFileList (in target 'Vocorize' from project 'Vocorize')
    cd /Users/john/repos/vocorize-app
    write-file /Users/john/Library/Developer/Xcode/DerivedData/Vocorize-cnefnagdjqmlytftciomotnxheit/Build/Intermediates.noindex/Vocorize.build/Debug/Vocorize.build/Objects-normal/arm64/Vocorize.SwiftConstValuesFileList

WriteAuxiliaryFile /Users/john/Library/Developer/Xcode/DerivedData/Vocorize-cnefnagdjqmlytftciomotnxheit/Build/Intermediates.noindex/Vocorize.build/Debug/VocorizeTests.build/Objects-normal/arm64/VocorizeTests.SwiftFileList (in target 'VocorizeTests' from project 'Vocorize')
    cd /Users/john/repos/vocorize-app
    write-file /Users/john/Library/Developer/Xcode/DerivedData/Vocorize-cnefnagdjqmlytftciomotnxheit/Build/Intermediates.noindex/Vocorize.build/Debug/VocorizeTests.build/Objects-normal/arm64/VocorizeTests.SwiftFileList

WriteAuxiliaryFile /Users/john/Library/Developer/Xcode/DerivedData/Vocorize-cnefnagdjqmlytftciomotnxheit/Build/Intermediates.noindex/Vocorize.build/Debug/VocorizeTests.build/Objects-normal/arm64/VocorizeTests.LinkFileList (in target 'VocorizeTests' from project 'Vocorize')
    cd /Users/john/repos/vocorize-app
    write-file /Users/john/Library/Developer/Xcode/DerivedData/Vocorize-cnefnagdjqmlytftciomotnxheit/Build/Intermediates.noindex/Vocorize.build/Debug/VocorizeTests.build/Objects-normal/arm64/VocorizeTests.LinkFileList

WriteAuxiliaryFile /Users/john/Library/Developer/Xcode/DerivedData/Vocorize-cnefnagdjqmlytftciomotnxheit/Build/Intermediates.noindex/Vocorize.build/Debug/VocorizeTests.build/Objects-normal/arm64/VocorizeTests.SwiftConstValuesFileList (in target 'VocorizeTests' from project 'Vocorize')
    cd /Users/john/repos/vocorize-app
    write-file /Users/john/Library/Developer/Xcode/DerivedData/Vocorize-cnefnagdjqmlytftciomotnxheit/Build/Intermediates.noindex/Vocorize.build/Debug/VocorizeTests.build/Objects-normal/arm64/VocorizeTests.SwiftConstValuesFileList

ProcessInfoPlistFile /Users/john/Library/Developer/Xcode/DerivedData/Vocorize-cnefnagdjqmlytftciomotnxheit/Build/Products/Debug/Pow_Pow.bundle/Contents/Info.plist /Users/john/Library/Developer/Xcode/DerivedData/Vocorize-cnefnagdjqmlytftciomotnxheit/Build/Intermediates.noindex/Pow.build/Debug/Pow_Pow.build/empty-Pow_Pow.plist (in target 'Pow_Pow' from project 'Pow')
    cd /Users/john/Library/Developer/Xcode/DerivedData/Vocorize-cnefnagdjqmlytftciomotnxheit/SourcePackages/checkouts/Pow
    builtin-infoPlistUtility /Users/john/Library/Developer/Xcode/DerivedData/Vocorize-cnefnagdjqmlytftciomotnxheit/Build/Intermediates.noindex/Pow.build/Debug/Pow_Pow.build/empty-Pow_Pow.plist -producttype com.apple.product-type.bundle -expandbuildsettings -platform macosx -additionalcontentfile /Users/john/Library/Developer/Xcode/DerivedData/Vocorize-cnefnagdjqmlytftciomotnxheit/Build/Intermediates.noindex/Pow.build/Debug/Pow_Pow.build/assetcatalog_generated_info.plist -o /Users/john/Library/Developer/Xcode/DerivedData/Vocorize-cnefnagdjqmlytftciomotnxheit/Build/Products/Debug/Pow_Pow.bundle/Contents/Info.plist

SwiftDriver\ Compilation\ Requirements UIKitNavigation normal arm64 com.apple.xcode.tools.swift.compiler (in target 'UIKitNavigation' from project 'swift-navigation')
    cd /Users/john/repos/vocorize-app/Vocorize.xcodeproj
    builtin-Swift-Compilation-Requirements -- /Applications/Xcode.app/Contents/Developer/Toolchains/XcodeDefault.xctoolchain/usr/bin/swiftc -module-name UIKitNavigation -Onone -enforce-exclusivity\=checked @/Users/john/Library/Developer/Xcode/DerivedData/Vocorize-cnefnagdjqmlytftciomotnxheit/Build/Intermediates.noindex/swift-navigation.build/Debug/UIKitNavigation.build/Objects-normal/arm64/UIKitNavigation.SwiftFileList -DSWIFT_PACKAGE -DDEBUG -Xcc -fmodule-map-file\=/Users/john/Library/Developer/Xcode/DerivedData/Vocorize-cnefnagdjqmlytftciomotnxheit/Build/Intermediates.noindex/GeneratedModuleMaps/UIKitNavigationShim.modulemap -DXcode -plugin-path /Applications/Xcode.app/Contents/Developer/Toolchains/XcodeDefault.xctoolchain/usr/lib/swift/host/plugins/testing -enable-experimental-feature DebugDescriptionMacro -sdk /Applications/Xcode.app/Contents/Developer/Platforms/MacOSX.platform/Developer/SDKs/MacOSX15.5.sdk -target arm64-apple-macos10.15 -g -module-cache-path /Users/john/Library/Developer/Xcode/DerivedData/ModuleCache.noindex -Xfrontend -serialize-debugging-options -profile-coverage-mapping -profile-generate -enable-testing -suppress-warnings -index-store-path /Users/john/Library/Developer/Xcode/DerivedData/Vocorize-cnefnagdjqmlytftciomotnxheit/Index.noindex/DataStore -swift-version 6 -I /Users/john/Library/Developer/Xcode/DerivedData/Vocorize-cnefnagdjqmlytftciomotnxheit/Build/Products/Debug -I /Applications/Xcode.app/Contents/Developer/Platforms/MacOSX.platform/Developer/usr/lib -F /Users/john/Library/Developer/Xcode/DerivedData/Vocorize-cnefnagdjqmlytftciomotnxheit/Build/Products/Debug/PackageFrameworks -F /Users/john/Library/Developer/Xcode/DerivedData/Vocorize-cnefnagdjqmlytftciomotnxheit/Build/Products/Debug/PackageFrameworks -F /Users/john/Library/Developer/Xcode/DerivedData/Vocorize-cnefnagdjqmlytftciomotnxheit/Build/Products/Debug/PackageFrameworks -F /Users/john/Library/Developer/Xcode/DerivedData/Vocorize-cnefnagdjqmlytftciomotnxheit/Build/Products/Debug/PackageFrameworks -F /Users/john/Library/Developer/Xcode/DerivedData/Vocorize-cnefnagdjqmlytftciomotnxheit/Build/Products/Debug/PackageFrameworks -F /Users/john/Library/Developer/Xcode/DerivedData/Vocorize-cnefnagdjqmlytftciomotnxheit/Build/Products/Debug/PackageFrameworks -F /Users/john/Library/Developer/Xcode/DerivedData/Vocorize-cnefnagdjqmlytftciomotnxheit/Build/Products/Debug/PackageFrameworks -F /Users/john/Library/Developer/Xcode/DerivedData/Vocorize-cnefnagdjqmlytftciomotnxheit/Build/Products/Debug/PackageFrameworks -F /Users/john/Library/Developer/Xcode/DerivedData/Vocorize-cnefnagdjqmlytftciomotnxheit/Build/Products/Debug/PackageFrameworks -F /Users/john/Library/Developer/Xcode/DerivedData/Vocorize-cnefnagdjqmlytftciomotnxheit/Build/Products/Debug/PackageFrameworks -F /Users/john/Library/Developer/Xcode/DerivedData/Vocorize-cnefnagdjqmlytftciomotnxheit/Build/Products/Debug/PackageFrameworks -F /Users/john/Library/Developer/Xcode/DerivedData/Vocorize-cnefnagdjqmlytftciomotnxheit/Build/Products/Debug/PackageFrameworks -F /Users/john/Library/Developer/Xcode/DerivedData/Vocorize-cnefnagdjqmlytftciomotnxheit/Build/Products/Debug -F /Applications/Xcode.app/Contents/Developer/Platforms/MacOSX.platform/Developer/Library/Frameworks -Xfrontend -load-plugin-executable -Xfrontend /Users/john/Library/Developer/Xcode/DerivedData/Vocorize-cnefnagdjqmlytftciomotnxheit/Build/Products/Debug/CasePathsMacros\#CasePathsMacros -Xfrontend -load-plugin-executable -Xfrontend /Users/john/Library/Developer/Xcode/DerivedData/Vocorize-cnefnagdjqmlytftciomotnxheit/Build/Products/Debug/PerceptionMacros\#PerceptionMacros -c -j12 -enable-batch-mode -incremental -Xcc -ivfsstatcache -Xcc /Users/john/Library/Developer/Xcode/DerivedData/SDKStatCaches.noindex/macosx15.5-24F74-8254517eb8b97d462ccbc072ba9094c9.sdkstatcache -output-file-map /Users/john/Library/Developer/Xcode/DerivedData/Vocorize-cnefnagdjqmlytftciomotnxheit/Build/Intermediates.noindex/swift-navigation.build/Debug/UIKitNavigation.build/Objects-normal/arm64/UIKitNavigation-OutputFileMap.json -use-frontend-parseable-output -save-temps -no-color-diagnostics -serialize-diagnostics -emit-dependencies -emit-module -emit-module-path /Users/john/Library/Developer/Xcode/DerivedData/Vocorize-cnefnagdjqmlytftciomotnxheit/Build/Intermediates.noindex/swift-navigation.build/Debug/UIKitNavigation.build/Objects-normal/arm64/UIKitNavigation.swiftmodule -user-module-version 2.3.1 -validate-clang-modules-once -clang-build-session-file /Users/john/Library/Developer/Xcode/DerivedData/ModuleCache.noindex/Session.modulevalidation -package-name swift_navigation -Xcc -I/Users/john/Library/Developer/Xcode/DerivedData/Vocorize-cnefnagdjqmlytftciomotnxheit/Build/Intermediates.noindex/swift-navigation.build/Debug/UIKitNavigation.build/swift-overrides.hmap -emit-const-values -Xfrontend -const-gather-protocols-file -Xfrontend /Users/john/Library/Developer/Xcode/DerivedData/Vocorize-cnefnagdjqmlytftciomotnxheit/Build/Intermediates.noindex/swift-navigation.build/Debug/UIKitNavigation.build/Objects-normal/arm64/UIKitNavigation_const_extract_protocols.json -Xcc -I/Users/john/Library/Developer/Xcode/DerivedData/Vocorize-cnefnagdjqmlytftciomotnxheit/SourcePackages/checkouts/swift-navigation/Sources/UIKitNavigationShim/include -Xcc -I/Users/john/Library/Developer/Xcode/DerivedData/Vocorize-cnefnagdjqmlytftciomotnxheit/Build/Products/Debug/include -Xcc -I/Users/john/Library/Developer/Xcode/DerivedData/Vocorize-cnefnagdjqmlytftciomotnxheit/Build/Intermediates.noindex/swift-navigation.build/Debug/UIKitNavigation.build/DerivedSources-normal/arm64 -Xcc -I/Users/john/Library/Developer/Xcode/DerivedData/Vocorize-cnefnagdjqmlytftciomotnxheit/Build/Intermediates.noindex/swift-navigation.build/Debug/UIKitNavigation.build/DerivedSources/arm64 -Xcc -I/Users/john/Library/Developer/Xcode/DerivedData/Vocorize-cnefnagdjqmlytftciomotnxheit/Build/Intermediates.noindex/swift-navigation.build/Debug/UIKitNavigation.build/DerivedSources -Xcc -DSWIFT_PACKAGE -Xcc -DDEBUG\=1 -emit-objc-header -emit-objc-header-path /Users/john/Library/Developer/Xcode/DerivedData/Vocorize-cnefnagdjqmlytftciomotnxheit/Build/Intermediates.noindex/swift-navigation.build/Debug/UIKitNavigation.build/Objects-normal/arm64/UIKitNavigation-Swift.h -working-directory /Users/john/repos/vocorize-app/Vocorize.xcodeproj -experimental-emit-module-separately -disable-cmo

SwiftDriver\ Compilation UIKitNavigation normal arm64 com.apple.xcode.tools.swift.compiler (in target 'UIKitNavigation' from project 'swift-navigation')
    cd /Users/john/repos/vocorize-app/Vocorize.xcodeproj
    builtin-Swift-Compilation -- /Applications/Xcode.app/Contents/Developer/Toolchains/XcodeDefault.xctoolchain/usr/bin/swiftc -module-name UIKitNavigation -Onone -enforce-exclusivity\=checked @/Users/john/Library/Developer/Xcode/DerivedData/Vocorize-cnefnagdjqmlytftciomotnxheit/Build/Intermediates.noindex/swift-navigation.build/Debug/UIKitNavigation.build/Objects-normal/arm64/UIKitNavigation.SwiftFileList -DSWIFT_PACKAGE -DDEBUG -Xcc -fmodule-map-file\=/Users/john/Library/Developer/Xcode/DerivedData/Vocorize-cnefnagdjqmlytftciomotnxheit/Build/Intermediates.noindex/GeneratedModuleMaps/UIKitNavigationShim.modulemap -DXcode -plugin-path /Applications/Xcode.app/Contents/Developer/Toolchains/XcodeDefault.xctoolchain/usr/lib/swift/host/plugins/testing -enable-experimental-feature DebugDescriptionMacro -sdk /Applications/Xcode.app/Contents/Developer/Platforms/MacOSX.platform/Developer/SDKs/MacOSX15.5.sdk -target arm64-apple-macos10.15 -g -module-cache-path /Users/john/Library/Developer/Xcode/DerivedData/ModuleCache.noindex -Xfrontend -serialize-debugging-options -profile-coverage-mapping -profile-generate -enable-testing -suppress-warnings -index-store-path /Users/john/Library/Developer/Xcode/DerivedData/Vocorize-cnefnagdjqmlytftciomotnxheit/Index.noindex/DataStore -swift-version 6 -I /Users/john/Library/Developer/Xcode/DerivedData/Vocorize-cnefnagdjqmlytftciomotnxheit/Build/Products/Debug -I /Applications/Xcode.app/Contents/Developer/Platforms/MacOSX.platform/Developer/usr/lib -F /Users/john/Library/Developer/Xcode/DerivedData/Vocorize-cnefnagdjqmlytftciomotnxheit/Build/Products/Debug/PackageFrameworks -F /Users/john/Library/Developer/Xcode/DerivedData/Vocorize-cnefnagdjqmlytftciomotnxheit/Build/Products/Debug/PackageFrameworks -F /Users/john/Library/Developer/Xcode/DerivedData/Vocorize-cnefnagdjqmlytftciomotnxheit/Build/Products/Debug/PackageFrameworks -F /Users/john/Library/Developer/Xcode/DerivedData/Vocorize-cnefnagdjqmlytftciomotnxheit/Build/Products/Debug/PackageFrameworks -F /Users/john/Library/Developer/Xcode/DerivedData/Vocorize-cnefnagdjqmlytftciomotnxheit/Build/Products/Debug/PackageFrameworks -F /Users/john/Library/Developer/Xcode/DerivedData/Vocorize-cnefnagdjqmlytftciomotnxheit/Build/Products/Debug/PackageFrameworks -F /Users/john/Library/Developer/Xcode/DerivedData/Vocorize-cnefnagdjqmlytftciomotnxheit/Build/Products/Debug/PackageFrameworks -F /Users/john/Library/Developer/Xcode/DerivedData/Vocorize-cnefnagdjqmlytftciomotnxheit/Build/Products/Debug/PackageFrameworks -F /Users/john/Library/Developer/Xcode/DerivedData/Vocorize-cnefnagdjqmlytftciomotnxheit/Build/Products/Debug/PackageFrameworks -F /Users/john/Library/Developer/Xcode/DerivedData/Vocorize-cnefnagdjqmlytftciomotnxheit/Build/Products/Debug/PackageFrameworks -F /Users/john/Library/Developer/Xcode/DerivedData/Vocorize-cnefnagdjqmlytftciomotnxheit/Build/Products/Debug/PackageFrameworks -F /Users/john/Library/Developer/Xcode/DerivedData/Vocorize-cnefnagdjqmlytftciomotnxheit/Build/Products/Debug/PackageFrameworks -F /Users/john/Library/Developer/Xcode/DerivedData/Vocorize-cnefnagdjqmlytftciomotnxheit/Build/Products/Debug -F /Applications/Xcode.app/Contents/Developer/Platforms/MacOSX.platform/Developer/Library/Frameworks -Xfrontend -load-plugin-executable -Xfrontend /Users/john/Library/Developer/Xcode/DerivedData/Vocorize-cnefnagdjqmlytftciomotnxheit/Build/Products/Debug/CasePathsMacros\#CasePathsMacros -Xfrontend -load-plugin-executable -Xfrontend /Users/john/Library/Developer/Xcode/DerivedData/Vocorize-cnefnagdjqmlytftciomotnxheit/Build/Products/Debug/PerceptionMacros\#PerceptionMacros -c -j12 -enable-batch-mode -incremental -Xcc -ivfsstatcache -Xcc /Users/john/Library/Developer/Xcode/DerivedData/SDKStatCaches.noindex/macosx15.5-24F74-8254517eb8b97d462ccbc072ba9094c9.sdkstatcache -output-file-map /Users/john/Library/Developer/Xcode/DerivedData/Vocorize-cnefnagdjqmlytftciomotnxheit/Build/Intermediates.noindex/swift-navigation.build/Debug/UIKitNavigation.build/Objects-normal/arm64/UIKitNavigation-OutputFileMap.json -use-frontend-parseable-output -save-temps -no-color-diagnostics -serialize-diagnostics -emit-dependencies -emit-module -emit-module-path /Users/john/Library/Developer/Xcode/DerivedData/Vocorize-cnefnagdjqmlytftciomotnxheit/Build/Intermediates.noindex/swift-navigation.build/Debug/UIKitNavigation.build/Objects-normal/arm64/UIKitNavigation.swiftmodule -user-module-version 2.3.1 -validate-clang-modules-once -clang-build-session-file /Users/john/Library/Developer/Xcode/DerivedData/ModuleCache.noindex/Session.modulevalidation -package-name swift_navigation -Xcc -I/Users/john/Library/Developer/Xcode/DerivedData/Vocorize-cnefnagdjqmlytftciomotnxheit/Build/Intermediates.noindex/swift-navigation.build/Debug/UIKitNavigation.build/swift-overrides.hmap -emit-const-values -Xfrontend -const-gather-protocols-file -Xfrontend /Users/john/Library/Developer/Xcode/DerivedData/Vocorize-cnefnagdjqmlytftciomotnxheit/Build/Intermediates.noindex/swift-navigation.build/Debug/UIKitNavigation.build/Objects-normal/arm64/UIKitNavigation_const_extract_protocols.json -Xcc -I/Users/john/Library/Developer/Xcode/DerivedData/Vocorize-cnefnagdjqmlytftciomotnxheit/SourcePackages/checkouts/swift-navigation/Sources/UIKitNavigationShim/include -Xcc -I/Users/john/Library/Developer/Xcode/DerivedData/Vocorize-cnefnagdjqmlytftciomotnxheit/Build/Products/Debug/include -Xcc -I/Users/john/Library/Developer/Xcode/DerivedData/Vocorize-cnefnagdjqmlytftciomotnxheit/Build/Intermediates.noindex/swift-navigation.build/Debug/UIKitNavigation.build/DerivedSources-normal/arm64 -Xcc -I/Users/john/Library/Developer/Xcode/DerivedData/Vocorize-cnefnagdjqmlytftciomotnxheit/Build/Intermediates.noindex/swift-navigation.build/Debug/UIKitNavigation.build/DerivedSources/arm64 -Xcc -I/Users/john/Library/Developer/Xcode/DerivedData/Vocorize-cnefnagdjqmlytftciomotnxheit/Build/Intermediates.noindex/swift-navigation.build/Debug/UIKitNavigation.build/DerivedSources -Xcc -DSWIFT_PACKAGE -Xcc -DDEBUG\=1 -emit-objc-header -emit-objc-header-path /Users/john/Library/Developer/Xcode/DerivedData/Vocorize-cnefnagdjqmlytftciomotnxheit/Build/Intermediates.noindex/swift-navigation.build/Debug/UIKitNavigation.build/Objects-normal/arm64/UIKitNavigation-Swift.h -working-directory /Users/john/repos/vocorize-app/Vocorize.xcodeproj -experimental-emit-module-separately -disable-cmo

SwiftDriver SwiftUINavigation normal arm64 com.apple.xcode.tools.swift.compiler (in target 'SwiftUINavigation' from project 'swift-navigation')
    cd /Users/john/repos/vocorize-app/Vocorize.xcodeproj
    builtin-SwiftDriver -- /Applications/Xcode.app/Contents/Developer/Toolchains/XcodeDefault.xctoolchain/usr/bin/swiftc -module-name SwiftUINavigation -Onone -enforce-exclusivity\=checked @/Users/john/Library/Developer/Xcode/DerivedData/Vocorize-cnefnagdjqmlytftciomotnxheit/Build/Intermediates.noindex/swift-navigation.build/Debug/SwiftUINavigation.build/Objects-normal/arm64/SwiftUINavigation.SwiftFileList -DSWIFT_PACKAGE -DDEBUG -Xcc -fmodule-map-file\=/Users/john/Library/Developer/Xcode/DerivedData/Vocorize-cnefnagdjqmlytftciomotnxheit/Build/Intermediates.noindex/GeneratedModuleMaps/UIKitNavigationShim.modulemap -DXcode -plugin-path /Applications/Xcode.app/Contents/Developer/Toolchains/XcodeDefault.xctoolchain/usr/lib/swift/host/plugins/testing -enable-experimental-feature DebugDescriptionMacro -sdk /Applications/Xcode.app/Contents/Developer/Platforms/MacOSX.platform/Developer/SDKs/MacOSX15.5.sdk -target arm64-apple-macos10.15 -g -module-cache-path /Users/john/Library/Developer/Xcode/DerivedData/ModuleCache.noindex -Xfrontend -serialize-debugging-options -profile-coverage-mapping -profile-generate -enable-testing -suppress-warnings -index-store-path /Users/john/Library/Developer/Xcode/DerivedData/Vocorize-cnefnagdjqmlytftciomotnxheit/Index.noindex/DataStore -swift-version 6 -I /Users/john/Library/Developer/Xcode/DerivedData/Vocorize-cnefnagdjqmlytftciomotnxheit/Build/Products/Debug -I /Applications/Xcode.app/Contents/Developer/Platforms/MacOSX.platform/Developer/usr/lib -F /Users/john/Library/Developer/Xcode/DerivedData/Vocorize-cnefnagdjqmlytftciomotnxheit/Build/Products/Debug/PackageFrameworks -F /Users/john/Library/Developer/Xcode/DerivedData/Vocorize-cnefnagdjqmlytftciomotnxheit/Build/Products/Debug/PackageFrameworks -F /Users/john/Library/Developer/Xcode/DerivedData/Vocorize-cnefnagdjqmlytftciomotnxheit/Build/Products/Debug/PackageFrameworks -F /Users/john/Library/Developer/Xcode/DerivedData/Vocorize-cnefnagdjqmlytftciomotnxheit/Build/Products/Debug/PackageFrameworks -F /Users/john/Library/Developer/Xcode/DerivedData/Vocorize-cnefnagdjqmlytftciomotnxheit/Build/Products/Debug/PackageFrameworks -F /Users/john/Library/Developer/Xcode/DerivedData/Vocorize-cnefnagdjqmlytftciomotnxheit/Build/Products/Debug/PackageFrameworks -F /Users/john/Library/Developer/Xcode/DerivedData/Vocorize-cnefnagdjqmlytftciomotnxheit/Build/Products/Debug/PackageFrameworks -F /Users/john/Library/Developer/Xcode/DerivedData/Vocorize-cnefnagdjqmlytftciomotnxheit/Build/Products/Debug/PackageFrameworks -F /Users/john/Library/Developer/Xcode/DerivedData/Vocorize-cnefnagdjqmlytftciomotnxheit/Build/Products/Debug/PackageFrameworks -F /Users/john/Library/Developer/Xcode/DerivedData/Vocorize-cnefnagdjqmlytftciomotnxheit/Build/Products/Debug/PackageFrameworks -F /Users/john/Library/Developer/Xcode/DerivedData/Vocorize-cnefnagdjqmlytftciomotnxheit/Build/Products/Debug/PackageFrameworks -F /Users/john/Library/Developer/Xcode/DerivedData/Vocorize-cnefnagdjqmlytftciomotnxheit/Build/Products/Debug/PackageFrameworks -F /Users/john/Library/Developer/Xcode/DerivedData/Vocorize-cnefnagdjqmlytftciomotnxheit/Build/Products/Debug/PackageFrameworks -F /Users/john/Library/Developer/Xcode/DerivedData/Vocorize-cnefnagdjqmlytftciomotnxheit/Build/Products/Debug -F /Applications/Xcode.app/Contents/Developer/Platforms/MacOSX.platform/Developer/Library/Frameworks -Xfrontend -load-plugin-executable -Xfrontend /Users/john/Library/Developer/Xcode/DerivedData/Vocorize-cnefnagdjqmlytftciomotnxheit/Build/Products/Debug/CasePathsMacros\#CasePathsMacros -Xfrontend -load-plugin-executable -Xfrontend /Users/john/Library/Developer/Xcode/DerivedData/Vocorize-cnefnagdjqmlytftciomotnxheit/Build/Products/Debug/PerceptionMacros\#PerceptionMacros -c -j12 -enable-batch-mode -incremental -Xcc -ivfsstatcache -Xcc /Users/john/Library/Developer/Xcode/DerivedData/SDKStatCaches.noindex/macosx15.5-24F74-8254517eb8b97d462ccbc072ba9094c9.sdkstatcache -output-file-map /Users/john/Library/Developer/Xcode/DerivedData/Vocorize-cnefnagdjqmlytftciomotnxheit/Build/Intermediates.noindex/swift-navigation.build/Debug/SwiftUINavigation.build/Objects-normal/arm64/SwiftUINavigation-OutputFileMap.json -use-frontend-parseable-output -save-temps -no-color-diagnostics -serialize-diagnostics -emit-dependencies -emit-module -emit-module-path /Users/john/Library/Developer/Xcode/DerivedData/Vocorize-cnefnagdjqmlytftciomotnxheit/Build/Intermediates.noindex/swift-navigation.build/Debug/SwiftUINavigation.build/Objects-normal/arm64/SwiftUINavigation.swiftmodule -user-module-version 2.3.1 -validate-clang-modules-once -clang-build-session-file /Users/john/Library/Developer/Xcode/DerivedData/ModuleCache.noindex/Session.modulevalidation -package-name swift_navigation -Xcc -I/Users/john/Library/Developer/Xcode/DerivedData/Vocorize-cnefnagdjqmlytftciomotnxheit/Build/Intermediates.noindex/swift-navigation.build/Debug/SwiftUINavigation.build/swift-overrides.hmap -emit-const-values -Xfrontend -const-gather-protocols-file -Xfrontend /Users/john/Library/Developer/Xcode/DerivedData/Vocorize-cnefnagdjqmlytftciomotnxheit/Build/Intermediates.noindex/swift-navigation.build/Debug/SwiftUINavigation.build/Objects-normal/arm64/SwiftUINavigation_const_extract_protocols.json -Xcc -I/Users/john/Library/Developer/Xcode/DerivedData/Vocorize-cnefnagdjqmlytftciomotnxheit/SourcePackages/checkouts/swift-navigation/Sources/UIKitNavigationShim/include -Xcc -I/Users/john/Library/Developer/Xcode/DerivedData/Vocorize-cnefnagdjqmlytftciomotnxheit/Build/Products/Debug/include -Xcc -I/Users/john/Library/Developer/Xcode/DerivedData/Vocorize-cnefnagdjqmlytftciomotnxheit/Build/Intermediates.noindex/swift-navigation.build/Debug/SwiftUINavigation.build/DerivedSources-normal/arm64 -Xcc -I/Users/john/Library/Developer/Xcode/DerivedData/Vocorize-cnefnagdjqmlytftciomotnxheit/Build/Intermediates.noindex/swift-navigation.build/Debug/SwiftUINavigation.build/DerivedSources/arm64 -Xcc -I/Users/john/Library/Developer/Xcode/DerivedData/Vocorize-cnefnagdjqmlytftciomotnxheit/Build/Intermediates.noindex/swift-navigation.build/Debug/SwiftUINavigation.build/DerivedSources -Xcc -DSWIFT_PACKAGE -Xcc -DDEBUG\=1 -emit-objc-header -emit-objc-header-path /Users/john/Library/Developer/Xcode/DerivedData/Vocorize-cnefnagdjqmlytftciomotnxheit/Build/Intermediates.noindex/swift-navigation.build/Debug/SwiftUINavigation.build/Objects-normal/arm64/SwiftUINavigation-Swift.h -working-directory /Users/john/repos/vocorize-app/Vocorize.xcodeproj -experimental-emit-module-separately -disable-cmo

SwiftDriver\ Compilation\ Requirements SwiftUINavigation normal arm64 com.apple.xcode.tools.swift.compiler (in target 'SwiftUINavigation' from project 'swift-navigation')
    cd /Users/john/repos/vocorize-app/Vocorize.xcodeproj
    builtin-Swift-Compilation-Requirements -- /Applications/Xcode.app/Contents/Developer/Toolchains/XcodeDefault.xctoolchain/usr/bin/swiftc -module-name SwiftUINavigation -Onone -enforce-exclusivity\=checked @/Users/john/Library/Developer/Xcode/DerivedData/Vocorize-cnefnagdjqmlytftciomotnxheit/Build/Intermediates.noindex/swift-navigation.build/Debug/SwiftUINavigation.build/Objects-normal/arm64/SwiftUINavigation.SwiftFileList -DSWIFT_PACKAGE -DDEBUG -Xcc -fmodule-map-file\=/Users/john/Library/Developer/Xcode/DerivedData/Vocorize-cnefnagdjqmlytftciomotnxheit/Build/Intermediates.noindex/GeneratedModuleMaps/UIKitNavigationShim.modulemap -DXcode -plugin-path /Applications/Xcode.app/Contents/Developer/Toolchains/XcodeDefault.xctoolchain/usr/lib/swift/host/plugins/testing -enable-experimental-feature DebugDescriptionMacro -sdk /Applications/Xcode.app/Contents/Developer/Platforms/MacOSX.platform/Developer/SDKs/MacOSX15.5.sdk -target arm64-apple-macos10.15 -g -module-cache-path /Users/john/Library/Developer/Xcode/DerivedData/ModuleCache.noindex -Xfrontend -serialize-debugging-options -profile-coverage-mapping -profile-generate -enable-testing -suppress-warnings -index-store-path /Users/john/Library/Developer/Xcode/DerivedData/Vocorize-cnefnagdjqmlytftciomotnxheit/Index.noindex/DataStore -swift-version 6 -I /Users/john/Library/Developer/Xcode/DerivedData/Vocorize-cnefnagdjqmlytftciomotnxheit/Build/Products/Debug -I /Applications/Xcode.app/Contents/Developer/Platforms/MacOSX.platform/Developer/usr/lib -F /Users/john/Library/Developer/Xcode/DerivedData/Vocorize-cnefnagdjqmlytftciomotnxheit/Build/Products/Debug/PackageFrameworks -F /Users/john/Library/Developer/Xcode/DerivedData/Vocorize-cnefnagdjqmlytftciomotnxheit/Build/Products/Debug/PackageFrameworks -F /Users/john/Library/Developer/Xcode/DerivedData/Vocorize-cnefnagdjqmlytftciomotnxheit/Build/Products/Debug/PackageFrameworks -F /Users/john/Library/Developer/Xcode/DerivedData/Vocorize-cnefnagdjqmlytftciomotnxheit/Build/Products/Debug/PackageFrameworks -F /Users/john/Library/Developer/Xcode/DerivedData/Vocorize-cnefnagdjqmlytftciomotnxheit/Build/Products/Debug/PackageFrameworks -F /Users/john/Library/Developer/Xcode/DerivedData/Vocorize-cnefnagdjqmlytftciomotnxheit/Build/Products/Debug/PackageFrameworks -F /Users/john/Library/Developer/Xcode/DerivedData/Vocorize-cnefnagdjqmlytftciomotnxheit/Build/Products/Debug/PackageFrameworks -F /Users/john/Library/Developer/Xcode/DerivedData/Vocorize-cnefnagdjqmlytftciomotnxheit/Build/Products/Debug/PackageFrameworks -F /Users/john/Library/Developer/Xcode/DerivedData/Vocorize-cnefnagdjqmlytftciomotnxheit/Build/Products/Debug/PackageFrameworks -F /Users/john/Library/Developer/Xcode/DerivedData/Vocorize-cnefnagdjqmlytftciomotnxheit/Build/Products/Debug/PackageFrameworks -F /Users/john/Library/Developer/Xcode/DerivedData/Vocorize-cnefnagdjqmlytftciomotnxheit/Build/Products/Debug/PackageFrameworks -F /Users/john/Library/Developer/Xcode/DerivedData/Vocorize-cnefnagdjqmlytftciomotnxheit/Build/Products/Debug/PackageFrameworks -F /Users/john/Library/Developer/Xcode/DerivedData/Vocorize-cnefnagdjqmlytftciomotnxheit/Build/Products/Debug/PackageFrameworks -F /Users/john/Library/Developer/Xcode/DerivedData/Vocorize-cnefnagdjqmlytftciomotnxheit/Build/Products/Debug -F /Applications/Xcode.app/Contents/Developer/Platforms/MacOSX.platform/Developer/Library/Frameworks -Xfrontend -load-plugin-executable -Xfrontend /Users/john/Library/Developer/Xcode/DerivedData/Vocorize-cnefnagdjqmlytftciomotnxheit/Build/Products/Debug/CasePathsMacros\#CasePathsMacros -Xfrontend -load-plugin-executable -Xfrontend /Users/john/Library/Developer/Xcode/DerivedData/Vocorize-cnefnagdjqmlytftciomotnxheit/Build/Products/Debug/PerceptionMacros\#PerceptionMacros -c -j12 -enable-batch-mode -incremental -Xcc -ivfsstatcache -Xcc /Users/john/Library/Developer/Xcode/DerivedData/SDKStatCaches.noindex/macosx15.5-24F74-8254517eb8b97d462ccbc072ba9094c9.sdkstatcache -output-file-map /Users/john/Library/Developer/Xcode/DerivedData/Vocorize-cnefnagdjqmlytftciomotnxheit/Build/Intermediates.noindex/swift-navigation.build/Debug/SwiftUINavigation.build/Objects-normal/arm64/SwiftUINavigation-OutputFileMap.json -use-frontend-parseable-output -save-temps -no-color-diagnostics -serialize-diagnostics -emit-dependencies -emit-module -emit-module-path /Users/john/Library/Developer/Xcode/DerivedData/Vocorize-cnefnagdjqmlytftciomotnxheit/Build/Intermediates.noindex/swift-navigation.build/Debug/SwiftUINavigation.build/Objects-normal/arm64/SwiftUINavigation.swiftmodule -user-module-version 2.3.1 -validate-clang-modules-once -clang-build-session-file /Users/john/Library/Developer/Xcode/DerivedData/ModuleCache.noindex/Session.modulevalidation -package-name swift_navigation -Xcc -I/Users/john/Library/Developer/Xcode/DerivedData/Vocorize-cnefnagdjqmlytftciomotnxheit/Build/Intermediates.noindex/swift-navigation.build/Debug/SwiftUINavigation.build/swift-overrides.hmap -emit-const-values -Xfrontend -const-gather-protocols-file -Xfrontend /Users/john/Library/Developer/Xcode/DerivedData/Vocorize-cnefnagdjqmlytftciomotnxheit/Build/Intermediates.noindex/swift-navigation.build/Debug/SwiftUINavigation.build/Objects-normal/arm64/SwiftUINavigation_const_extract_protocols.json -Xcc -I/Users/john/Library/Developer/Xcode/DerivedData/Vocorize-cnefnagdjqmlytftciomotnxheit/SourcePackages/checkouts/swift-navigation/Sources/UIKitNavigationShim/include -Xcc -I/Users/john/Library/Developer/Xcode/DerivedData/Vocorize-cnefnagdjqmlytftciomotnxheit/Build/Products/Debug/include -Xcc -I/Users/john/Library/Developer/Xcode/DerivedData/Vocorize-cnefnagdjqmlytftciomotnxheit/Build/Intermediates.noindex/swift-navigation.build/Debug/SwiftUINavigation.build/DerivedSources-normal/arm64 -Xcc -I/Users/john/Library/Developer/Xcode/DerivedData/Vocorize-cnefnagdjqmlytftciomotnxheit/Build/Intermediates.noindex/swift-navigation.build/Debug/SwiftUINavigation.build/DerivedSources/arm64 -Xcc -I/Users/john/Library/Developer/Xcode/DerivedData/Vocorize-cnefnagdjqmlytftciomotnxheit/Build/Intermediates.noindex/swift-navigation.build/Debug/SwiftUINavigation.build/DerivedSources -Xcc -DSWIFT_PACKAGE -Xcc -DDEBUG\=1 -emit-objc-header -emit-objc-header-path /Users/john/Library/Developer/Xcode/DerivedData/Vocorize-cnefnagdjqmlytftciomotnxheit/Build/Intermediates.noindex/swift-navigation.build/Debug/SwiftUINavigation.build/Objects-normal/arm64/SwiftUINavigation-Swift.h -working-directory /Users/john/repos/vocorize-app/Vocorize.xcodeproj -experimental-emit-module-separately -disable-cmo

SwiftDriver\ Compilation SwiftUINavigation normal arm64 com.apple.xcode.tools.swift.compiler (in target 'SwiftUINavigation' from project 'swift-navigation')
    cd /Users/john/repos/vocorize-app/Vocorize.xcodeproj
    builtin-Swift-Compilation -- /Applications/Xcode.app/Contents/Developer/Toolchains/XcodeDefault.xctoolchain/usr/bin/swiftc -module-name SwiftUINavigation -Onone -enforce-exclusivity\=checked @/Users/john/Library/Developer/Xcode/DerivedData/Vocorize-cnefnagdjqmlytftciomotnxheit/Build/Intermediates.noindex/swift-navigation.build/Debug/SwiftUINavigation.build/Objects-normal/arm64/SwiftUINavigation.SwiftFileList -DSWIFT_PACKAGE -DDEBUG -Xcc -fmodule-map-file\=/Users/john/Library/Developer/Xcode/DerivedData/Vocorize-cnefnagdjqmlytftciomotnxheit/Build/Intermediates.noindex/GeneratedModuleMaps/UIKitNavigationShim.modulemap -DXcode -plugin-path /Applications/Xcode.app/Contents/Developer/Toolchains/XcodeDefault.xctoolchain/usr/lib/swift/host/plugins/testing -enable-experimental-feature DebugDescriptionMacro -sdk /Applications/Xcode.app/Contents/Developer/Platforms/MacOSX.platform/Developer/SDKs/MacOSX15.5.sdk -target arm64-apple-macos10.15 -g -module-cache-path /Users/john/Library/Developer/Xcode/DerivedData/ModuleCache.noindex -Xfrontend -serialize-debugging-options -profile-coverage-mapping -profile-generate -enable-testing -suppress-warnings -index-store-path /Users/john/Library/Developer/Xcode/DerivedData/Vocorize-cnefnagdjqmlytftciomotnxheit/Index.noindex/DataStore -swift-version 6 -I /Users/john/Library/Developer/Xcode/DerivedData/Vocorize-cnefnagdjqmlytftciomotnxheit/Build/Products/Debug -I /Applications/Xcode.app/Contents/Developer/Platforms/MacOSX.platform/Developer/usr/lib -F /Users/john/Library/Developer/Xcode/DerivedData/Vocorize-cnefnagdjqmlytftciomotnxheit/Build/Products/Debug/PackageFrameworks -F /Users/john/Library/Developer/Xcode/DerivedData/Vocorize-cnefnagdjqmlytftciomotnxheit/Build/Products/Debug/PackageFrameworks -F /Users/john/Library/Developer/Xcode/DerivedData/Vocorize-cnefnagdjqmlytftciomotnxheit/Build/Products/Debug/PackageFrameworks -F /Users/john/Library/Developer/Xcode/DerivedData/Vocorize-cnefnagdjqmlytftciomotnxheit/Build/Products/Debug/PackageFrameworks -F /Users/john/Library/Developer/Xcode/DerivedData/Vocorize-cnefnagdjqmlytftciomotnxheit/Build/Products/Debug/PackageFrameworks -F /Users/john/Library/Developer/Xcode/DerivedData/Vocorize-cnefnagdjqmlytftciomotnxheit/Build/Products/Debug/PackageFrameworks -F /Users/john/Library/Developer/Xcode/DerivedData/Vocorize-cnefnagdjqmlytftciomotnxheit/Build/Products/Debug/PackageFrameworks -F /Users/john/Library/Developer/Xcode/DerivedData/Vocorize-cnefnagdjqmlytftciomotnxheit/Build/Products/Debug/PackageFrameworks -F /Users/john/Library/Developer/Xcode/DerivedData/Vocorize-cnefnagdjqmlytftciomotnxheit/Build/Products/Debug/PackageFrameworks -F /Users/john/Library/Developer/Xcode/DerivedData/Vocorize-cnefnagdjqmlytftciomotnxheit/Build/Products/Debug/PackageFrameworks -F /Users/john/Library/Developer/Xcode/DerivedData/Vocorize-cnefnagdjqmlytftciomotnxheit/Build/Products/Debug/PackageFrameworks -F /Users/john/Library/Developer/Xcode/DerivedData/Vocorize-cnefnagdjqmlytftciomotnxheit/Build/Products/Debug/PackageFrameworks -F /Users/john/Library/Developer/Xcode/DerivedData/Vocorize-cnefnagdjqmlytftciomotnxheit/Build/Products/Debug/PackageFrameworks -F /Users/john/Library/Developer/Xcode/DerivedData/Vocorize-cnefnagdjqmlytftciomotnxheit/Build/Products/Debug -F /Applications/Xcode.app/Contents/Developer/Platforms/MacOSX.platform/Developer/Library/Frameworks -Xfrontend -load-plugin-executable -Xfrontend /Users/john/Library/Developer/Xcode/DerivedData/Vocorize-cnefnagdjqmlytftciomotnxheit/Build/Products/Debug/CasePathsMacros\#CasePathsMacros -Xfrontend -load-plugin-executable -Xfrontend /Users/john/Library/Developer/Xcode/DerivedData/Vocorize-cnefnagdjqmlytftciomotnxheit/Build/Products/Debug/PerceptionMacros\#PerceptionMacros -c -j12 -enable-batch-mode -incremental -Xcc -ivfsstatcache -Xcc /Users/john/Library/Developer/Xcode/DerivedData/SDKStatCaches.noindex/macosx15.5-24F74-8254517eb8b97d462ccbc072ba9094c9.sdkstatcache -output-file-map /Users/john/Library/Developer/Xcode/DerivedData/Vocorize-cnefnagdjqmlytftciomotnxheit/Build/Intermediates.noindex/swift-navigation.build/Debug/SwiftUINavigation.build/Objects-normal/arm64/SwiftUINavigation-OutputFileMap.json -use-frontend-parseable-output -save-temps -no-color-diagnostics -serialize-diagnostics -emit-dependencies -emit-module -emit-module-path /Users/john/Library/Developer/Xcode/DerivedData/Vocorize-cnefnagdjqmlytftciomotnxheit/Build/Intermediates.noindex/swift-navigation.build/Debug/SwiftUINavigation.build/Objects-normal/arm64/SwiftUINavigation.swiftmodule -user-module-version 2.3.1 -validate-clang-modules-once -clang-build-session-file /Users/john/Library/Developer/Xcode/DerivedData/ModuleCache.noindex/Session.modulevalidation -package-name swift_navigation -Xcc -I/Users/john/Library/Developer/Xcode/DerivedData/Vocorize-cnefnagdjqmlytftciomotnxheit/Build/Intermediates.noindex/swift-navigation.build/Debug/SwiftUINavigation.build/swift-overrides.hmap -emit-const-values -Xfrontend -const-gather-protocols-file -Xfrontend /Users/john/Library/Developer/Xcode/DerivedData/Vocorize-cnefnagdjqmlytftciomotnxheit/Build/Intermediates.noindex/swift-navigation.build/Debug/SwiftUINavigation.build/Objects-normal/arm64/SwiftUINavigation_const_extract_protocols.json -Xcc -I/Users/john/Library/Developer/Xcode/DerivedData/Vocorize-cnefnagdjqmlytftciomotnxheit/SourcePackages/checkouts/swift-navigation/Sources/UIKitNavigationShim/include -Xcc -I/Users/john/Library/Developer/Xcode/DerivedData/Vocorize-cnefnagdjqmlytftciomotnxheit/Build/Products/Debug/include -Xcc -I/Users/john/Library/Developer/Xcode/DerivedData/Vocorize-cnefnagdjqmlytftciomotnxheit/Build/Intermediates.noindex/swift-navigation.build/Debug/SwiftUINavigation.build/DerivedSources-normal/arm64 -Xcc -I/Users/john/Library/Developer/Xcode/DerivedData/Vocorize-cnefnagdjqmlytftciomotnxheit/Build/Intermediates.noindex/swift-navigation.build/Debug/SwiftUINavigation.build/DerivedSources/arm64 -Xcc -I/Users/john/Library/Developer/Xcode/DerivedData/Vocorize-cnefnagdjqmlytftciomotnxheit/Build/Intermediates.noindex/swift-navigation.build/Debug/SwiftUINavigation.build/DerivedSources -Xcc -DSWIFT_PACKAGE -Xcc -DDEBUG\=1 -emit-objc-header -emit-objc-header-path /Users/john/Library/Developer/Xcode/DerivedData/Vocorize-cnefnagdjqmlytftciomotnxheit/Build/Intermediates.noindex/swift-navigation.build/Debug/SwiftUINavigation.build/Objects-normal/arm64/SwiftUINavigation-Swift.h -working-directory /Users/john/repos/vocorize-app/Vocorize.xcodeproj -experimental-emit-module-separately -disable-cmo

SwiftDriver ComposableArchitecture normal arm64 com.apple.xcode.tools.swift.compiler (in target 'ComposableArchitecture' from project 'swift-composable-architecture')
    cd /Users/john/repos/vocorize-app/Vocorize.xcodeproj
    builtin-SwiftDriver -- /Applications/Xcode.app/Contents/Developer/Toolchains/XcodeDefault.xctoolchain/usr/bin/swiftc -module-name ComposableArchitecture -Onone -enforce-exclusivity\=checked @/Users/john/Library/Developer/Xcode/DerivedData/Vocorize-cnefnagdjqmlytftciomotnxheit/Build/Intermediates.noindex/swift-composable-architecture.build/Debug/ComposableArchitecture.build/Objects-normal/arm64/ComposableArchitecture.SwiftFileList -DSWIFT_PACKAGE -DDEBUG -Xcc -fmodule-map-file\=/Users/john/Library/Developer/Xcode/DerivedData/Vocorize-cnefnagdjqmlytftciomotnxheit/Build/Intermediates.noindex/GeneratedModuleMaps/UIKitNavigationShim.modulemap -DXcode -enable-upcoming-feature ExistentialAny -plugin-path /Applications/Xcode.app/Contents/Developer/Toolchains/XcodeDefault.xctoolchain/usr/lib/swift/host/plugins/testing -enable-experimental-feature DebugDescriptionMacro -sdk /Applications/Xcode.app/Contents/Developer/Platforms/MacOSX.platform/Developer/SDKs/MacOSX15.5.sdk -target arm64-apple-macos10.15 -g -module-cache-path /Users/john/Library/Developer/Xcode/DerivedData/ModuleCache.noindex -Xfrontend -serialize-debugging-options -profile-coverage-mapping -profile-generate -enable-testing -suppress-warnings -index-store-path /Users/john/Library/Developer/Xcode/DerivedData/Vocorize-cnefnagdjqmlytftciomotnxheit/Index.noindex/DataStore -swift-version 6 -I /Users/john/Library/Developer/Xcode/DerivedData/Vocorize-cnefnagdjqmlytftciomotnxheit/Build/Products/Debug -I /Applications/Xcode.app/Contents/Developer/Platforms/MacOSX.platform/Developer/usr/lib -F /Users/john/Library/Developer/Xcode/DerivedData/Vocorize-cnefnagdjqmlytftciomotnxheit/Build/Products/Debug/PackageFrameworks -F /Users/john/Library/Developer/Xcode/DerivedData/Vocorize-cnefnagdjqmlytftciomotnxheit/Build/Products/Debug/PackageFrameworks -F /Users/john/Library/Developer/Xcode/DerivedData/Vocorize-cnefnagdjqmlytftciomotnxheit/Build/Products/Debug/PackageFrameworks -F /Users/john/Library/Developer/Xcode/DerivedData/Vocorize-cnefnagdjqmlytftciomotnxheit/Build/Products/Debug/PackageFrameworks -F /Users/john/Library/Developer/Xcode/DerivedData/Vocorize-cnefnagdjqmlytftciomotnxheit/Build/Products/Debug/PackageFrameworks -F /Users/john/Library/Developer/Xcode/DerivedData/Vocorize-cnefnagdjqmlytftciomotnxheit/Build/Products/Debug/PackageFrameworks -F /Users/john/Library/Developer/Xcode/DerivedData/Vocorize-cnefnagdjqmlytftciomotnxheit/Build/Products/Debug/PackageFrameworks -F /Users/john/Library/Developer/Xcode/DerivedData/Vocorize-cnefnagdjqmlytftciomotnxheit/Build/Products/Debug/PackageFrameworks -F /Users/john/Library/Developer/Xcode/DerivedData/Vocorize-cnefnagdjqmlytftciomotnxheit/Build/Products/Debug/PackageFrameworks -F /Users/john/Library/Developer/Xcode/DerivedData/Vocorize-cnefnagdjqmlytftciomotnxheit/Build/Products/Debug/PackageFrameworks -F /Users/john/Library/Developer/Xcode/DerivedData/Vocorize-cnefnagdjqmlytftciomotnxheit/Build/Products/Debug/PackageFrameworks -F /Users/john/Library/Developer/Xcode/DerivedData/Vocorize-cnefnagdjqmlytftciomotnxheit/Build/Products/Debug/PackageFrameworks -F /Users/john/Library/Developer/Xcode/DerivedData/Vocorize-cnefnagdjqmlytftciomotnxheit/Build/Products/Debug/PackageFrameworks -F /Users/john/Library/Developer/Xcode/DerivedData/Vocorize-cnefnagdjqmlytftciomotnxheit/Build/Products/Debug/PackageFrameworks -F /Users/john/Library/Developer/Xcode/DerivedData/Vocorize-cnefnagdjqmlytftciomotnxheit/Build/Products/Debug/PackageFrameworks -F /Users/john/Library/Developer/Xcode/DerivedData/Vocorize-cnefnagdjqmlytftciomotnxheit/Build/Products/Debug/PackageFrameworks -F /Users/john/Library/Developer/Xcode/DerivedData/Vocorize-cnefnagdjqmlytftciomotnxheit/Build/Products/Debug/PackageFrameworks -F /Users/john/Library/Developer/Xcode/DerivedData/Vocorize-cnefnagdjqmlytftciomotnxheit/Build/Products/Debug/PackageFrameworks -F /Users/john/Library/Developer/Xcode/DerivedData/Vocorize-cnefnagdjqmlytftciomotnxheit/Build/Products/Debug/PackageFrameworks -F /Users/john/Library/Developer/Xcode/DerivedData/Vocorize-cnefnagdjqmlytftciomotnxheit/Build/Products/Debug/PackageFrameworks -F /Users/john/Library/Developer/Xcode/DerivedData/Vocorize-cnefnagdjqmlytftciomotnxheit/Build/Products/Debug/PackageFrameworks -F /Users/john/Library/Developer/Xcode/DerivedData/Vocorize-cnefnagdjqmlytftciomotnxheit/Build/Products/Debug/PackageFrameworks -F /Users/john/Library/Developer/Xcode/DerivedData/Vocorize-cnefnagdjqmlytftciomotnxheit/Build/Products/Debug -F /Applications/Xcode.app/Contents/Developer/Platforms/MacOSX.platform/Developer/Library/Frameworks -Xfrontend -load-plugin-executable -Xfrontend /Users/john/Library/Developer/Xcode/DerivedData/Vocorize-cnefnagdjqmlytftciomotnxheit/Build/Products/Debug/CasePathsMacros\#CasePathsMacros -Xfrontend -load-plugin-executable -Xfrontend /Users/john/Library/Developer/Xcode/DerivedData/Vocorize-cnefnagdjqmlytftciomotnxheit/Build/Products/Debug/ComposableArchitectureMacros\#ComposableArchitectureMacros -Xfrontend -load-plugin-executable -Xfrontend /Users/john/Library/Developer/Xcode/DerivedData/Vocorize-cnefnagdjqmlytftciomotnxheit/Build/Products/Debug/DependenciesMacrosPlugin\#DependenciesMacrosPlugin -Xfrontend -load-plugin-executable -Xfrontend /Users/john/Library/Developer/Xcode/DerivedData/Vocorize-cnefnagdjqmlytftciomotnxheit/Build/Products/Debug/PerceptionMacros\#PerceptionMacros -c -j12 -enable-batch-mode -incremental -Xcc -ivfsstatcache -Xcc /Users/john/Library/Developer/Xcode/DerivedData/SDKStatCaches.noindex/macosx15.5-24F74-8254517eb8b97d462ccbc072ba9094c9.sdkstatcache -output-file-map /Users/john/Library/Developer/Xcode/DerivedData/Vocorize-cnefnagdjqmlytftciomotnxheit/Build/Intermediates.noindex/swift-composable-architecture.build/Debug/ComposableArchitecture.build/Objects-normal/arm64/ComposableArchitecture-OutputFileMap.json -use-frontend-parseable-output -save-temps -no-color-diagnostics -serialize-diagnostics -emit-dependencies -emit-module -emit-module-path /Users/john/Library/Developer/Xcode/DerivedData/Vocorize-cnefnagdjqmlytftciomotnxheit/Build/Intermediates.noindex/swift-composable-architecture.build/Debug/ComposableArchitecture.build/Objects-normal/arm64/ComposableArchitecture.swiftmodule -user-module-version 1.20.2 -validate-clang-modules-once -clang-build-session-file /Users/john/Library/Developer/Xcode/DerivedData/ModuleCache.noindex/Session.modulevalidation -package-name swift_composable_architecture -Xcc -I/Users/john/Library/Developer/Xcode/DerivedData/Vocorize-cnefnagdjqmlytftciomotnxheit/Build/Intermediates.noindex/swift-composable-architecture.build/Debug/ComposableArchitecture.build/swift-overrides.hmap -emit-const-values -Xfrontend -const-gather-protocols-file -Xfrontend /Users/john/Library/Developer/Xcode/DerivedData/Vocorize-cnefnagdjqmlytftciomotnxheit/Build/Intermediates.noindex/swift-composable-architecture.build/Debug/ComposableArchitecture.build/Objects-normal/arm64/ComposableArchitecture_const_extract_protocols.json -Xcc -I/Users/john/Library/Developer/Xcode/DerivedData/Vocorize-cnefnagdjqmlytftciomotnxheit/SourcePackages/checkouts/swift-navigation/Sources/UIKitNavigationShim/include -Xcc -I/Users/john/Library/Developer/Xcode/DerivedData/Vocorize-cnefnagdjqmlytftciomotnxheit/Build/Products/Debug/include -Xcc -I/Users/john/Library/Developer/Xcode/DerivedData/Vocorize-cnefnagdjqmlytftciomotnxheit/Build/Intermediates.noindex/swift-composable-architecture.build/Debug/ComposableArchitecture.build/DerivedSources-normal/arm64 -Xcc -I/Users/john/Library/Developer/Xcode/DerivedData/Vocorize-cnefnagdjqmlytftciomotnxheit/Build/Intermediates.noindex/swift-composable-architecture.build/Debug/ComposableArchitecture.build/DerivedSources/arm64 -Xcc -I/Users/john/Library/Developer/Xcode/DerivedData/Vocorize-cnefnagdjqmlytftciomotnxheit/Build/Intermediates.noindex/swift-composable-architecture.build/Debug/ComposableArchitecture.build/DerivedSources -Xcc -DSWIFT_PACKAGE -Xcc -DDEBUG\=1 -emit-objc-header -emit-objc-header-path /Users/john/Library/Developer/Xcode/DerivedData/Vocorize-cnefnagdjqmlytftciomotnxheit/Build/Intermediates.noindex/swift-composable-architecture.build/Debug/ComposableArchitecture.build/Objects-normal/arm64/ComposableArchitecture-Swift.h -working-directory /Users/john/repos/vocorize-app/Vocorize.xcodeproj -experimental-emit-module-separately -disable-cmo

SwiftDriver\ Compilation\ Requirements ComposableArchitecture normal arm64 com.apple.xcode.tools.swift.compiler (in target 'ComposableArchitecture' from project 'swift-composable-architecture')
    cd /Users/john/repos/vocorize-app/Vocorize.xcodeproj
    builtin-Swift-Compilation-Requirements -- /Applications/Xcode.app/Contents/Developer/Toolchains/XcodeDefault.xctoolchain/usr/bin/swiftc -module-name ComposableArchitecture -Onone -enforce-exclusivity\=checked @/Users/john/Library/Developer/Xcode/DerivedData/Vocorize-cnefnagdjqmlytftciomotnxheit/Build/Intermediates.noindex/swift-composable-architecture.build/Debug/ComposableArchitecture.build/Objects-normal/arm64/ComposableArchitecture.SwiftFileList -DSWIFT_PACKAGE -DDEBUG -Xcc -fmodule-map-file\=/Users/john/Library/Developer/Xcode/DerivedData/Vocorize-cnefnagdjqmlytftciomotnxheit/Build/Intermediates.noindex/GeneratedModuleMaps/UIKitNavigationShim.modulemap -DXcode -enable-upcoming-feature ExistentialAny -plugin-path /Applications/Xcode.app/Contents/Developer/Toolchains/XcodeDefault.xctoolchain/usr/lib/swift/host/plugins/testing -enable-experimental-feature DebugDescriptionMacro -sdk /Applications/Xcode.app/Contents/Developer/Platforms/MacOSX.platform/Developer/SDKs/MacOSX15.5.sdk -target arm64-apple-macos10.15 -g -module-cache-path /Users/john/Library/Developer/Xcode/DerivedData/ModuleCache.noindex -Xfrontend -serialize-debugging-options -profile-coverage-mapping -profile-generate -enable-testing -suppress-warnings -index-store-path /Users/john/Library/Developer/Xcode/DerivedData/Vocorize-cnefnagdjqmlytftciomotnxheit/Index.noindex/DataStore -swift-version 6 -I /Users/john/Library/Developer/Xcode/DerivedData/Vocorize-cnefnagdjqmlytftciomotnxheit/Build/Products/Debug -I /Applications/Xcode.app/Contents/Developer/Platforms/MacOSX.platform/Developer/usr/lib -F /Users/john/Library/Developer/Xcode/DerivedData/Vocorize-cnefnagdjqmlytftciomotnxheit/Build/Products/Debug/PackageFrameworks -F /Users/john/Library/Developer/Xcode/DerivedData/Vocorize-cnefnagdjqmlytftciomotnxheit/Build/Products/Debug/PackageFrameworks -F /Users/john/Library/Developer/Xcode/DerivedData/Vocorize-cnefnagdjqmlytftciomotnxheit/Build/Products/Debug/PackageFrameworks -F /Users/john/Library/Developer/Xcode/DerivedData/Vocorize-cnefnagdjqmlytftciomotnxheit/Build/Products/Debug/PackageFrameworks -F /Users/john/Library/Developer/Xcode/DerivedData/Vocorize-cnefnagdjqmlytftciomotnxheit/Build/Products/Debug/PackageFrameworks -F /Users/john/Library/Developer/Xcode/DerivedData/Vocorize-cnefnagdjqmlytftciomotnxheit/Build/Products/Debug/PackageFrameworks -F /Users/john/Library/Developer/Xcode/DerivedData/Vocorize-cnefnagdjqmlytftciomotnxheit/Build/Products/Debug/PackageFrameworks -F /Users/john/Library/Developer/Xcode/DerivedData/Vocorize-cnefnagdjqmlytftciomotnxheit/Build/Products/Debug/PackageFrameworks -F /Users/john/Library/Developer/Xcode/DerivedData/Vocorize-cnefnagdjqmlytftciomotnxheit/Build/Products/Debug/PackageFrameworks -F /Users/john/Library/Developer/Xcode/DerivedData/Vocorize-cnefnagdjqmlytftciomotnxheit/Build/Products/Debug/PackageFrameworks -F /Users/john/Library/Developer/Xcode/DerivedData/Vocorize-cnefnagdjqmlytftciomotnxheit/Build/Products/Debug/PackageFrameworks -F /Users/john/Library/Developer/Xcode/DerivedData/Vocorize-cnefnagdjqmlytftciomotnxheit/Build/Products/Debug/PackageFrameworks -F /Users/john/Library/Developer/Xcode/DerivedData/Vocorize-cnefnagdjqmlytftciomotnxheit/Build/Products/Debug/PackageFrameworks -F /Users/john/Library/Developer/Xcode/DerivedData/Vocorize-cnefnagdjqmlytftciomotnxheit/Build/Products/Debug/PackageFrameworks -F /Users/john/Library/Developer/Xcode/DerivedData/Vocorize-cnefnagdjqmlytftciomotnxheit/Build/Products/Debug/PackageFrameworks -F /Users/john/Library/Developer/Xcode/DerivedData/Vocorize-cnefnagdjqmlytftciomotnxheit/Build/Products/Debug/PackageFrameworks -F /Users/john/Library/Developer/Xcode/DerivedData/Vocorize-cnefnagdjqmlytftciomotnxheit/Build/Products/Debug/PackageFrameworks -F /Users/john/Library/Developer/Xcode/DerivedData/Vocorize-cnefnagdjqmlytftciomotnxheit/Build/Products/Debug/PackageFrameworks -F /Users/john/Library/Developer/Xcode/DerivedData/Vocorize-cnefnagdjqmlytftciomotnxheit/Build/Products/Debug/PackageFrameworks -F /Users/john/Library/Developer/Xcode/DerivedData/Vocorize-cnefnagdjqmlytftciomotnxheit/Build/Products/Debug/PackageFrameworks -F /Users/john/Library/Developer/Xcode/DerivedData/Vocorize-cnefnagdjqmlytftciomotnxheit/Build/Products/Debug/PackageFrameworks -F /Users/john/Library/Developer/Xcode/DerivedData/Vocorize-cnefnagdjqmlytftciomotnxheit/Build/Products/Debug/PackageFrameworks -F /Users/john/Library/Developer/Xcode/DerivedData/Vocorize-cnefnagdjqmlytftciomotnxheit/Build/Products/Debug -F /Applications/Xcode.app/Contents/Developer/Platforms/MacOSX.platform/Developer/Library/Frameworks -Xfrontend -load-plugin-executable -Xfrontend /Users/john/Library/Developer/Xcode/DerivedData/Vocorize-cnefnagdjqmlytftciomotnxheit/Build/Products/Debug/CasePathsMacros\#CasePathsMacros -Xfrontend -load-plugin-executable -Xfrontend /Users/john/Library/Developer/Xcode/DerivedData/Vocorize-cnefnagdjqmlytftciomotnxheit/Build/Products/Debug/ComposableArchitectureMacros\#ComposableArchitectureMacros -Xfrontend -load-plugin-executable -Xfrontend /Users/john/Library/Developer/Xcode/DerivedData/Vocorize-cnefnagdjqmlytftciomotnxheit/Build/Products/Debug/DependenciesMacrosPlugin\#DependenciesMacrosPlugin -Xfrontend -load-plugin-executable -Xfrontend /Users/john/Library/Developer/Xcode/DerivedData/Vocorize-cnefnagdjqmlytftciomotnxheit/Build/Products/Debug/PerceptionMacros\#PerceptionMacros -c -j12 -enable-batch-mode -incremental -Xcc -ivfsstatcache -Xcc /Users/john/Library/Developer/Xcode/DerivedData/SDKStatCaches.noindex/macosx15.5-24F74-8254517eb8b97d462ccbc072ba9094c9.sdkstatcache -output-file-map /Users/john/Library/Developer/Xcode/DerivedData/Vocorize-cnefnagdjqmlytftciomotnxheit/Build/Intermediates.noindex/swift-composable-architecture.build/Debug/ComposableArchitecture.build/Objects-normal/arm64/ComposableArchitecture-OutputFileMap.json -use-frontend-parseable-output -save-temps -no-color-diagnostics -serialize-diagnostics -emit-dependencies -emit-module -emit-module-path /Users/john/Library/Developer/Xcode/DerivedData/Vocorize-cnefnagdjqmlytftciomotnxheit/Build/Intermediates.noindex/swift-composable-architecture.build/Debug/ComposableArchitecture.build/Objects-normal/arm64/ComposableArchitecture.swiftmodule -user-module-version 1.20.2 -validate-clang-modules-once -clang-build-session-file /Users/john/Library/Developer/Xcode/DerivedData/ModuleCache.noindex/Session.modulevalidation -package-name swift_composable_architecture -Xcc -I/Users/john/Library/Developer/Xcode/DerivedData/Vocorize-cnefnagdjqmlytftciomotnxheit/Build/Intermediates.noindex/swift-composable-architecture.build/Debug/ComposableArchitecture.build/swift-overrides.hmap -emit-const-values -Xfrontend -const-gather-protocols-file -Xfrontend /Users/john/Library/Developer/Xcode/DerivedData/Vocorize-cnefnagdjqmlytftciomotnxheit/Build/Intermediates.noindex/swift-composable-architecture.build/Debug/ComposableArchitecture.build/Objects-normal/arm64/ComposableArchitecture_const_extract_protocols.json -Xcc -I/Users/john/Library/Developer/Xcode/DerivedData/Vocorize-cnefnagdjqmlytftciomotnxheit/SourcePackages/checkouts/swift-navigation/Sources/UIKitNavigationShim/include -Xcc -I/Users/john/Library/Developer/Xcode/DerivedData/Vocorize-cnefnagdjqmlytftciomotnxheit/Build/Products/Debug/include -Xcc -I/Users/john/Library/Developer/Xcode/DerivedData/Vocorize-cnefnagdjqmlytftciomotnxheit/Build/Intermediates.noindex/swift-composable-architecture.build/Debug/ComposableArchitecture.build/DerivedSources-normal/arm64 -Xcc -I/Users/john/Library/Developer/Xcode/DerivedData/Vocorize-cnefnagdjqmlytftciomotnxheit/Build/Intermediates.noindex/swift-composable-architecture.build/Debug/ComposableArchitecture.build/DerivedSources/arm64 -Xcc -I/Users/john/Library/Developer/Xcode/DerivedData/Vocorize-cnefnagdjqmlytftciomotnxheit/Build/Intermediates.noindex/swift-composable-architecture.build/Debug/ComposableArchitecture.build/DerivedSources -Xcc -DSWIFT_PACKAGE -Xcc -DDEBUG\=1 -emit-objc-header -emit-objc-header-path /Users/john/Library/Developer/Xcode/DerivedData/Vocorize-cnefnagdjqmlytftciomotnxheit/Build/Intermediates.noindex/swift-composable-architecture.build/Debug/ComposableArchitecture.build/Objects-normal/arm64/ComposableArchitecture-Swift.h -working-directory /Users/john/repos/vocorize-app/Vocorize.xcodeproj -experimental-emit-module-separately -disable-cmo

SwiftDriver\ Compilation ComposableArchitecture normal arm64 com.apple.xcode.tools.swift.compiler (in target 'ComposableArchitecture' from project 'swift-composable-architecture')
    cd /Users/john/repos/vocorize-app/Vocorize.xcodeproj
    builtin-Swift-Compilation -- /Applications/Xcode.app/Contents/Developer/Toolchains/XcodeDefault.xctoolchain/usr/bin/swiftc -module-name ComposableArchitecture -Onone -enforce-exclusivity\=checked @/Users/john/Library/Developer/Xcode/DerivedData/Vocorize-cnefnagdjqmlytftciomotnxheit/Build/Intermediates.noindex/swift-composable-architecture.build/Debug/ComposableArchitecture.build/Objects-normal/arm64/ComposableArchitecture.SwiftFileList -DSWIFT_PACKAGE -DDEBUG -Xcc -fmodule-map-file\=/Users/john/Library/Developer/Xcode/DerivedData/Vocorize-cnefnagdjqmlytftciomotnxheit/Build/Intermediates.noindex/GeneratedModuleMaps/UIKitNavigationShim.modulemap -DXcode -enable-upcoming-feature ExistentialAny -plugin-path /Applications/Xcode.app/Contents/Developer/Toolchains/XcodeDefault.xctoolchain/usr/lib/swift/host/plugins/testing -enable-experimental-feature DebugDescriptionMacro -sdk /Applications/Xcode.app/Contents/Developer/Platforms/MacOSX.platform/Developer/SDKs/MacOSX15.5.sdk -target arm64-apple-macos10.15 -g -module-cache-path /Users/john/Library/Developer/Xcode/DerivedData/ModuleCache.noindex -Xfrontend -serialize-debugging-options -profile-coverage-mapping -profile-generate -enable-testing -suppress-warnings -index-store-path /Users/john/Library/Developer/Xcode/DerivedData/Vocorize-cnefnagdjqmlytftciomotnxheit/Index.noindex/DataStore -swift-version 6 -I /Users/john/Library/Developer/Xcode/DerivedData/Vocorize-cnefnagdjqmlytftciomotnxheit/Build/Products/Debug -I /Applications/Xcode.app/Contents/Developer/Platforms/MacOSX.platform/Developer/usr/lib -F /Users/john/Library/Developer/Xcode/DerivedData/Vocorize-cnefnagdjqmlytftciomotnxheit/Build/Products/Debug/PackageFrameworks -F /Users/john/Library/Developer/Xcode/DerivedData/Vocorize-cnefnagdjqmlytftciomotnxheit/Build/Products/Debug/PackageFrameworks -F /Users/john/Library/Developer/Xcode/DerivedData/Vocorize-cnefnagdjqmlytftciomotnxheit/Build/Products/Debug/PackageFrameworks -F /Users/john/Library/Developer/Xcode/DerivedData/Vocorize-cnefnagdjqmlytftciomotnxheit/Build/Products/Debug/PackageFrameworks -F /Users/john/Library/Developer/Xcode/DerivedData/Vocorize-cnefnagdjqmlytftciomotnxheit/Build/Products/Debug/PackageFrameworks -F /Users/john/Library/Developer/Xcode/DerivedData/Vocorize-cnefnagdjqmlytftciomotnxheit/Build/Products/Debug/PackageFrameworks -F /Users/john/Library/Developer/Xcode/DerivedData/Vocorize-cnefnagdjqmlytftciomotnxheit/Build/Products/Debug/PackageFrameworks -F /Users/john/Library/Developer/Xcode/DerivedData/Vocorize-cnefnagdjqmlytftciomotnxheit/Build/Products/Debug/PackageFrameworks -F /Users/john/Library/Developer/Xcode/DerivedData/Vocorize-cnefnagdjqmlytftciomotnxheit/Build/Products/Debug/PackageFrameworks -F /Users/john/Library/Developer/Xcode/DerivedData/Vocorize-cnefnagdjqmlytftciomotnxheit/Build/Products/Debug/PackageFrameworks -F /Users/john/Library/Developer/Xcode/DerivedData/Vocorize-cnefnagdjqmlytftciomotnxheit/Build/Products/Debug/PackageFrameworks -F /Users/john/Library/Developer/Xcode/DerivedData/Vocorize-cnefnagdjqmlytftciomotnxheit/Build/Products/Debug/PackageFrameworks -F /Users/john/Library/Developer/Xcode/DerivedData/Vocorize-cnefnagdjqmlytftciomotnxheit/Build/Products/Debug/PackageFrameworks -F /Users/john/Library/Developer/Xcode/DerivedData/Vocorize-cnefnagdjqmlytftciomotnxheit/Build/Products/Debug/PackageFrameworks -F /Users/john/Library/Developer/Xcode/DerivedData/Vocorize-cnefnagdjqmlytftciomotnxheit/Build/Products/Debug/PackageFrameworks -F /Users/john/Library/Developer/Xcode/DerivedData/Vocorize-cnefnagdjqmlytftciomotnxheit/Build/Products/Debug/PackageFrameworks -F /Users/john/Library/Developer/Xcode/DerivedData/Vocorize-cnefnagdjqmlytftciomotnxheit/Build/Products/Debug/PackageFrameworks -F /Users/john/Library/Developer/Xcode/DerivedData/Vocorize-cnefnagdjqmlytftciomotnxheit/Build/Products/Debug/PackageFrameworks -F /Users/john/Library/Developer/Xcode/DerivedData/Vocorize-cnefnagdjqmlytftciomotnxheit/Build/Products/Debug/PackageFrameworks -F /Users/john/Library/Developer/Xcode/DerivedData/Vocorize-cnefnagdjqmlytftciomotnxheit/Build/Products/Debug/PackageFrameworks -F /Users/john/Library/Developer/Xcode/DerivedData/Vocorize-cnefnagdjqmlytftciomotnxheit/Build/Products/Debug/PackageFrameworks -F /Users/john/Library/Developer/Xcode/DerivedData/Vocorize-cnefnagdjqmlytftciomotnxheit/Build/Products/Debug/PackageFrameworks -F /Users/john/Library/Developer/Xcode/DerivedData/Vocorize-cnefnagdjqmlytftciomotnxheit/Build/Products/Debug -F /Applications/Xcode.app/Contents/Developer/Platforms/MacOSX.platform/Developer/Library/Frameworks -Xfrontend -load-plugin-executable -Xfrontend /Users/john/Library/Developer/Xcode/DerivedData/Vocorize-cnefnagdjqmlytftciomotnxheit/Build/Products/Debug/CasePathsMacros\#CasePathsMacros -Xfrontend -load-plugin-executable -Xfrontend /Users/john/Library/Developer/Xcode/DerivedData/Vocorize-cnefnagdjqmlytftciomotnxheit/Build/Products/Debug/ComposableArchitectureMacros\#ComposableArchitectureMacros -Xfrontend -load-plugin-executable -Xfrontend /Users/john/Library/Developer/Xcode/DerivedData/Vocorize-cnefnagdjqmlytftciomotnxheit/Build/Products/Debug/DependenciesMacrosPlugin\#DependenciesMacrosPlugin -Xfrontend -load-plugin-executable -Xfrontend /Users/john/Library/Developer/Xcode/DerivedData/Vocorize-cnefnagdjqmlytftciomotnxheit/Build/Products/Debug/PerceptionMacros\#PerceptionMacros -c -j12 -enable-batch-mode -incremental -Xcc -ivfsstatcache -Xcc /Users/john/Library/Developer/Xcode/DerivedData/SDKStatCaches.noindex/macosx15.5-24F74-8254517eb8b97d462ccbc072ba9094c9.sdkstatcache -output-file-map /Users/john/Library/Developer/Xcode/DerivedData/Vocorize-cnefnagdjqmlytftciomotnxheit/Build/Intermediates.noindex/swift-composable-architecture.build/Debug/ComposableArchitecture.build/Objects-normal/arm64/ComposableArchitecture-OutputFileMap.json -use-frontend-parseable-output -save-temps -no-color-diagnostics -serialize-diagnostics -emit-dependencies -emit-module -emit-module-path /Users/john/Library/Developer/Xcode/DerivedData/Vocorize-cnefnagdjqmlytftciomotnxheit/Build/Intermediates.noindex/swift-composable-architecture.build/Debug/ComposableArchitecture.build/Objects-normal/arm64/ComposableArchitecture.swiftmodule -user-module-version 1.20.2 -validate-clang-modules-once -clang-build-session-file /Users/john/Library/Developer/Xcode/DerivedData/ModuleCache.noindex/Session.modulevalidation -package-name swift_composable_architecture -Xcc -I/Users/john/Library/Developer/Xcode/DerivedData/Vocorize-cnefnagdjqmlytftciomotnxheit/Build/Intermediates.noindex/swift-composable-architecture.build/Debug/ComposableArchitecture.build/swift-overrides.hmap -emit-const-values -Xfrontend -const-gather-protocols-file -Xfrontend /Users/john/Library/Developer/Xcode/DerivedData/Vocorize-cnefnagdjqmlytftciomotnxheit/Build/Intermediates.noindex/swift-composable-architecture.build/Debug/ComposableArchitecture.build/Objects-normal/arm64/ComposableArchitecture_const_extract_protocols.json -Xcc -I/Users/john/Library/Developer/Xcode/DerivedData/Vocorize-cnefnagdjqmlytftciomotnxheit/SourcePackages/checkouts/swift-navigation/Sources/UIKitNavigationShim/include -Xcc -I/Users/john/Library/Developer/Xcode/DerivedData/Vocorize-cnefnagdjqmlytftciomotnxheit/Build/Products/Debug/include -Xcc -I/Users/john/Library/Developer/Xcode/DerivedData/Vocorize-cnefnagdjqmlytftciomotnxheit/Build/Intermediates.noindex/swift-composable-architecture.build/Debug/ComposableArchitecture.build/DerivedSources-normal/arm64 -Xcc -I/Users/john/Library/Developer/Xcode/DerivedData/Vocorize-cnefnagdjqmlytftciomotnxheit/Build/Intermediates.noindex/swift-composable-architecture.build/Debug/ComposableArchitecture.build/DerivedSources/arm64 -Xcc -I/Users/john/Library/Developer/Xcode/DerivedData/Vocorize-cnefnagdjqmlytftciomotnxheit/Build/Intermediates.noindex/swift-composable-architecture.build/Debug/ComposableArchitecture.build/DerivedSources -Xcc -DSWIFT_PACKAGE -Xcc -DDEBUG\=1 -emit-objc-header -emit-objc-header-path /Users/john/Library/Developer/Xcode/DerivedData/Vocorize-cnefnagdjqmlytftciomotnxheit/Build/Intermediates.noindex/swift-composable-architecture.build/Debug/ComposableArchitecture.build/Objects-normal/arm64/ComposableArchitecture-Swift.h -working-directory /Users/john/repos/vocorize-app/Vocorize.xcodeproj -experimental-emit-module-separately -disable-cmo

ProcessProductPackaging /Users/john/repos/vocorize-app/Vocorize/Vocorize.entitlements /Users/john/Library/Developer/Xcode/DerivedData/Vocorize-cnefnagdjqmlytftciomotnxheit/Build/Intermediates.noindex/Vocorize.build/Debug/Vocorize.build/Vocorize.app.xcent (in target 'Vocorize' from project 'Vocorize')
    cd /Users/john/repos/vocorize-app
    
    Entitlements:
    
    {
    "com.apple.security.automation.apple-events" = 1;
    "com.apple.security.device.audio-input" = 1;
    "com.apple.security.get-task-allow" = 1;
}
    
    builtin-productPackagingUtility /Users/john/repos/vocorize-app/Vocorize/Vocorize.entitlements -entitlements -format xml -o /Users/john/Library/Developer/Xcode/DerivedData/Vocorize-cnefnagdjqmlytftciomotnxheit/Build/Intermediates.noindex/Vocorize.build/Debug/Vocorize.build/Vocorize.app.xcent

ProcessProductPackagingDER /Users/john/Library/Developer/Xcode/DerivedData/Vocorize-cnefnagdjqmlytftciomotnxheit/Build/Intermediates.noindex/Vocorize.build/Debug/Vocorize.build/Vocorize.app.xcent /Users/john/Library/Developer/Xcode/DerivedData/Vocorize-cnefnagdjqmlytftciomotnxheit/Build/Intermediates.noindex/Vocorize.build/Debug/Vocorize.build/Vocorize.app.xcent.der (in target 'Vocorize' from project 'Vocorize')
    cd /Users/john/repos/vocorize-app
    /usr/bin/derq query -f xml -i /Users/john/Library/Developer/Xcode/DerivedData/Vocorize-cnefnagdjqmlytftciomotnxheit/Build/Intermediates.noindex/Vocorize.build/Debug/Vocorize.build/Vocorize.app.xcent -o /Users/john/Library/Developer/Xcode/DerivedData/Vocorize-cnefnagdjqmlytftciomotnxheit/Build/Intermediates.noindex/Vocorize.build/Debug/Vocorize.build/Vocorize.app.xcent.der --raw

GenerateAssetSymbols /Users/john/repos/vocorize-app/Vocorize/Assets.xcassets /Users/john/repos/vocorize-app/Vocorize/Preview\ Content/Preview\ Assets.xcassets (in target 'Vocorize' from project 'Vocorize')
    cd /Users/john/repos/vocorize-app
    /Applications/Xcode.app/Contents/Developer/usr/bin/actool /Users/john/repos/vocorize-app/Vocorize/Assets.xcassets /Users/john/repos/vocorize-app/Vocorize/Preview\ Content/Preview\ Assets.xcassets --compile /Users/john/Library/Developer/Xcode/DerivedData/Vocorize-cnefnagdjqmlytftciomotnxheit/Build/Products/Debug/Vocorize.app/Contents/Resources --output-format human-readable-text --notices --warnings --export-dependency-info /Users/john/Library/Developer/Xcode/DerivedData/Vocorize-cnefnagdjqmlytftciomotnxheit/Build/Intermediates.noindex/Vocorize.build/Debug/Vocorize.build/assetcatalog_dependencies --output-partial-info-plist /Users/john/Library/Developer/Xcode/DerivedData/Vocorize-cnefnagdjqmlytftciomotnxheit/Build/Intermediates.noindex/Vocorize.build/Debug/Vocorize.build/assetcatalog_generated_info.plist --app-icon AppIcon --accent-color AccentColor --enable-on-demand-resources NO --development-region en --target-device mac --minimum-deployment-target 15.0 --platform macosx --bundle-identifier com.tanvir.Vocorize --generate-swift-asset-symbols /Users/john/Library/Developer/Xcode/DerivedData/Vocorize-cnefnagdjqmlytftciomotnxheit/Build/Intermediates.noindex/Vocorize.build/Debug/Vocorize.build/DerivedSources/GeneratedAssetSymbols.swift --generate-objc-asset-symbols /Users/john/Library/Developer/Xcode/DerivedData/Vocorize-cnefnagdjqmlytftciomotnxheit/Build/Intermediates.noindex/Vocorize.build/Debug/Vocorize.build/DerivedSources/GeneratedAssetSymbols.h --generate-asset-symbol-index /Users/john/Library/Developer/Xcode/DerivedData/Vocorize-cnefnagdjqmlytftciomotnxheit/Build/Intermediates.noindex/Vocorize.build/Debug/Vocorize.build/DerivedSources/GeneratedAssetSymbols-Index.plist
/* com.apple.actool.document.warnings */
/Users/john/repos/vocorize-app/Vocorize/Assets.xcassets:./AppIcon.appiconset/[][mac][16x16][][][2x][][][][]: warning: AppIcon.appiconset/mac32.png is 33x33 but should be 32x32.
/Users/john/repos/vocorize-app/Vocorize/Assets.xcassets:./AppIcon.appiconset/[][mac][32x32][][][2x][][][][]: warning: AppIcon.appiconset/mac64.png is 65x65 but should be 64x64.
/Users/john/repos/vocorize-app/Vocorize/Assets.xcassets:./AppIcon.appiconset/[][mac][128x128][][][1x][][][][]: warning: AppIcon.appiconset/mac128.png is 129x129 but should be 128x128.
/Users/john/repos/vocorize-app/Vocorize/Assets.xcassets:./AppIcon.appiconset/[][mac][128x128][][][2x][][][][]: warning: AppIcon.appiconset/mac256.png is 258x258 but should be 256x256.
/Users/john/repos/vocorize-app/Vocorize/Assets.xcassets:./AppIcon.appiconset/[][mac][16x16][][][1x][][][][]: warning: AppIcon.appiconset/mac16.png is 17x17 but should be 16x16.
/Users/john/repos/vocorize-app/Vocorize/Assets.xcassets:./AppIcon.appiconset/[][mac][256x256][][][1x][][][][]: warning: AppIcon.appiconset/mac256.png is 258x258 but should be 256x256.
/Users/john/repos/vocorize-app/Vocorize/Assets.xcassets:./AppIcon.appiconset/[][mac][256x256][][][2x][][][][]: warning: AppIcon.appiconset/mac512.png is 517x518 but should be 512x512.
/Users/john/repos/vocorize-app/Vocorize/Assets.xcassets:./AppIcon.appiconset/[][mac][512x512][][][1x][][][][]: warning: AppIcon.appiconset/mac512.png is 517x518 but should be 512x512.
/Users/john/repos/vocorize-app/Vocorize/Assets.xcassets:./AppIcon.appiconset/[][mac][32x32][][][1x][][][][]: warning: AppIcon.appiconset/mac32.png is 33x33 but should be 32x32.
/* com.apple.actool.compilation-results */
/Users/john/Library/Developer/Xcode/DerivedData/Vocorize-cnefnagdjqmlytftciomotnxheit/Build/Intermediates.noindex/Vocorize.build/Debug/Vocorize.build/DerivedSources/GeneratedAssetSymbols-Index.plist
/Users/john/Library/Developer/Xcode/DerivedData/Vocorize-cnefnagdjqmlytftciomotnxheit/Build/Intermediates.noindex/Vocorize.build/Debug/Vocorize.build/DerivedSources/GeneratedAssetSymbols.h
/Users/john/Library/Developer/Xcode/DerivedData/Vocorize-cnefnagdjqmlytftciomotnxheit/Build/Intermediates.noindex/Vocorize.build/Debug/Vocorize.build/DerivedSources/GeneratedAssetSymbols.swift


CompileAssetCatalogVariant thinned /Users/john/Library/Developer/Xcode/DerivedData/Vocorize-cnefnagdjqmlytftciomotnxheit/Build/Products/Debug/Vocorize.app/Contents/Resources /Users/john/repos/vocorize-app/Vocorize/Assets.xcassets /Users/john/repos/vocorize-app/Vocorize/Preview\ Content/Preview\ Assets.xcassets (in target 'Vocorize' from project 'Vocorize')
    cd /Users/john/repos/vocorize-app
    /Applications/Xcode.app/Contents/Developer/usr/bin/actool /Users/john/repos/vocorize-app/Vocorize/Assets.xcassets /Users/john/repos/vocorize-app/Vocorize/Preview\ Content/Preview\ Assets.xcassets --compile /Users/john/Library/Developer/Xcode/DerivedData/Vocorize-cnefnagdjqmlytftciomotnxheit/Build/Intermediates.noindex/Vocorize.build/Debug/Vocorize.build/assetcatalog_output/thinned --output-format human-readable-text --notices --warnings --export-dependency-info /Users/john/Library/Developer/Xcode/DerivedData/Vocorize-cnefnagdjqmlytftciomotnxheit/Build/Intermediates.noindex/Vocorize.build/Debug/Vocorize.build/assetcatalog_dependencies_thinned --output-partial-info-plist /Users/john/Library/Developer/Xcode/DerivedData/Vocorize-cnefnagdjqmlytftciomotnxheit/Build/Intermediates.noindex/Vocorize.build/Debug/Vocorize.build/assetcatalog_generated_info.plist_thinned --app-icon AppIcon --accent-color AccentColor --enable-on-demand-resources NO --development-region en --target-device mac --minimum-deployment-target 15.0 --platform macosx
/* com.apple.actool.document.warnings */
/Users/john/repos/vocorize-app/Vocorize/Assets.xcassets:./AppIcon.appiconset/[][mac][256x256][][][1x][][][][]: warning: AppIcon.appiconset/mac256.png is 258x258 but should be 256x256.
/Users/john/repos/vocorize-app/Vocorize/Assets.xcassets:./AppIcon.appiconset/[][mac][256x256][][][2x][][][][]: warning: AppIcon.appiconset/mac512.png is 517x518 but should be 512x512.
/Users/john/repos/vocorize-app/Vocorize/Assets.xcassets:./AppIcon.appiconset/[][mac][512x512][][][1x][][][][]: warning: AppIcon.appiconset/mac512.png is 517x518 but should be 512x512.
/Users/john/repos/vocorize-app/Vocorize/Assets.xcassets:./AppIcon.appiconset/[][mac][32x32][][][1x][][][][]: warning: AppIcon.appiconset/mac32.png is 33x33 but should be 32x32.
/Users/john/repos/vocorize-app/Vocorize/Assets.xcassets:./AppIcon.appiconset/[][mac][128x128][][][2x][][][][]: warning: AppIcon.appiconset/mac256.png is 258x258 but should be 256x256.
/Users/john/repos/vocorize-app/Vocorize/Assets.xcassets:./AppIcon.appiconset/[][mac][16x16][][][2x][][][][]: warning: AppIcon.appiconset/mac32.png is 33x33 but should be 32x32.
/Users/john/repos/vocorize-app/Vocorize/Assets.xcassets:./AppIcon.appiconset/[][mac][128x128][][][1x][][][][]: warning: AppIcon.appiconset/mac128.png is 129x129 but should be 128x128.
/Users/john/repos/vocorize-app/Vocorize/Assets.xcassets:./AppIcon.appiconset/[][mac][16x16][][][1x][][][][]: warning: AppIcon.appiconset/mac16.png is 17x17 but should be 16x16.
/Users/john/repos/vocorize-app/Vocorize/Assets.xcassets:./AppIcon.appiconset/[][mac][32x32][][][2x][][][][]: warning: AppIcon.appiconset/mac64.png is 65x65 but should be 64x64.
/Users/john/repos/vocorize-app/Vocorize/Assets.xcassets:./AppIcon.appiconset/[][mac][256x256][][][1x][][][][]: warning: AppIcon.appiconset/mac256.png is 258x258 but should be 256x256.
/Users/john/repos/vocorize-app/Vocorize/Assets.xcassets:./AppIcon.appiconset/[][mac][256x256][][][2x][][][][]: warning: AppIcon.appiconset/mac512.png is 517x518 but should be 512x512.
/Users/john/repos/vocorize-app/Vocorize/Assets.xcassets:./AppIcon.appiconset/[][mac][512x512][][][1x][][][][]: warning: AppIcon.appiconset/mac512.png is 517x518 but should be 512x512.
/Users/john/repos/vocorize-app/Vocorize/Assets.xcassets:./AppIcon.appiconset/[][mac][32x32][][][1x][][][][]: warning: AppIcon.appiconset/mac32.png is 33x33 but should be 32x32.
/Users/john/repos/vocorize-app/Vocorize/Assets.xcassets:./AppIcon.appiconset/[][mac][128x128][][][2x][][][][]: warning: AppIcon.appiconset/mac256.png is 258x258 but should be 256x256.
/Users/john/repos/vocorize-app/Vocorize/Assets.xcassets:./AppIcon.appiconset/[][mac][16x16][][][2x][][][][]: warning: AppIcon.appiconset/mac32.png is 33x33 but should be 32x32.
/Users/john/repos/vocorize-app/Vocorize/Assets.xcassets:./AppIcon.appiconset/[][mac][128x128][][][1x][][][][]: warning: AppIcon.appiconset/mac128.png is 129x129 but should be 128x128.
/Users/john/repos/vocorize-app/Vocorize/Assets.xcassets:./AppIcon.appiconset/[][mac][16x16][][][1x][][][][]: warning: AppIcon.appiconset/mac16.png is 17x17 but should be 16x16.
/Users/john/repos/vocorize-app/Vocorize/Assets.xcassets:./AppIcon.appiconset/[][mac][32x32][][][2x][][][][]: warning: AppIcon.appiconset/mac64.png is 65x65 but should be 64x64.
/* com.apple.actool.compilation-results */
/Users/john/Library/Developer/Xcode/DerivedData/Vocorize-cnefnagdjqmlytftciomotnxheit/Build/Intermediates.noindex/Vocorize.build/Debug/Vocorize.build/assetcatalog_generated_info.plist_thinned
/Users/john/Library/Developer/Xcode/DerivedData/Vocorize-cnefnagdjqmlytftciomotnxheit/Build/Intermediates.noindex/Vocorize.build/Debug/Vocorize.build/assetcatalog_output/thinned/AppIcon.icns
/Users/john/Library/Developer/Xcode/DerivedData/Vocorize-cnefnagdjqmlytftciomotnxheit/Build/Intermediates.noindex/Vocorize.build/Debug/Vocorize.build/assetcatalog_output/thinned/Assets.car


SwiftDriver Vocorize normal arm64 com.apple.xcode.tools.swift.compiler (in target 'Vocorize' from project 'Vocorize')
    cd /Users/john/repos/vocorize-app
    builtin-SwiftDriver -- /Applications/Xcode.app/Contents/Developer/Toolchains/XcodeDefault.xctoolchain/usr/bin/swiftc -module-name Vocorize -Onone -enforce-exclusivity\=checked @/Users/john/Library/Developer/Xcode/DerivedData/Vocorize-cnefnagdjqmlytftciomotnxheit/Build/Intermediates.noindex/Vocorize.build/Debug/Vocorize.build/Objects-normal/arm64/Vocorize.SwiftFileList -DDEBUG -Xcc -fmodule-map-file\=/Users/john/Library/Developer/Xcode/DerivedData/Vocorize-cnefnagdjqmlytftciomotnxheit/Build/Intermediates.noindex/GeneratedModuleMaps/UIKitNavigationShim.modulemap -enable-bare-slash-regex -enable-experimental-feature DebugDescriptionMacro -sdk /Applications/Xcode.app/Contents/Developer/Platforms/MacOSX.platform/Developer/SDKs/MacOSX15.5.sdk -target arm64-apple-macos15.0 -g -module-cache-path /Users/john/Library/Developer/Xcode/DerivedData/ModuleCache.noindex -Xfrontend -serialize-debugging-options -profile-coverage-mapping -profile-generate -enable-testing -index-store-path /Users/john/Library/Developer/Xcode/DerivedData/Vocorize-cnefnagdjqmlytftciomotnxheit/Index.noindex/DataStore -swift-version 5 -I /Users/john/Library/Developer/Xcode/DerivedData/Vocorize-cnefnagdjqmlytftciomotnxheit/Build/Products/Debug -F /Users/john/Library/Developer/Xcode/DerivedData/Vocorize-cnefnagdjqmlytftciomotnxheit/Build/Products/Debug/PackageFrameworks -F /Users/john/Library/Developer/Xcode/DerivedData/Vocorize-cnefnagdjqmlytftciomotnxheit/Build/Products/Debug/PackageFrameworks -F /Users/john/Library/Developer/Xcode/DerivedData/Vocorize-cnefnagdjqmlytftciomotnxheit/Build/Products/Debug/PackageFrameworks -F /Users/john/Library/Developer/Xcode/DerivedData/Vocorize-cnefnagdjqmlytftciomotnxheit/Build/Products/Debug/PackageFrameworks -F /Users/john/Library/Developer/Xcode/DerivedData/Vocorize-cnefnagdjqmlytftciomotnxheit/Build/Products/Debug/PackageFrameworks -F /Users/john/Library/Developer/Xcode/DerivedData/Vocorize-cnefnagdjqmlytftciomotnxheit/Build/Products/Debug/PackageFrameworks -F /Users/john/Library/Developer/Xcode/DerivedData/Vocorize-cnefnagdjqmlytftciomotnxheit/Build/Products/Debug/PackageFrameworks -F /Users/john/Library/Developer/Xcode/DerivedData/Vocorize-cnefnagdjqmlytftciomotnxheit/Build/Products/Debug/PackageFrameworks -F /Users/john/Library/Developer/Xcode/DerivedData/Vocorize-cnefnagdjqmlytftciomotnxheit/Build/Products/Debug/PackageFrameworks -F /Users/john/Library/Developer/Xcode/DerivedData/Vocorize-cnefnagdjqmlytftciomotnxheit/Build/Products/Debug/PackageFrameworks -F /Users/john/Library/Developer/Xcode/DerivedData/Vocorize-cnefnagdjqmlytftciomotnxheit/Build/Products/Debug/PackageFrameworks -F /Users/john/Library/Developer/Xcode/DerivedData/Vocorize-cnefnagdjqmlytftciomotnxheit/Build/Products/Debug/PackageFrameworks -F /Users/john/Library/Developer/Xcode/DerivedData/Vocorize-cnefnagdjqmlytftciomotnxheit/Build/Products/Debug/PackageFrameworks -F /Users/john/Library/Developer/Xcode/DerivedData/Vocorize-cnefnagdjqmlytftciomotnxheit/Build/Products/Debug/PackageFrameworks -F /Users/john/Library/Developer/Xcode/DerivedData/Vocorize-cnefnagdjqmlytftciomotnxheit/Build/Products/Debug/PackageFrameworks -F /Users/john/Library/Developer/Xcode/DerivedData/Vocorize-cnefnagdjqmlytftciomotnxheit/Build/Products/Debug/PackageFrameworks -F /Users/john/Library/Developer/Xcode/DerivedData/Vocorize-cnefnagdjqmlytftciomotnxheit/Build/Products/Debug/PackageFrameworks -F /Users/john/Library/Developer/Xcode/DerivedData/Vocorize-cnefnagdjqmlytftciomotnxheit/Build/Products/Debug/PackageFrameworks -F /Users/john/Library/Developer/Xcode/DerivedData/Vocorize-cnefnagdjqmlytftciomotnxheit/Build/Products/Debug/PackageFrameworks -F /Users/john/Library/Developer/Xcode/DerivedData/Vocorize-cnefnagdjqmlytftciomotnxheit/Build/Products/Debug/PackageFrameworks -F /Users/john/Library/Developer/Xcode/DerivedData/Vocorize-cnefnagdjqmlytftciomotnxheit/Build/Products/Debug/PackageFrameworks -F /Users/john/Library/Developer/Xcode/DerivedData/Vocorize-cnefnagdjqmlytftciomotnxheit/Build/Products/Debug/PackageFrameworks -F /Users/john/Library/Developer/Xcode/DerivedData/Vocorize-cnefnagdjqmlytftciomotnxheit/Build/Products/Debug/PackageFrameworks -F /Users/john/Library/Developer/Xcode/DerivedData/Vocorize-cnefnagdjqmlytftciomotnxheit/Build/Products/Debug/PackageFrameworks -F /Users/john/Library/Developer/Xcode/DerivedData/Vocorize-cnefnagdjqmlytftciomotnxheit/Build/Products/Debug/PackageFrameworks -F /Users/john/Library/Developer/Xcode/DerivedData/Vocorize-cnefnagdjqmlytftciomotnxheit/Build/Products/Debug/PackageFrameworks -F /Users/john/Library/Developer/Xcode/DerivedData/Vocorize-cnefnagdjqmlytftciomotnxheit/Build/Products/Debug/PackageFrameworks -F /Users/john/Library/Developer/Xcode/DerivedData/Vocorize-cnefnagdjqmlytftciomotnxheit/Build/Products/Debug/PackageFrameworks -F /Users/john/Library/Developer/Xcode/DerivedData/Vocorize-cnefnagdjqmlytftciomotnxheit/Build/Products/Debug/PackageFrameworks -F /Users/john/Library/Developer/Xcode/DerivedData/Vocorize-cnefnagdjqmlytftciomotnxheit/Build/Products/Debug/PackageFrameworks -F /Users/john/Library/Developer/Xcode/DerivedData/Vocorize-cnefnagdjqmlytftciomotnxheit/Build/Products/Debug/PackageFrameworks -F /Users/john/Library/Developer/Xcode/DerivedData/Vocorize-cnefnagdjqmlytftciomotnxheit/Build/Products/Debug/PackageFrameworks -F /Users/john/Library/Developer/Xcode/DerivedData/Vocorize-cnefnagdjqmlytftciomotnxheit/Build/Products/Debug/PackageFrameworks -F /Users/john/Library/Developer/Xcode/DerivedData/Vocorize-cnefnagdjqmlytftciomotnxheit/Build/Products/Debug/PackageFrameworks -F /Users/john/Library/Developer/Xcode/DerivedData/Vocorize-cnefnagdjqmlytftciomotnxheit/Build/Products/Debug/PackageFrameworks -F /Users/john/Library/Developer/Xcode/DerivedData/Vocorize-cnefnagdjqmlytftciomotnxheit/Build/Products/Debug/PackageFrameworks -F /Users/john/Library/Developer/Xcode/DerivedData/Vocorize-cnefnagdjqmlytftciomotnxheit/Build/Products/Debug/PackageFrameworks -F /Users/john/Library/Developer/Xcode/DerivedData/Vocorize-cnefnagdjqmlytftciomotnxheit/Build/Products/Debug -Xfrontend -load-plugin-executable -Xfrontend /Users/john/Library/Developer/Xcode/DerivedData/Vocorize-cnefnagdjqmlytftciomotnxheit/Build/Products/Debug/CasePathsMacros\#CasePathsMacros -Xfrontend -load-plugin-executable -Xfrontend /Users/john/Library/Developer/Xcode/DerivedData/Vocorize-cnefnagdjqmlytftciomotnxheit/Build/Products/Debug/ComposableArchitectureMacros\#ComposableArchitectureMacros -Xfrontend -load-plugin-executable -Xfrontend /Users/john/Library/Developer/Xcode/DerivedData/Vocorize-cnefnagdjqmlytftciomotnxheit/Build/Products/Debug/DependenciesMacrosPlugin\#DependenciesMacrosPlugin -Xfrontend -load-plugin-executable -Xfrontend /Users/john/Library/Developer/Xcode/DerivedData/Vocorize-cnefnagdjqmlytftciomotnxheit/Build/Products/Debug/PerceptionMacros\#PerceptionMacros -emit-localized-strings -emit-localized-strings-path /Users/john/Library/Developer/Xcode/DerivedData/Vocorize-cnefnagdjqmlytftciomotnxheit/Build/Intermediates.noindex/Vocorize.build/Debug/Vocorize.build/Objects-normal/arm64 -c -j12 -enable-batch-mode -incremental -Xcc -ivfsstatcache -Xcc /Users/john/Library/Developer/Xcode/DerivedData/SDKStatCaches.noindex/macosx15.5-24F74-8254517eb8b97d462ccbc072ba9094c9.sdkstatcache -output-file-map /Users/john/Library/Developer/Xcode/DerivedData/Vocorize-cnefnagdjqmlytftciomotnxheit/Build/Intermediates.noindex/Vocorize.build/Debug/Vocorize.build/Objects-normal/arm64/Vocorize-OutputFileMap.json -use-frontend-parseable-output -save-temps -no-color-diagnostics -serialize-diagnostics -emit-dependencies -emit-module -emit-module-path /Users/john/Library/Developer/Xcode/DerivedData/Vocorize-cnefnagdjqmlytftciomotnxheit/Build/Intermediates.noindex/Vocorize.build/Debug/Vocorize.build/Objects-normal/arm64/Vocorize.swiftmodule -validate-clang-modules-once -clang-build-session-file /Users/john/Library/Developer/Xcode/DerivedData/ModuleCache.noindex/Session.modulevalidation -Xcc -I/Users/john/Library/Developer/Xcode/DerivedData/Vocorize-cnefnagdjqmlytftciomotnxheit/Build/Intermediates.noindex/Vocorize.build/Debug/Vocorize.build/swift-overrides.hmap -emit-const-values -Xfrontend -const-gather-protocols-file -Xfrontend /Users/john/Library/Developer/Xcode/DerivedData/Vocorize-cnefnagdjqmlytftciomotnxheit/Build/Intermediates.noindex/Vocorize.build/Debug/Vocorize.build/Objects-normal/arm64/Vocorize_const_extract_protocols.json -Xcc -iquote -Xcc /Users/john/Library/Developer/Xcode/DerivedData/Vocorize-cnefnagdjqmlytftciomotnxheit/Build/Intermediates.noindex/Vocorize.build/Debug/Vocorize.build/Vocorize-generated-files.hmap -Xcc -I/Users/john/Library/Developer/Xcode/DerivedData/Vocorize-cnefnagdjqmlytftciomotnxheit/Build/Intermediates.noindex/Vocorize.build/Debug/Vocorize.build/Vocorize-own-target-headers.hmap -Xcc -I/Users/john/Library/Developer/Xcode/DerivedData/Vocorize-cnefnagdjqmlytftciomotnxheit/Build/Intermediates.noindex/Vocorize.build/Debug/Vocorize.build/Vocorize-all-non-framework-target-headers.hmap -Xcc -ivfsoverlay -Xcc /Users/john/Library/Developer/Xcode/DerivedData/Vocorize-cnefnagdjqmlytftciomotnxheit/Build/Intermediates.noindex/Vocorize.build/Debug/Vocorize-404fb66583ceea760e342b97033db0ae-VFS/all-product-headers.yaml -Xcc -iquote -Xcc /Users/john/Library/Developer/Xcode/DerivedData/Vocorize-cnefnagdjqmlytftciomotnxheit/Build/Intermediates.noindex/Vocorize.build/Debug/Vocorize.build/Vocorize-project-headers.hmap -Xcc -I/Users/john/Library/Developer/Xcode/DerivedData/Vocorize-cnefnagdjqmlytftciomotnxheit/SourcePackages/checkouts/swift-cmark/src/include -Xcc -I/Users/john/Library/Developer/Xcode/DerivedData/Vocorize-cnefnagdjqmlytftciomotnxheit/SourcePackages/checkouts/swift-cmark/extensions/include -Xcc -I/Users/john/Library/Developer/Xcode/DerivedData/Vocorize-cnefnagdjqmlytftciomotnxheit/SourcePackages/checkouts/swift-navigation/Sources/UIKitNavigationShim/include -Xcc -I/Users/john/Library/Developer/Xcode/DerivedData/Vocorize-cnefnagdjqmlytftciomotnxheit/Build/Products/Debug/include -Xcc -I/Users/john/Library/Developer/Xcode/DerivedData/Vocorize-cnefnagdjqmlytftciomotnxheit/Build/Intermediates.noindex/Vocorize.build/Debug/Vocorize.build/DerivedSources-normal/arm64 -Xcc -I/Users/john/Library/Developer/Xcode/DerivedData/Vocorize-cnefnagdjqmlytftciomotnxheit/Build/Intermediates.noindex/Vocorize.build/Debug/Vocorize.build/DerivedSources/arm64 -Xcc -I/Users/john/Library/Developer/Xcode/DerivedData/Vocorize-cnefnagdjqmlytftciomotnxheit/Build/Intermediates.noindex/Vocorize.build/Debug/Vocorize.build/DerivedSources -Xcc -DDEBUG\=1 -emit-objc-header -emit-objc-header-path /Users/john/Library/Developer/Xcode/DerivedData/Vocorize-cnefnagdjqmlytftciomotnxheit/Build/Intermediates.noindex/Vocorize.build/Debug/Vocorize.build/Objects-normal/arm64/Vocorize-Swift.h -working-directory /Users/john/repos/vocorize-app -experimental-emit-module-separately -disable-cmo

SwiftCompile normal arm64 Compiling\ GeneratedAssetSymbols.swift /Users/john/Library/Developer/Xcode/DerivedData/Vocorize-cnefnagdjqmlytftciomotnxheit/Build/Intermediates.noindex/Vocorize.build/Debug/Vocorize.build/DerivedSources/GeneratedAssetSymbols.swift (in target 'Vocorize' from project 'Vocorize')
/Applications/Xcode.app/Contents/Developer/Toolchains/XcodeDefault.xctoolchain/usr/bin/swift-frontend -frontend -c /Users/john/repos/vocorize-app/Vocorize/Features/Settings/SettingsFeature.swift /Users/john/repos/vocorize-app/Vocorize/Models/TranscriptionModels.swift /Users/john/repos/vocorize-app/Vocorize/Clients/RecordingClient.swift /Users/john/repos/vocorize-app/Vocorize/Features/Settings/ChangelogView.swift /Users/john/repos/vocorize-app/Vocorize/Clients/Providers/WhisperKitProvider.swift /Users/john/repos/vocorize-app/Vocorize/Features/History/HistoryFeature.swift /Users/john/repos/vocorize-app/Vocorize/Features/Transcription/HotKeyProcessor.swift /Users/john/repos/vocorize-app/Vocorize/Clients/Providers/TranscriptionProvider.swift /Users/john/repos/vocorize-app/Vocorize/App/VocorizeApp.swift /Users/john/repos/vocorize-app/Vocorize/Clients/TranscriptionClient.swift /Users/john/repos/vocorize-app/Vocorize/Features/Settings/ModelDownloadFeature.swift /Users/john/repos/vocorize-app/Vocorize/Models/Language.swift /Users/john/repos/vocorize-app/Vocorize/Clients/PasteboardClient.swift /Users/john/repos/vocorize-app/Vocorize/Features/Settings/AboutView.swift /Users/john/repos/vocorize-app/Vocorize/Features/Transcription/TranscriptionIndicatorView.swift /Users/john/repos/vocorize-app/Vocorize/Clients/Providers/TranscriptionProviderTypes.swift /Users/john/repos/vocorize-app/Vocorize/Views/InvisibleWindow.swift /Users/john/repos/vocorize-app/Vocorize/Features/Settings/SettingsView.swift /Users/john/repos/vocorize-app/Vocorize/App/CheckForUpdatesView.swift /Users/john/repos/vocorize-app/Vocorize/Models/VocorizeSettings.swift /Users/john/repos/vocorize-app/Vocorize/Clients/SoundEffect.swift /Users/john/repos/vocorize-app/Vocorize/Features/Settings/HotKeyView.swift /Users/john/repos/vocorize-app/Vocorize/Models/HotKey.swift /Users/john/repos/vocorize-app/Vocorize/Clients/KeyEventMonitorClient.swift /Users/john/repos/vocorize-app/Vocorize/Features/Transcription/TranscriptionFeature.swift /Users/john/repos/vocorize-app/Vocorize/Clients/Providers/TranscriptionProviderRegistry.swift /Users/john/repos/vocorize-app/Vocorize/Features/App/AppFeature.swift /Users/john/repos/vocorize-app/Vocorize/Features/Stats/StatsFeature.swift /Users/john/repos/vocorize-app/Vocorize/App/VocorizeAppDelegate.swift -primary-file /Users/john/Library/Developer/Xcode/DerivedData/Vocorize-cnefnagdjqmlytftciomotnxheit/Build/Intermediates.noindex/Vocorize.build/Debug/Vocorize.build/DerivedSources/GeneratedAssetSymbols.swift -emit-dependencies-path /Users/john/Library/Developer/Xcode/DerivedData/Vocorize-cnefnagdjqmlytftciomotnxheit/Build/Intermediates.noindex/Vocorize.build/Debug/Vocorize.build/Objects-normal/arm64/GeneratedAssetSymbols.d -emit-const-values-path /Users/john/Library/Developer/Xcode/DerivedData/Vocorize-cnefnagdjqmlytftciomotnxheit/Build/Intermediates.noindex/Vocorize.build/Debug/Vocorize.build/Objects-normal/arm64/GeneratedAssetSymbols.swiftconstvalues -emit-reference-dependencies-path /Users/john/Library/Developer/Xcode/DerivedData/Vocorize-cnefnagdjqmlytftciomotnxheit/Build/Intermediates.noindex/Vocorize.build/Debug/Vocorize.build/Objects-normal/arm64/GeneratedAssetSymbols.swiftdeps -serialize-diagnostics-path /Users/john/Library/Developer/Xcode/DerivedData/Vocorize-cnefnagdjqmlytftciomotnxheit/Build/Intermediates.noindex/Vocorize.build/Debug/Vocorize.build/Objects-normal/arm64/GeneratedAssetSymbols.dia -emit-localized-strings -emit-localized-strings-path /Users/john/Library/Developer/Xcode/DerivedData/Vocorize-cnefnagdjqmlytftciomotnxheit/Build/Intermediates.noindex/Vocorize.build/Debug/Vocorize.build/Objects-normal/arm64 -target arm64-apple-macos15.0 -Xllvm -aarch64-use-tbi -enable-objc-interop -stack-check -sdk /Applications/Xcode.app/Contents/Developer/Platforms/MacOSX.platform/Developer/SDKs/MacOSX15.5.sdk -I /Users/john/Library/Developer/Xcode/DerivedData/Vocorize-cnefnagdjqmlytftciomotnxheit/Build/Products/Debug -F /Users/john/Library/Developer/Xcode/DerivedData/Vocorize-cnefnagdjqmlytftciomotnxheit/Build/Products/Debug/PackageFrameworks -F /Users/john/Library/Developer/Xcode/DerivedData/Vocorize-cnefnagdjqmlytftciomotnxheit/Build/Products/Debug/PackageFrameworks -F /Users/john/Library/Developer/Xcode/DerivedData/Vocorize-cnefnagdjqmlytftciomotnxheit/Build/Products/Debug/PackageFrameworks -F /Users/john/Library/Developer/Xcode/DerivedData/Vocorize-cnefnagdjqmlytftciomotnxheit/Build/Products/Debug/PackageFrameworks -F /Users/john/Library/Developer/Xcode/DerivedData/Vocorize-cnefnagdjqmlytftciomotnxheit/Build/Products/Debug/PackageFrameworks -F /Users/john/Library/Developer/Xcode/DerivedData/Vocorize-cnefnagdjqmlytftciomotnxheit/Build/Products/Debug/PackageFrameworks -F /Users/john/Library/Developer/Xcode/DerivedData/Vocorize-cnefnagdjqmlytftciomotnxheit/Build/Products/Debug/PackageFrameworks -F /Users/john/Library/Developer/Xcode/DerivedData/Vocorize-cnefnagdjqmlytftciomotnxheit/Build/Products/Debug/PackageFrameworks -F /Users/john/Library/Developer/Xcode/DerivedData/Vocorize-cnefnagdjqmlytftciomotnxheit/Build/Products/Debug/PackageFrameworks -F /Users/john/Library/Developer/Xcode/DerivedData/Vocorize-cnefnagdjqmlytftciomotnxheit/Build/Products/Debug/PackageFrameworks -F /Users/john/Library/Developer/Xcode/DerivedData/Vocorize-cnefnagdjqmlytftciomotnxheit/Build/Products/Debug/PackageFrameworks -F /Users/john/Library/Developer/Xcode/DerivedData/Vocorize-cnefnagdjqmlytftciomotnxheit/Build/Products/Debug/PackageFrameworks -F /Users/john/Library/Developer/Xcode/DerivedData/Vocorize-cnefnagdjqmlytftciomotnxheit/Build/Products/Debug/PackageFrameworks -F /Users/john/Library/Developer/Xcode/DerivedData/Vocorize-cnefnagdjqmlytftciomotnxheit/Build/Products/Debug/PackageFrameworks -F /Users/john/Library/Developer/Xcode/DerivedData/Vocorize-cnefnagdjqmlytftciomotnxheit/Build/Products/Debug/PackageFrameworks -F /Users/john/Library/Developer/Xcode/DerivedData/Vocorize-cnefnagdjqmlytftciomotnxheit/Build/Products/Debug/PackageFrameworks -F /Users/john/Library/Developer/Xcode/DerivedData/Vocorize-cnefnagdjqmlytftciomotnxheit/Build/Products/Debug/PackageFrameworks -F /Users/john/Library/Developer/Xcode/DerivedData/Vocorize-cnefnagdjqmlytftciomotnxheit/Build/Products/Debug/PackageFrameworks -F /Users/john/Library/Developer/Xcode/DerivedData/Vocorize-cnefnagdjqmlytftciomotnxheit/Build/Products/Debug/PackageFrameworks -F /Users/john/Library/Developer/Xcode/DerivedData/Vocorize-cnefnagdjqmlytftciomotnxheit/Build/Products/Debug/PackageFrameworks -F /Users/john/Library/Developer/Xcode/DerivedData/Vocorize-cnefnagdjqmlytftciomotnxheit/Build/Products/Debug/PackageFrameworks -F /Users/john/Library/Developer/Xcode/DerivedData/Vocorize-cnefnagdjqmlytftciomotnxheit/Build/Products/Debug/PackageFrameworks -F /Users/john/Library/Developer/Xcode/DerivedData/Vocorize-cnefnagdjqmlytftciomotnxheit/Build/Products/Debug/PackageFrameworks -F /Users/john/Library/Developer/Xcode/DerivedData/Vocorize-cnefnagdjqmlytftciomotnxheit/Build/Products/Debug/PackageFrameworks -F /Users/john/Library/Developer/Xcode/DerivedData/Vocorize-cnefnagdjqmlytftciomotnxheit/Build/Products/Debug/PackageFrameworks -F /Users/john/Library/Developer/Xcode/DerivedData/Vocorize-cnefnagdjqmlytftciomotnxheit/Build/Products/Debug/PackageFrameworks -F /Users/john/Library/Developer/Xcode/DerivedData/Vocorize-cnefnagdjqmlytftciomotnxheit/Build/Products/Debug/PackageFrameworks -F /Users/john/Library/Developer/Xcode/DerivedData/Vocorize-cnefnagdjqmlytftciomotnxheit/Build/Products/Debug/PackageFrameworks -F /Users/john/Library/Developer/Xcode/DerivedData/Vocorize-cnefnagdjqmlytftciomotnxheit/Build/Products/Debug/PackageFrameworks -F /Users/john/Library/Developer/Xcode/DerivedData/Vocorize-cnefnagdjqmlytftciomotnxheit/Build/Products/Debug/PackageFrameworks -F /Users/john/Library/Developer/Xcode/DerivedData/Vocorize-cnefnagdjqmlytftciomotnxheit/Build/Products/Debug/PackageFrameworks -F /Users/john/Library/Developer/Xcode/DerivedData/Vocorize-cnefnagdjqmlytftciomotnxheit/Build/Products/Debug/PackageFrameworks -F /Users/john/Library/Developer/Xcode/DerivedData/Vocorize-cnefnagdjqmlytftciomotnxheit/Build/Products/Debug/PackageFrameworks -F /Users/john/Library/Developer/Xcode/DerivedData/Vocorize-cnefnagdjqmlytftciomotnxheit/Build/Products/Debug/PackageFrameworks -F /Users/john/Library/Developer/Xcode/DerivedData/Vocorize-cnefnagdjqmlytftciomotnxheit/Build/Products/Debug/PackageFrameworks -F /Users/john/Library/Developer/Xcode/DerivedData/Vocorize-cnefnagdjqmlytftciomotnxheit/Build/Products/Debug/PackageFrameworks -F /Users/john/Library/Developer/Xcode/DerivedData/Vocorize-cnefnagdjqmlytftciomotnxheit/Build/Products/Debug/PackageFrameworks -F /Users/john/Library/Developer/Xcode/DerivedData/Vocorize-cnefnagdjqmlytftciomotnxheit/Build/Products/Debug -no-color-diagnostics -enable-testing -g -debug-info-format\=dwarf -dwarf-version\=5 -module-cache-path /Users/john/Library/Developer/Xcode/DerivedData/ModuleCache.noindex -profile-generate -profile-coverage-mapping -swift-version 5 -enforce-exclusivity\=checked -Onone -D DEBUG -serialize-debugging-options -load-plugin-executable /Users/john/Library/Developer/Xcode/DerivedData/Vocorize-cnefnagdjqmlytftciomotnxheit/Build/Products/Debug/CasePathsMacros\#CasePathsMacros -load-plugin-executable /Users/john/Library/Developer/Xcode/DerivedData/Vocorize-cnefnagdjqmlytftciomotnxheit/Build/Products/Debug/ComposableArchitectureMacros\#ComposableArchitectureMacros -load-plugin-executable /Users/john/Library/Developer/Xcode/DerivedData/Vocorize-cnefnagdjqmlytftciomotnxheit/Build/Products/Debug/DependenciesMacrosPlugin\#DependenciesMacrosPlugin -load-plugin-executable /Users/john/Library/Developer/Xcode/DerivedData/Vocorize-cnefnagdjqmlytftciomotnxheit/Build/Products/Debug/PerceptionMacros\#PerceptionMacros -const-gather-protocols-file /Users/john/Library/Developer/Xcode/DerivedData/Vocorize-cnefnagdjqmlytftciomotnxheit/Build/Intermediates.noindex/Vocorize.build/Debug/Vocorize.build/Objects-normal/arm64/Vocorize_const_extract_protocols.json -enable-experimental-feature DebugDescriptionMacro -enable-bare-slash-regex -empty-abi-descriptor -validate-clang-modules-once -clang-build-session-file /Users/john/Library/Developer/Xcode/DerivedData/ModuleCache.noindex/Session.modulevalidation -Xcc -working-directory -Xcc /Users/john/repos/vocorize-app -resource-dir /Applications/Xcode.app/Contents/Developer/Toolchains/XcodeDefault.xctoolchain/usr/lib/swift -enable-anonymous-context-mangled-names -file-compilation-dir /Users/john/repos/vocorize-app -Xcc -fmodule-map-file\=/Users/john/Library/Developer/Xcode/DerivedData/Vocorize-cnefnagdjqmlytftciomotnxheit/Build/Intermediates.noindex/GeneratedModuleMaps/UIKitNavigationShim.modulemap -Xcc -ivfsstatcache -Xcc /Users/john/Library/Developer/Xcode/DerivedData/SDKStatCaches.noindex/macosx15.5-24F74-8254517eb8b97d462ccbc072ba9094c9.sdkstatcache -Xcc -I/Users/john/Library/Developer/Xcode/DerivedData/Vocorize-cnefnagdjqmlytftciomotnxheit/Build/Intermediates.noindex/Vocorize.build/Debug/Vocorize.build/swift-overrides.hmap -Xcc -iquote -Xcc /Users/john/Library/Developer/Xcode/DerivedData/Vocorize-cnefnagdjqmlytftciomotnxheit/Build/Intermediates.noindex/Vocorize.build/Debug/Vocorize.build/Vocorize-generated-files.hmap -Xcc -I/Users/john/Library/Developer/Xcode/DerivedData/Vocorize-cnefnagdjqmlytftciomotnxheit/Build/Intermediates.noindex/Vocorize.build/Debug/Vocorize.build/Vocorize-own-target-headers.hmap -Xcc -I/Users/john/Library/Developer/Xcode/DerivedData/Vocorize-cnefnagdjqmlytftciomotnxheit/Build/Intermediates.noindex/Vocorize.build/Debug/Vocorize.build/Vocorize-all-non-framework-target-headers.hmap -Xcc -ivfsoverlay -Xcc /Users/john/Library/Developer/Xcode/DerivedData/Vocorize-cnefnagdjqmlytftciomotnxheit/Build/Intermediates.noindex/Vocorize.build/Debug/Vocorize-404fb66583ceea760e342b97033db0ae-VFS/all-product-headers.yaml -Xcc -iquote -Xcc /Users/john/Library/Developer/Xcode/DerivedData/Vocorize-cnefnagdjqmlytftciomotnxheit/Build/Intermediates.noindex/Vocorize.build/Debug/Vocorize.build/Vocorize-project-headers.hmap -Xcc -I/Users/john/Library/Developer/Xcode/DerivedData/Vocorize-cnefnagdjqmlytftciomotnxheit/SourcePackages/checkouts/swift-cmark/src/include -Xcc -I/Users/john/Library/Developer/Xcode/DerivedData/Vocorize-cnefnagdjqmlytftciomotnxheit/SourcePackages/checkouts/swift-cmark/extensions/include -Xcc -I/Users/john/Library/Developer/Xcode/DerivedData/Vocorize-cnefnagdjqmlytftciomotnxheit/SourcePackages/checkouts/swift-navigation/Sources/UIKitNavigationShim/include -Xcc -I/Users/john/Library/Developer/Xcode/DerivedData/Vocorize-cnefnagdjqmlytftciomotnxheit/Build/Products/Debug/include -Xcc -I/Users/john/Library/Developer/Xcode/DerivedData/Vocorize-cnefnagdjqmlytftciomotnxheit/Build/Intermediates.noindex/Vocorize.build/Debug/Vocorize.build/DerivedSources-normal/arm64 -Xcc -I/Users/john/Library/Developer/Xcode/DerivedData/Vocorize-cnefnagdjqmlytftciomotnxheit/Build/Intermediates.noindex/Vocorize.build/Debug/Vocorize.build/DerivedSources/arm64 -Xcc -I/Users/john/Library/Developer/Xcode/DerivedData/Vocorize-cnefnagdjqmlytftciomotnxheit/Build/Intermediates.noindex/Vocorize.build/Debug/Vocorize.build/DerivedSources -Xcc -DDEBUG\=1 -module-name Vocorize -frontend-parseable-output -disable-clang-spi -target-sdk-version 15.5 -target-sdk-name macosx15.5 -external-plugin-path /Applications/Xcode.app/Contents/Developer/Platforms/MacOSX.platform/Developer/usr/lib/swift/host/plugins\#/Applications/Xcode.app/Contents/Developer/Platforms/MacOSX.platform/Developer/usr/bin/swift-plugin-server -external-plugin-path /Applications/Xcode.app/Contents/Developer/Platforms/MacOSX.platform/Developer/usr/local/lib/swift/host/plugins\#/Applications/Xcode.app/Contents/Developer/Platforms/MacOSX.platform/Developer/usr/bin/swift-plugin-server -in-process-plugin-server-path /Applications/Xcode.app/Contents/Developer/Toolchains/XcodeDefault.xctoolchain/usr/lib/swift/host/libSwiftInProcPluginServer.dylib -plugin-path /Applications/Xcode.app/Contents/Developer/Toolchains/XcodeDefault.xctoolchain/usr/lib/swift/host/plugins -plugin-path /Applications/Xcode.app/Contents/Developer/Toolchains/XcodeDefault.xctoolchain/usr/local/lib/swift/host/plugins -o /Users/john/Library/Developer/Xcode/DerivedData/Vocorize-cnefnagdjqmlytftciomotnxheit/Build/Intermediates.noindex/Vocorize.build/Debug/Vocorize.build/Objects-normal/arm64/GeneratedAssetSymbols.o -index-unit-output-path /Vocorize.build/Debug/Vocorize.build/Objects-normal/arm64/GeneratedAssetSymbols.o -index-store-path /Users/john/Library/Developer/Xcode/DerivedData/Vocorize-cnefnagdjqmlytftciomotnxheit/Index.noindex/DataStore -index-system-modules

SwiftCompile normal arm64 /Users/john/Library/Developer/Xcode/DerivedData/Vocorize-cnefnagdjqmlytftciomotnxheit/Build/Intermediates.noindex/Vocorize.build/Debug/Vocorize.build/DerivedSources/GeneratedAssetSymbols.swift (in target 'Vocorize' from project 'Vocorize')
    cd /Users/john/repos/vocorize-app
    

SwiftEmitModule normal arm64 Emitting\ module\ for\ Vocorize (in target 'Vocorize' from project 'Vocorize')
EmitSwiftModule normal arm64 (in target 'Vocorize' from project 'Vocorize')
    cd /Users/john/repos/vocorize-app
    

/Applications/Xcode.app/Contents/Developer/Toolchains/XcodeDefault.xctoolchain/usr/bin/swift-frontend -frontend -emit-module -experimental-skip-non-inlinable-function-bodies-without-types /Users/john/repos/vocorize-app/Vocorize/Features/Settings/SettingsFeature.swift /Users/john/repos/vocorize-app/Vocorize/Models/TranscriptionModels.swift /Users/john/repos/vocorize-app/Vocorize/Clients/RecordingClient.swift /Users/john/repos/vocorize-app/Vocorize/Features/Settings/ChangelogView.swift /Users/john/repos/vocorize-app/Vocorize/Clients/Providers/WhisperKitProvider.swift /Users/john/repos/vocorize-app/Vocorize/Features/History/HistoryFeature.swift /Users/john/repos/vocorize-app/Vocorize/Features/Transcription/HotKeyProcessor.swift /Users/john/repos/vocorize-app/Vocorize/Clients/Providers/TranscriptionProvider.swift /Users/john/repos/vocorize-app/Vocorize/App/VocorizeApp.swift /Users/john/repos/vocorize-app/Vocorize/Clients/TranscriptionClient.swift /Users/john/repos/vocorize-app/Vocorize/Features/Settings/ModelDownloadFeature.swift /Users/john/repos/vocorize-app/Vocorize/Models/Language.swift /Users/john/repos/vocorize-app/Vocorize/Clients/PasteboardClient.swift /Users/john/repos/vocorize-app/Vocorize/Features/Settings/AboutView.swift /Users/john/repos/vocorize-app/Vocorize/Features/Transcription/TranscriptionIndicatorView.swift /Users/john/repos/vocorize-app/Vocorize/Clients/Providers/TranscriptionProviderTypes.swift /Users/john/repos/vocorize-app/Vocorize/Views/InvisibleWindow.swift /Users/john/repos/vocorize-app/Vocorize/Features/Settings/SettingsView.swift /Users/john/repos/vocorize-app/Vocorize/App/CheckForUpdatesView.swift /Users/john/repos/vocorize-app/Vocorize/Models/VocorizeSettings.swift /Users/john/repos/vocorize-app/Vocorize/Clients/SoundEffect.swift /Users/john/repos/vocorize-app/Vocorize/Features/Settings/HotKeyView.swift /Users/john/repos/vocorize-app/Vocorize/Models/HotKey.swift /Users/john/repos/vocorize-app/Vocorize/Clients/KeyEventMonitorClient.swift /Users/john/repos/vocorize-app/Vocorize/Features/Transcription/TranscriptionFeature.swift /Users/john/repos/vocorize-app/Vocorize/Clients/Providers/TranscriptionProviderRegistry.swift /Users/john/repos/vocorize-app/Vocorize/Features/App/AppFeature.swift /Users/john/repos/vocorize-app/Vocorize/Features/Stats/StatsFeature.swift /Users/john/repos/vocorize-app/Vocorize/App/VocorizeAppDelegate.swift /Users/john/Library/Developer/Xcode/DerivedData/Vocorize-cnefnagdjqmlytftciomotnxheit/Build/Intermediates.noindex/Vocorize.build/Debug/Vocorize.build/DerivedSources/GeneratedAssetSymbols.swift -target arm64-apple-macos15.0 -Xllvm -aarch64-use-tbi -enable-objc-interop -stack-check -sdk /Applications/Xcode.app/Contents/Developer/Platforms/MacOSX.platform/Developer/SDKs/MacOSX15.5.sdk -I /Users/john/Library/Developer/Xcode/DerivedData/Vocorize-cnefnagdjqmlytftciomotnxheit/Build/Products/Debug -F /Users/john/Library/Developer/Xcode/DerivedData/Vocorize-cnefnagdjqmlytftciomotnxheit/Build/Products/Debug/PackageFrameworks -F /Users/john/Library/Developer/Xcode/DerivedData/Vocorize-cnefnagdjqmlytftciomotnxheit/Build/Products/Debug/PackageFrameworks -F /Users/john/Library/Developer/Xcode/DerivedData/Vocorize-cnefnagdjqmlytftciomotnxheit/Build/Products/Debug/PackageFrameworks -F /Users/john/Library/Developer/Xcode/DerivedData/Vocorize-cnefnagdjqmlytftciomotnxheit/Build/Products/Debug/PackageFrameworks -F /Users/john/Library/Developer/Xcode/DerivedData/Vocorize-cnefnagdjqmlytftciomotnxheit/Build/Products/Debug/PackageFrameworks -F /Users/john/Library/Developer/Xcode/DerivedData/Vocorize-cnefnagdjqmlytftciomotnxheit/Build/Products/Debug/PackageFrameworks -F /Users/john/Library/Developer/Xcode/DerivedData/Vocorize-cnefnagdjqmlytftciomotnxheit/Build/Products/Debug/PackageFrameworks -F /Users/john/Library/Developer/Xcode/DerivedData/Vocorize-cnefnagdjqmlytftciomotnxheit/Build/Products/Debug/PackageFrameworks -F /Users/john/Library/Developer/Xcode/DerivedData/Vocorize-cnefnagdjqmlytftciomotnxheit/Build/Products/Debug/PackageFrameworks -F /Users/john/Library/Developer/Xcode/DerivedData/Vocorize-cnefnagdjqmlytftciomotnxheit/Build/Products/Debug/PackageFrameworks -F /Users/john/Library/Developer/Xcode/DerivedData/Vocorize-cnefnagdjqmlytftciomotnxheit/Build/Products/Debug/PackageFrameworks -F /Users/john/Library/Developer/Xcode/DerivedData/Vocorize-cnefnagdjqmlytftciomotnxheit/Build/Products/Debug/PackageFrameworks -F /Users/john/Library/Developer/Xcode/DerivedData/Vocorize-cnefnagdjqmlytftciomotnxheit/Build/Products/Debug/PackageFrameworks -F /Users/john/Library/Developer/Xcode/DerivedData/Vocorize-cnefnagdjqmlytftciomotnxheit/Build/Products/Debug/PackageFrameworks -F /Users/john/Library/Developer/Xcode/DerivedData/Vocorize-cnefnagdjqmlytftciomotnxheit/Build/Products/Debug/PackageFrameworks -F /Users/john/Library/Developer/Xcode/DerivedData/Vocorize-cnefnagdjqmlytftciomotnxheit/Build/Products/Debug/PackageFrameworks -F /Users/john/Library/Developer/Xcode/DerivedData/Vocorize-cnefnagdjqmlytftciomotnxheit/Build/Products/Debug/PackageFrameworks -F /Users/john/Library/Developer/Xcode/DerivedData/Vocorize-cnefnagdjqmlytftciomotnxheit/Build/Products/Debug/PackageFrameworks -F /Users/john/Library/Developer/Xcode/DerivedData/Vocorize-cnefnagdjqmlytftciomotnxheit/Build/Products/Debug/PackageFrameworks -F /Users/john/Library/Developer/Xcode/DerivedData/Vocorize-cnefnagdjqmlytftciomotnxheit/Build/Products/Debug/PackageFrameworks -F /Users/john/Library/Developer/Xcode/DerivedData/Vocorize-cnefnagdjqmlytftciomotnxheit/Build/Products/Debug/PackageFrameworks -F /Users/john/Library/Developer/Xcode/DerivedData/Vocorize-cnefnagdjqmlytftciomotnxheit/Build/Products/Debug/PackageFrameworks -F /Users/john/Library/Developer/Xcode/DerivedData/Vocorize-cnefnagdjqmlytftciomotnxheit/Build/Products/Debug/PackageFrameworks -F /Users/john/Library/Developer/Xcode/DerivedData/Vocorize-cnefnagdjqmlytftciomotnxheit/Build/Products/Debug/PackageFrameworks -F /Users/john/Library/Developer/Xcode/DerivedData/Vocorize-cnefnagdjqmlytftciomotnxheit/Build/Products/Debug/PackageFrameworks -F /Users/john/Library/Developer/Xcode/DerivedData/Vocorize-cnefnagdjqmlytftciomotnxheit/Build/Products/Debug/PackageFrameworks -F /Users/john/Library/Developer/Xcode/DerivedData/Vocorize-cnefnagdjqmlytftciomotnxheit/Build/Products/Debug/PackageFrameworks -F /Users/john/Library/Developer/Xcode/DerivedData/Vocorize-cnefnagdjqmlytftciomotnxheit/Build/Products/Debug/PackageFrameworks -F /Users/john/Library/Developer/Xcode/DerivedData/Vocorize-cnefnagdjqmlytftciomotnxheit/Build/Products/Debug/PackageFrameworks -F /Users/john/Library/Developer/Xcode/DerivedData/Vocorize-cnefnagdjqmlytftciomotnxheit/Build/Products/Debug/PackageFrameworks -F /Users/john/Library/Developer/Xcode/DerivedData/Vocorize-cnefnagdjqmlytftciomotnxheit/Build/Products/Debug/PackageFrameworks -F /Users/john/Library/Developer/Xcode/DerivedData/Vocorize-cnefnagdjqmlytftciomotnxheit/Build/Products/Debug/PackageFrameworks -F /Users/john/Library/Developer/Xcode/DerivedData/Vocorize-cnefnagdjqmlytftciomotnxheit/Build/Products/Debug/PackageFrameworks -F /Users/john/Library/Developer/Xcode/DerivedData/Vocorize-cnefnagdjqmlytftciomotnxheit/Build/Products/Debug/PackageFrameworks -F /Users/john/Library/Developer/Xcode/DerivedData/Vocorize-cnefnagdjqmlytftciomotnxheit/Build/Products/Debug/PackageFrameworks -F /Users/john/Library/Developer/Xcode/DerivedData/Vocorize-cnefnagdjqmlytftciomotnxheit/Build/Products/Debug/PackageFrameworks -F /Users/john/Library/Developer/Xcode/DerivedData/Vocorize-cnefnagdjqmlytftciomotnxheit/Build/Products/Debug/PackageFrameworks -F /Users/john/Library/Developer/Xcode/DerivedData/Vocorize-cnefnagdjqmlytftciomotnxheit/Build/Products/Debug -no-color-diagnostics -enable-testing -g -debug-info-format\=dwarf -dwarf-version\=5 -module-cache-path /Users/john/Library/Developer/Xcode/DerivedData/ModuleCache.noindex -profile-generate -profile-coverage-mapping -swift-version 5 -enforce-exclusivity\=checked -Onone -D DEBUG -serialize-debugging-options -load-plugin-executable /Users/john/Library/Developer/Xcode/DerivedData/Vocorize-cnefnagdjqmlytftciomotnxheit/Build/Products/Debug/CasePathsMacros\#CasePathsMacros -load-plugin-executable /Users/john/Library/Developer/Xcode/DerivedData/Vocorize-cnefnagdjqmlytftciomotnxheit/Build/Products/Debug/ComposableArchitectureMacros\#ComposableArchitectureMacros -load-plugin-executable /Users/john/Library/Developer/Xcode/DerivedData/Vocorize-cnefnagdjqmlytftciomotnxheit/Build/Products/Debug/DependenciesMacrosPlugin\#DependenciesMacrosPlugin -load-plugin-executable /Users/john/Library/Developer/Xcode/DerivedData/Vocorize-cnefnagdjqmlytftciomotnxheit/Build/Products/Debug/PerceptionMacros\#PerceptionMacros -const-gather-protocols-file /Users/john/Library/Developer/Xcode/DerivedData/Vocorize-cnefnagdjqmlytftciomotnxheit/Build/Intermediates.noindex/Vocorize.build/Debug/Vocorize.build/Objects-normal/arm64/Vocorize_const_extract_protocols.json -enable-experimental-feature DebugDescriptionMacro -enable-bare-slash-regex -empty-abi-descriptor -validate-clang-modules-once -clang-build-session-file /Users/john/Library/Developer/Xcode/DerivedData/ModuleCache.noindex/Session.modulevalidation -Xcc -working-directory -Xcc /Users/john/repos/vocorize-app -resource-dir /Applications/Xcode.app/Contents/Developer/Toolchains/XcodeDefault.xctoolchain/usr/lib/swift -enable-anonymous-context-mangled-names -file-compilation-dir /Users/john/repos/vocorize-app -Xcc -fmodule-map-file\=/Users/john/Library/Developer/Xcode/DerivedData/Vocorize-cnefnagdjqmlytftciomotnxheit/Build/Intermediates.noindex/GeneratedModuleMaps/UIKitNavigationShim.modulemap -Xcc -ivfsstatcache -Xcc /Users/john/Library/Developer/Xcode/DerivedData/SDKStatCaches.noindex/macosx15.5-24F74-8254517eb8b97d462ccbc072ba9094c9.sdkstatcache -Xcc -I/Users/john/Library/Developer/Xcode/DerivedData/Vocorize-cnefnagdjqmlytftciomotnxheit/Build/Intermediates.noindex/Vocorize.build/Debug/Vocorize.build/swift-overrides.hmap -Xcc -iquote -Xcc /Users/john/Library/Developer/Xcode/DerivedData/Vocorize-cnefnagdjqmlytftciomotnxheit/Build/Intermediates.noindex/Vocorize.build/Debug/Vocorize.build/Vocorize-generated-files.hmap -Xcc -I/Users/john/Library/Developer/Xcode/DerivedData/Vocorize-cnefnagdjqmlytftciomotnxheit/Build/Intermediates.noindex/Vocorize.build/Debug/Vocorize.build/Vocorize-own-target-headers.hmap -Xcc -I/Users/john/Library/Developer/Xcode/DerivedData/Vocorize-cnefnagdjqmlytftciomotnxheit/Build/Intermediates.noindex/Vocorize.build/Debug/Vocorize.build/Vocorize-all-non-framework-target-headers.hmap -Xcc -ivfsoverlay -Xcc /Users/john/Library/Developer/Xcode/DerivedData/Vocorize-cnefnagdjqmlytftciomotnxheit/Build/Intermediates.noindex/Vocorize.build/Debug/Vocorize-404fb66583ceea760e342b97033db0ae-VFS/all-product-headers.yaml -Xcc -iquote -Xcc /Users/john/Library/Developer/Xcode/DerivedData/Vocorize-cnefnagdjqmlytftciomotnxheit/Build/Intermediates.noindex/Vocorize.build/Debug/Vocorize.build/Vocorize-project-headers.hmap -Xcc -I/Users/john/Library/Developer/Xcode/DerivedData/Vocorize-cnefnagdjqmlytftciomotnxheit/SourcePackages/checkouts/swift-cmark/src/include -Xcc -I/Users/john/Library/Developer/Xcode/DerivedData/Vocorize-cnefnagdjqmlytftciomotnxheit/SourcePackages/checkouts/swift-cmark/extensions/include -Xcc -I/Users/john/Library/Developer/Xcode/DerivedData/Vocorize-cnefnagdjqmlytftciomotnxheit/SourcePackages/checkouts/swift-navigation/Sources/UIKitNavigationShim/include -Xcc -I/Users/john/Library/Developer/Xcode/DerivedData/Vocorize-cnefnagdjqmlytftciomotnxheit/Build/Products/Debug/include -Xcc -I/Users/john/Library/Developer/Xcode/DerivedData/Vocorize-cnefnagdjqmlytftciomotnxheit/Build/Intermediates.noindex/Vocorize.build/Debug/Vocorize.build/DerivedSources-normal/arm64 -Xcc -I/Users/john/Library/Developer/Xcode/DerivedData/Vocorize-cnefnagdjqmlytftciomotnxheit/Build/Intermediates.noindex/Vocorize.build/Debug/Vocorize.build/DerivedSources/arm64 -Xcc -I/Users/john/Library/Developer/Xcode/DerivedData/Vocorize-cnefnagdjqmlytftciomotnxheit/Build/Intermediates.noindex/Vocorize.build/Debug/Vocorize.build/DerivedSources -Xcc -DDEBUG\=1 -module-name Vocorize -frontend-parseable-output -disable-clang-spi -target-sdk-version 15.5 -target-sdk-name macosx15.5 -external-plugin-path /Applications/Xcode.app/Contents/Developer/Platforms/MacOSX.platform/Developer/usr/lib/swift/host/plugins\#/Applications/Xcode.app/Contents/Developer/Platforms/MacOSX.platform/Developer/usr/bin/swift-plugin-server -external-plugin-path /Applications/Xcode.app/Contents/Developer/Platforms/MacOSX.platform/Developer/usr/local/lib/swift/host/plugins\#/Applications/Xcode.app/Contents/Developer/Platforms/MacOSX.platform/Developer/usr/bin/swift-plugin-server -in-process-plugin-server-path /Applications/Xcode.app/Contents/Developer/Toolchains/XcodeDefault.xctoolchain/usr/lib/swift/host/libSwiftInProcPluginServer.dylib -plugin-path /Applications/Xcode.app/Contents/Developer/Toolchains/XcodeDefault.xctoolchain/usr/lib/swift/host/plugins -plugin-path /Applications/Xcode.app/Contents/Developer/Toolchains/XcodeDefault.xctoolchain/usr/local/lib/swift/host/plugins -emit-module-doc-path /Users/john/Library/Developer/Xcode/DerivedData/Vocorize-cnefnagdjqmlytftciomotnxheit/Build/Intermediates.noindex/Vocorize.build/Debug/Vocorize.build/Objects-normal/arm64/Vocorize.swiftdoc -emit-module-source-info-path /Users/john/Library/Developer/Xcode/DerivedData/Vocorize-cnefnagdjqmlytftciomotnxheit/Build/Intermediates.noindex/Vocorize.build/Debug/Vocorize.build/Objects-normal/arm64/Vocorize.swiftsourceinfo -emit-objc-header-path /Users/john/Library/Developer/Xcode/DerivedData/Vocorize-cnefnagdjqmlytftciomotnxheit/Build/Intermediates.noindex/Vocorize.build/Debug/Vocorize.build/Objects-normal/arm64/Vocorize-Swift.h -serialize-diagnostics-path /Users/john/Library/Developer/Xcode/DerivedData/Vocorize-cnefnagdjqmlytftciomotnxheit/Build/Intermediates.noindex/Vocorize.build/Debug/Vocorize.build/Objects-normal/arm64/Vocorize-master-emit-module.dia -emit-dependencies-path /Users/john/Library/Developer/Xcode/DerivedData/Vocorize-cnefnagdjqmlytftciomotnxheit/Build/Intermediates.noindex/Vocorize.build/Debug/Vocorize.build/Objects-normal/arm64/Vocorize-master-emit-module.d -o /Users/john/Library/Developer/Xcode/DerivedData/Vocorize-cnefnagdjqmlytftciomotnxheit/Build/Intermediates.noindex/Vocorize.build/Debug/Vocorize.build/Objects-normal/arm64/Vocorize.swiftmodule -emit-abi-descriptor-path /Users/john/Library/Developer/Xcode/DerivedData/Vocorize-cnefnagdjqmlytftciomotnxheit/Build/Intermediates.noindex/Vocorize.build/Debug/Vocorize.build/Objects-normal/arm64/Vocorize.abi.json
LLVM Profile Error: Failed to write file "default.profraw": Operation not permitted
LLVM Profile Error: Failed to write file "default.profraw": Operation not permitted
LLVM Profile Error: Failed to write file "default.profraw": Operation not permitted
SwiftDriverJobDiscovery normal arm64 Compiling GeneratedAssetSymbols.swift (in target 'Vocorize' from project 'Vocorize')

LinkAssetCatalog /Users/john/repos/vocorize-app/Vocorize/Assets.xcassets /Users/john/repos/vocorize-app/Vocorize/Preview\ Content/Preview\ Assets.xcassets (in target 'Vocorize' from project 'Vocorize')
    cd /Users/john/repos/vocorize-app
    builtin-linkAssetCatalog --thinned /Users/john/Library/Developer/Xcode/DerivedData/Vocorize-cnefnagdjqmlytftciomotnxheit/Build/Intermediates.noindex/Vocorize.build/Debug/Vocorize.build/assetcatalog_output/thinned --thinned-dependencies /Users/john/Library/Developer/Xcode/DerivedData/Vocorize-cnefnagdjqmlytftciomotnxheit/Build/Intermediates.noindex/Vocorize.build/Debug/Vocorize.build/assetcatalog_dependencies_thinned --thinned-info-plist-content /Users/john/Library/Developer/Xcode/DerivedData/Vocorize-cnefnagdjqmlytftciomotnxheit/Build/Intermediates.noindex/Vocorize.build/Debug/Vocorize.build/assetcatalog_generated_info.plist_thinned --unthinned /Users/john/Library/Developer/Xcode/DerivedData/Vocorize-cnefnagdjqmlytftciomotnxheit/Build/Intermediates.noindex/Vocorize.build/Debug/Vocorize.build/assetcatalog_output/unthinned --unthinned-dependencies /Users/john/Library/Developer/Xcode/DerivedData/Vocorize-cnefnagdjqmlytftciomotnxheit/Build/Intermediates.noindex/Vocorize.build/Debug/Vocorize.build/assetcatalog_dependencies_unthinned --unthinned-info-plist-content /Users/john/Library/Developer/Xcode/DerivedData/Vocorize-cnefnagdjqmlytftciomotnxheit/Build/Intermediates.noindex/Vocorize.build/Debug/Vocorize.build/assetcatalog_generated_info.plist_unthinned --output /Users/john/Library/Developer/Xcode/DerivedData/Vocorize-cnefnagdjqmlytftciomotnxheit/Build/Products/Debug/Vocorize.app/Contents/Resources --plist-output /Users/john/Library/Developer/Xcode/DerivedData/Vocorize-cnefnagdjqmlytftciomotnxheit/Build/Intermediates.noindex/Vocorize.build/Debug/Vocorize.build/assetcatalog_generated_info.plist
note: Emplaced /Users/john/Library/Developer/Xcode/DerivedData/Vocorize-cnefnagdjqmlytftciomotnxheit/Build/Products/Debug/Vocorize.app/Contents/Resources/Assets.car (in target 'Vocorize' from project 'Vocorize')
note: Emplaced /Users/john/Library/Developer/Xcode/DerivedData/Vocorize-cnefnagdjqmlytftciomotnxheit/Build/Products/Debug/Vocorize.app/Contents/Resources/AppIcon.icns (in target 'Vocorize' from project 'Vocorize')

ProcessInfoPlistFile /Users/john/Library/Developer/Xcode/DerivedData/Vocorize-cnefnagdjqmlytftciomotnxheit/Build/Products/Debug/Vocorize.app/Contents/Info.plist /Users/john/repos/vocorize-app/Vocorize/Info.plist (in target 'Vocorize' from project 'Vocorize')
    cd /Users/john/repos/vocorize-app
    builtin-infoPlistUtility /Users/john/repos/vocorize-app/Vocorize/Info.plist -producttype com.apple.product-type.application -genpkginfo /Users/john/Library/Developer/Xcode/DerivedData/Vocorize-cnefnagdjqmlytftciomotnxheit/Build/Products/Debug/Vocorize.app/Contents/PkgInfo -expandbuildsettings -platform macosx -additionalcontentfile /Users/john/Library/Developer/Xcode/DerivedData/Vocorize-cnefnagdjqmlytftciomotnxheit/Build/Intermediates.noindex/Vocorize.build/Debug/Vocorize.build/assetcatalog_generated_info.plist -scanforprivacyfile /Users/john/Library/Developer/Xcode/DerivedData/Vocorize-cnefnagdjqmlytftciomotnxheit/Build/Products/Debug/Vocorize.app/Contents/Frameworks/Sparkle.framework -scanforprivacyfile /Users/john/Library/Developer/Xcode/DerivedData/Vocorize-cnefnagdjqmlytftciomotnxheit/Build/Products/Debug/Vocorize.app/Contents/Resources/Pow_Pow.bundle -scanforprivacyfile /Users/john/Library/Developer/Xcode/DerivedData/Vocorize-cnefnagdjqmlytftciomotnxheit/Build/Products/Debug/Vocorize.app/Contents/Resources/swift-composable-architecture_ComposableArchitecture.bundle -scanforprivacyfile /Users/john/Library/Developer/Xcode/DerivedData/Vocorize-cnefnagdjqmlytftciomotnxheit/Build/Products/Debug/Vocorize.app/Contents/Resources/swift-sharing_Sharing.bundle -scanforprivacyfile /Users/john/Library/Developer/Xcode/DerivedData/Vocorize-cnefnagdjqmlytftciomotnxheit/Build/Products/Debug/Vocorize.app/Contents/Resources/swift-transformers_Hub.bundle -o /Users/john/Library/Developer/Xcode/DerivedData/Vocorize-cnefnagdjqmlytftciomotnxheit/Build/Products/Debug/Vocorize.app/Contents/Info.plist

SwiftDriverJobDiscovery normal arm64 Emitting module for Vocorize (in target 'Vocorize' from project 'Vocorize')

SwiftDriver\ Compilation\ Requirements Vocorize normal arm64 com.apple.xcode.tools.swift.compiler (in target 'Vocorize' from project 'Vocorize')
    cd /Users/john/repos/vocorize-app
    builtin-Swift-Compilation-Requirements -- /Applications/Xcode.app/Contents/Developer/Toolchains/XcodeDefault.xctoolchain/usr/bin/swiftc -module-name Vocorize -Onone -enforce-exclusivity\=checked @/Users/john/Library/Developer/Xcode/DerivedData/Vocorize-cnefnagdjqmlytftciomotnxheit/Build/Intermediates.noindex/Vocorize.build/Debug/Vocorize.build/Objects-normal/arm64/Vocorize.SwiftFileList -DDEBUG -Xcc -fmodule-map-file\=/Users/john/Library/Developer/Xcode/DerivedData/Vocorize-cnefnagdjqmlytftciomotnxheit/Build/Intermediates.noindex/GeneratedModuleMaps/UIKitNavigationShim.modulemap -enable-bare-slash-regex -enable-experimental-feature DebugDescriptionMacro -sdk /Applications/Xcode.app/Contents/Developer/Platforms/MacOSX.platform/Developer/SDKs/MacOSX15.5.sdk -target arm64-apple-macos15.0 -g -module-cache-path /Users/john/Library/Developer/Xcode/DerivedData/ModuleCache.noindex -Xfrontend -serialize-debugging-options -profile-coverage-mapping -profile-generate -enable-testing -index-store-path /Users/john/Library/Developer/Xcode/DerivedData/Vocorize-cnefnagdjqmlytftciomotnxheit/Index.noindex/DataStore -swift-version 5 -I /Users/john/Library/Developer/Xcode/DerivedData/Vocorize-cnefnagdjqmlytftciomotnxheit/Build/Products/Debug -F /Users/john/Library/Developer/Xcode/DerivedData/Vocorize-cnefnagdjqmlytftciomotnxheit/Build/Products/Debug/PackageFrameworks -F /Users/john/Library/Developer/Xcode/DerivedData/Vocorize-cnefnagdjqmlytftciomotnxheit/Build/Products/Debug/PackageFrameworks -F /Users/john/Library/Developer/Xcode/DerivedData/Vocorize-cnefnagdjqmlytftciomotnxheit/Build/Products/Debug/PackageFrameworks -F /Users/john/Library/Developer/Xcode/DerivedData/Vocorize-cnefnagdjqmlytftciomotnxheit/Build/Products/Debug/PackageFrameworks -F /Users/john/Library/Developer/Xcode/DerivedData/Vocorize-cnefnagdjqmlytftciomotnxheit/Build/Products/Debug/PackageFrameworks -F /Users/john/Library/Developer/Xcode/DerivedData/Vocorize-cnefnagdjqmlytftciomotnxheit/Build/Products/Debug/PackageFrameworks -F /Users/john/Library/Developer/Xcode/DerivedData/Vocorize-cnefnagdjqmlytftciomotnxheit/Build/Products/Debug/PackageFrameworks -F /Users/john/Library/Developer/Xcode/DerivedData/Vocorize-cnefnagdjqmlytftciomotnxheit/Build/Products/Debug/PackageFrameworks -F /Users/john/Library/Developer/Xcode/DerivedData/Vocorize-cnefnagdjqmlytftciomotnxheit/Build/Products/Debug/PackageFrameworks -F /Users/john/Library/Developer/Xcode/DerivedData/Vocorize-cnefnagdjqmlytftciomotnxheit/Build/Products/Debug/PackageFrameworks -F /Users/john/Library/Developer/Xcode/DerivedData/Vocorize-cnefnagdjqmlytftciomotnxheit/Build/Products/Debug/PackageFrameworks -F /Users/john/Library/Developer/Xcode/DerivedData/Vocorize-cnefnagdjqmlytftciomotnxheit/Build/Products/Debug/PackageFrameworks -F /Users/john/Library/Developer/Xcode/DerivedData/Vocorize-cnefnagdjqmlytftciomotnxheit/Build/Products/Debug/PackageFrameworks -F /Users/john/Library/Developer/Xcode/DerivedData/Vocorize-cnefnagdjqmlytftciomotnxheit/Build/Products/Debug/PackageFrameworks -F /Users/john/Library/Developer/Xcode/DerivedData/Vocorize-cnefnagdjqmlytftciomotnxheit/Build/Products/Debug/PackageFrameworks -F /Users/john/Library/Developer/Xcode/DerivedData/Vocorize-cnefnagdjqmlytftciomotnxheit/Build/Products/Debug/PackageFrameworks -F /Users/john/Library/Developer/Xcode/DerivedData/Vocorize-cnefnagdjqmlytftciomotnxheit/Build/Products/Debug/PackageFrameworks -F /Users/john/Library/Developer/Xcode/DerivedData/Vocorize-cnefnagdjqmlytftciomotnxheit/Build/Products/Debug/PackageFrameworks -F /Users/john/Library/Developer/Xcode/DerivedData/Vocorize-cnefnagdjqmlytftciomotnxheit/Build/Products/Debug/PackageFrameworks -F /Users/john/Library/Developer/Xcode/DerivedData/Vocorize-cnefnagdjqmlytftciomotnxheit/Build/Products/Debug/PackageFrameworks -F /Users/john/Library/Developer/Xcode/DerivedData/Vocorize-cnefnagdjqmlytftciomotnxheit/Build/Products/Debug/PackageFrameworks -F /Users/john/Library/Developer/Xcode/DerivedData/Vocorize-cnefnagdjqmlytftciomotnxheit/Build/Products/Debug/PackageFrameworks -F /Users/john/Library/Developer/Xcode/DerivedData/Vocorize-cnefnagdjqmlytftciomotnxheit/Build/Products/Debug/PackageFrameworks -F /Users/john/Library/Developer/Xcode/DerivedData/Vocorize-cnefnagdjqmlytftciomotnxheit/Build/Products/Debug/PackageFrameworks -F /Users/john/Library/Developer/Xcode/DerivedData/Vocorize-cnefnagdjqmlytftciomotnxheit/Build/Products/Debug/PackageFrameworks -F /Users/john/Library/Developer/Xcode/DerivedData/Vocorize-cnefnagdjqmlytftciomotnxheit/Build/Products/Debug/PackageFrameworks -F /Users/john/Library/Developer/Xcode/DerivedData/Vocorize-cnefnagdjqmlytftciomotnxheit/Build/Products/Debug/PackageFrameworks -F /Users/john/Library/Developer/Xcode/DerivedData/Vocorize-cnefnagdjqmlytftciomotnxheit/Build/Products/Debug/PackageFrameworks -F /Users/john/Library/Developer/Xcode/DerivedData/Vocorize-cnefnagdjqmlytftciomotnxheit/Build/Products/Debug/PackageFrameworks -F /Users/john/Library/Developer/Xcode/DerivedData/Vocorize-cnefnagdjqmlytftciomotnxheit/Build/Products/Debug/PackageFrameworks -F /Users/john/Library/Developer/Xcode/DerivedData/Vocorize-cnefnagdjqmlytftciomotnxheit/Build/Products/Debug/PackageFrameworks -F /Users/john/Library/Developer/Xcode/DerivedData/Vocorize-cnefnagdjqmlytftciomotnxheit/Build/Products/Debug/PackageFrameworks -F /Users/john/Library/Developer/Xcode/DerivedData/Vocorize-cnefnagdjqmlytftciomotnxheit/Build/Products/Debug/PackageFrameworks -F /Users/john/Library/Developer/Xcode/DerivedData/Vocorize-cnefnagdjqmlytftciomotnxheit/Build/Products/Debug/PackageFrameworks -F /Users/john/Library/Developer/Xcode/DerivedData/Vocorize-cnefnagdjqmlytftciomotnxheit/Build/Products/Debug/PackageFrameworks -F /Users/john/Library/Developer/Xcode/DerivedData/Vocorize-cnefnagdjqmlytftciomotnxheit/Build/Products/Debug/PackageFrameworks -F /Users/john/Library/Developer/Xcode/DerivedData/Vocorize-cnefnagdjqmlytftciomotnxheit/Build/Products/Debug/PackageFrameworks -F /Users/john/Library/Developer/Xcode/DerivedData/Vocorize-cnefnagdjqmlytftciomotnxheit/Build/Products/Debug -Xfrontend -load-plugin-executable -Xfrontend /Users/john/Library/Developer/Xcode/DerivedData/Vocorize-cnefnagdjqmlytftciomotnxheit/Build/Products/Debug/CasePathsMacros\#CasePathsMacros -Xfrontend -load-plugin-executable -Xfrontend /Users/john/Library/Developer/Xcode/DerivedData/Vocorize-cnefnagdjqmlytftciomotnxheit/Build/Products/Debug/ComposableArchitectureMacros\#ComposableArchitectureMacros -Xfrontend -load-plugin-executable -Xfrontend /Users/john/Library/Developer/Xcode/DerivedData/Vocorize-cnefnagdjqmlytftciomotnxheit/Build/Products/Debug/DependenciesMacrosPlugin\#DependenciesMacrosPlugin -Xfrontend -load-plugin-executable -Xfrontend /Users/john/Library/Developer/Xcode/DerivedData/Vocorize-cnefnagdjqmlytftciomotnxheit/Build/Products/Debug/PerceptionMacros\#PerceptionMacros -emit-localized-strings -emit-localized-strings-path /Users/john/Library/Developer/Xcode/DerivedData/Vocorize-cnefnagdjqmlytftciomotnxheit/Build/Intermediates.noindex/Vocorize.build/Debug/Vocorize.build/Objects-normal/arm64 -c -j12 -enable-batch-mode -incremental -Xcc -ivfsstatcache -Xcc /Users/john/Library/Developer/Xcode/DerivedData/SDKStatCaches.noindex/macosx15.5-24F74-8254517eb8b97d462ccbc072ba9094c9.sdkstatcache -output-file-map /Users/john/Library/Developer/Xcode/DerivedData/Vocorize-cnefnagdjqmlytftciomotnxheit/Build/Intermediates.noindex/Vocorize.build/Debug/Vocorize.build/Objects-normal/arm64/Vocorize-OutputFileMap.json -use-frontend-parseable-output -save-temps -no-color-diagnostics -serialize-diagnostics -emit-dependencies -emit-module -emit-module-path /Users/john/Library/Developer/Xcode/DerivedData/Vocorize-cnefnagdjqmlytftciomotnxheit/Build/Intermediates.noindex/Vocorize.build/Debug/Vocorize.build/Objects-normal/arm64/Vocorize.swiftmodule -validate-clang-modules-once -clang-build-session-file /Users/john/Library/Developer/Xcode/DerivedData/ModuleCache.noindex/Session.modulevalidation -Xcc -I/Users/john/Library/Developer/Xcode/DerivedData/Vocorize-cnefnagdjqmlytftciomotnxheit/Build/Intermediates.noindex/Vocorize.build/Debug/Vocorize.build/swift-overrides.hmap -emit-const-values -Xfrontend -const-gather-protocols-file -Xfrontend /Users/john/Library/Developer/Xcode/DerivedData/Vocorize-cnefnagdjqmlytftciomotnxheit/Build/Intermediates.noindex/Vocorize.build/Debug/Vocorize.build/Objects-normal/arm64/Vocorize_const_extract_protocols.json -Xcc -iquote -Xcc /Users/john/Library/Developer/Xcode/DerivedData/Vocorize-cnefnagdjqmlytftciomotnxheit/Build/Intermediates.noindex/Vocorize.build/Debug/Vocorize.build/Vocorize-generated-files.hmap -Xcc -I/Users/john/Library/Developer/Xcode/DerivedData/Vocorize-cnefnagdjqmlytftciomotnxheit/Build/Intermediates.noindex/Vocorize.build/Debug/Vocorize.build/Vocorize-own-target-headers.hmap -Xcc -I/Users/john/Library/Developer/Xcode/DerivedData/Vocorize-cnefnagdjqmlytftciomotnxheit/Build/Intermediates.noindex/Vocorize.build/Debug/Vocorize.build/Vocorize-all-non-framework-target-headers.hmap -Xcc -ivfsoverlay -Xcc /Users/john/Library/Developer/Xcode/DerivedData/Vocorize-cnefnagdjqmlytftciomotnxheit/Build/Intermediates.noindex/Vocorize.build/Debug/Vocorize-404fb66583ceea760e342b97033db0ae-VFS/all-product-headers.yaml -Xcc -iquote -Xcc /Users/john/Library/Developer/Xcode/DerivedData/Vocorize-cnefnagdjqmlytftciomotnxheit/Build/Intermediates.noindex/Vocorize.build/Debug/Vocorize.build/Vocorize-project-headers.hmap -Xcc -I/Users/john/Library/Developer/Xcode/DerivedData/Vocorize-cnefnagdjqmlytftciomotnxheit/SourcePackages/checkouts/swift-cmark/src/include -Xcc -I/Users/john/Library/Developer/Xcode/DerivedData/Vocorize-cnefnagdjqmlytftciomotnxheit/SourcePackages/checkouts/swift-cmark/extensions/include -Xcc -I/Users/john/Library/Developer/Xcode/DerivedData/Vocorize-cnefnagdjqmlytftciomotnxheit/SourcePackages/checkouts/swift-navigation/Sources/UIKitNavigationShim/include -Xcc -I/Users/john/Library/Developer/Xcode/DerivedData/Vocorize-cnefnagdjqmlytftciomotnxheit/Build/Products/Debug/include -Xcc -I/Users/john/Library/Developer/Xcode/DerivedData/Vocorize-cnefnagdjqmlytftciomotnxheit/Build/Intermediates.noindex/Vocorize.build/Debug/Vocorize.build/DerivedSources-normal/arm64 -Xcc -I/Users/john/Library/Developer/Xcode/DerivedData/Vocorize-cnefnagdjqmlytftciomotnxheit/Build/Intermediates.noindex/Vocorize.build/Debug/Vocorize.build/DerivedSources/arm64 -Xcc -I/Users/john/Library/Developer/Xcode/DerivedData/Vocorize-cnefnagdjqmlytftciomotnxheit/Build/Intermediates.noindex/Vocorize.build/Debug/Vocorize.build/DerivedSources -Xcc -DDEBUG\=1 -emit-objc-header -emit-objc-header-path /Users/john/Library/Developer/Xcode/DerivedData/Vocorize-cnefnagdjqmlytftciomotnxheit/Build/Intermediates.noindex/Vocorize.build/Debug/Vocorize.build/Objects-normal/arm64/Vocorize-Swift.h -working-directory /Users/john/repos/vocorize-app -experimental-emit-module-separately -disable-cmo

SwiftDriver\ Compilation Vocorize normal arm64 com.apple.xcode.tools.swift.compiler (in target 'Vocorize' from project 'Vocorize')
    cd /Users/john/repos/vocorize-app
    builtin-Swift-Compilation -- /Applications/Xcode.app/Contents/Developer/Toolchains/XcodeDefault.xctoolchain/usr/bin/swiftc -module-name Vocorize -Onone -enforce-exclusivity\=checked @/Users/john/Library/Developer/Xcode/DerivedData/Vocorize-cnefnagdjqmlytftciomotnxheit/Build/Intermediates.noindex/Vocorize.build/Debug/Vocorize.build/Objects-normal/arm64/Vocorize.SwiftFileList -DDEBUG -Xcc -fmodule-map-file\=/Users/john/Library/Developer/Xcode/DerivedData/Vocorize-cnefnagdjqmlytftciomotnxheit/Build/Intermediates.noindex/GeneratedModuleMaps/UIKitNavigationShim.modulemap -enable-bare-slash-regex -enable-experimental-feature DebugDescriptionMacro -sdk /Applications/Xcode.app/Contents/Developer/Platforms/MacOSX.platform/Developer/SDKs/MacOSX15.5.sdk -target arm64-apple-macos15.0 -g -module-cache-path /Users/john/Library/Developer/Xcode/DerivedData/ModuleCache.noindex -Xfrontend -serialize-debugging-options -profile-coverage-mapping -profile-generate -enable-testing -index-store-path /Users/john/Library/Developer/Xcode/DerivedData/Vocorize-cnefnagdjqmlytftciomotnxheit/Index.noindex/DataStore -swift-version 5 -I /Users/john/Library/Developer/Xcode/DerivedData/Vocorize-cnefnagdjqmlytftciomotnxheit/Build/Products/Debug -F /Users/john/Library/Developer/Xcode/DerivedData/Vocorize-cnefnagdjqmlytftciomotnxheit/Build/Products/Debug/PackageFrameworks -F /Users/john/Library/Developer/Xcode/DerivedData/Vocorize-cnefnagdjqmlytftciomotnxheit/Build/Products/Debug/PackageFrameworks -F /Users/john/Library/Developer/Xcode/DerivedData/Vocorize-cnefnagdjqmlytftciomotnxheit/Build/Products/Debug/PackageFrameworks -F /Users/john/Library/Developer/Xcode/DerivedData/Vocorize-cnefnagdjqmlytftciomotnxheit/Build/Products/Debug/PackageFrameworks -F /Users/john/Library/Developer/Xcode/DerivedData/Vocorize-cnefnagdjqmlytftciomotnxheit/Build/Products/Debug/PackageFrameworks -F /Users/john/Library/Developer/Xcode/DerivedData/Vocorize-cnefnagdjqmlytftciomotnxheit/Build/Products/Debug/PackageFrameworks -F /Users/john/Library/Developer/Xcode/DerivedData/Vocorize-cnefnagdjqmlytftciomotnxheit/Build/Products/Debug/PackageFrameworks -F /Users/john/Library/Developer/Xcode/DerivedData/Vocorize-cnefnagdjqmlytftciomotnxheit/Build/Products/Debug/PackageFrameworks -F /Users/john/Library/Developer/Xcode/DerivedData/Vocorize-cnefnagdjqmlytftciomotnxheit/Build/Products/Debug/PackageFrameworks -F /Users/john/Library/Developer/Xcode/DerivedData/Vocorize-cnefnagdjqmlytftciomotnxheit/Build/Products/Debug/PackageFrameworks -F /Users/john/Library/Developer/Xcode/DerivedData/Vocorize-cnefnagdjqmlytftciomotnxheit/Build/Products/Debug/PackageFrameworks -F /Users/john/Library/Developer/Xcode/DerivedData/Vocorize-cnefnagdjqmlytftciomotnxheit/Build/Products/Debug/PackageFrameworks -F /Users/john/Library/Developer/Xcode/DerivedData/Vocorize-cnefnagdjqmlytftciomotnxheit/Build/Products/Debug/PackageFrameworks -F /Users/john/Library/Developer/Xcode/DerivedData/Vocorize-cnefnagdjqmlytftciomotnxheit/Build/Products/Debug/PackageFrameworks -F /Users/john/Library/Developer/Xcode/DerivedData/Vocorize-cnefnagdjqmlytftciomotnxheit/Build/Products/Debug/PackageFrameworks -F /Users/john/Library/Developer/Xcode/DerivedData/Vocorize-cnefnagdjqmlytftciomotnxheit/Build/Products/Debug/PackageFrameworks -F /Users/john/Library/Developer/Xcode/DerivedData/Vocorize-cnefnagdjqmlytftciomotnxheit/Build/Products/Debug/PackageFrameworks -F /Users/john/Library/Developer/Xcode/DerivedData/Vocorize-cnefnagdjqmlytftciomotnxheit/Build/Products/Debug/PackageFrameworks -F /Users/john/Library/Developer/Xcode/DerivedData/Vocorize-cnefnagdjqmlytftciomotnxheit/Build/Products/Debug/PackageFrameworks -F /Users/john/Library/Developer/Xcode/DerivedData/Vocorize-cnefnagdjqmlytftciomotnxheit/Build/Products/Debug/PackageFrameworks -F /Users/john/Library/Developer/Xcode/DerivedData/Vocorize-cnefnagdjqmlytftciomotnxheit/Build/Products/Debug/PackageFrameworks -F /Users/john/Library/Developer/Xcode/DerivedData/Vocorize-cnefnagdjqmlytftciomotnxheit/Build/Products/Debug/PackageFrameworks -F /Users/john/Library/Developer/Xcode/DerivedData/Vocorize-cnefnagdjqmlytftciomotnxheit/Build/Products/Debug/PackageFrameworks -F /Users/john/Library/Developer/Xcode/DerivedData/Vocorize-cnefnagdjqmlytftciomotnxheit/Build/Products/Debug/PackageFrameworks -F /Users/john/Library/Developer/Xcode/DerivedData/Vocorize-cnefnagdjqmlytftciomotnxheit/Build/Products/Debug/PackageFrameworks -F /Users/john/Library/Developer/Xcode/DerivedData/Vocorize-cnefnagdjqmlytftciomotnxheit/Build/Products/Debug/PackageFrameworks -F /Users/john/Library/Developer/Xcode/DerivedData/Vocorize-cnefnagdjqmlytftciomotnxheit/Build/Products/Debug/PackageFrameworks -F /Users/john/Library/Developer/Xcode/DerivedData/Vocorize-cnefnagdjqmlytftciomotnxheit/Build/Products/Debug/PackageFrameworks -F /Users/john/Library/Developer/Xcode/DerivedData/Vocorize-cnefnagdjqmlytftciomotnxheit/Build/Products/Debug/PackageFrameworks -F /Users/john/Library/Developer/Xcode/DerivedData/Vocorize-cnefnagdjqmlytftciomotnxheit/Build/Products/Debug/PackageFrameworks -F /Users/john/Library/Developer/Xcode/DerivedData/Vocorize-cnefnagdjqmlytftciomotnxheit/Build/Products/Debug/PackageFrameworks -F /Users/john/Library/Developer/Xcode/DerivedData/Vocorize-cnefnagdjqmlytftciomotnxheit/Build/Products/Debug/PackageFrameworks -F /Users/john/Library/Developer/Xcode/DerivedData/Vocorize-cnefnagdjqmlytftciomotnxheit/Build/Products/Debug/PackageFrameworks -F /Users/john/Library/Developer/Xcode/DerivedData/Vocorize-cnefnagdjqmlytftciomotnxheit/Build/Products/Debug/PackageFrameworks -F /Users/john/Library/Developer/Xcode/DerivedData/Vocorize-cnefnagdjqmlytftciomotnxheit/Build/Products/Debug/PackageFrameworks -F /Users/john/Library/Developer/Xcode/DerivedData/Vocorize-cnefnagdjqmlytftciomotnxheit/Build/Products/Debug/PackageFrameworks -F /Users/john/Library/Developer/Xcode/DerivedData/Vocorize-cnefnagdjqmlytftciomotnxheit/Build/Products/Debug/PackageFrameworks -F /Users/john/Library/Developer/Xcode/DerivedData/Vocorize-cnefnagdjqmlytftciomotnxheit/Build/Products/Debug -Xfrontend -load-plugin-executable -Xfrontend /Users/john/Library/Developer/Xcode/DerivedData/Vocorize-cnefnagdjqmlytftciomotnxheit/Build/Products/Debug/CasePathsMacros\#CasePathsMacros -Xfrontend -load-plugin-executable -Xfrontend /Users/john/Library/Developer/Xcode/DerivedData/Vocorize-cnefnagdjqmlytftciomotnxheit/Build/Products/Debug/ComposableArchitectureMacros\#ComposableArchitectureMacros -Xfrontend -load-plugin-executable -Xfrontend /Users/john/Library/Developer/Xcode/DerivedData/Vocorize-cnefnagdjqmlytftciomotnxheit/Build/Products/Debug/DependenciesMacrosPlugin\#DependenciesMacrosPlugin -Xfrontend -load-plugin-executable -Xfrontend /Users/john/Library/Developer/Xcode/DerivedData/Vocorize-cnefnagdjqmlytftciomotnxheit/Build/Products/Debug/PerceptionMacros\#PerceptionMacros -emit-localized-strings -emit-localized-strings-path /Users/john/Library/Developer/Xcode/DerivedData/Vocorize-cnefnagdjqmlytftciomotnxheit/Build/Intermediates.noindex/Vocorize.build/Debug/Vocorize.build/Objects-normal/arm64 -c -j12 -enable-batch-mode -incremental -Xcc -ivfsstatcache -Xcc /Users/john/Library/Developer/Xcode/DerivedData/SDKStatCaches.noindex/macosx15.5-24F74-8254517eb8b97d462ccbc072ba9094c9.sdkstatcache -output-file-map /Users/john/Library/Developer/Xcode/DerivedData/Vocorize-cnefnagdjqmlytftciomotnxheit/Build/Intermediates.noindex/Vocorize.build/Debug/Vocorize.build/Objects-normal/arm64/Vocorize-OutputFileMap.json -use-frontend-parseable-output -save-temps -no-color-diagnostics -serialize-diagnostics -emit-dependencies -emit-module -emit-module-path /Users/john/Library/Developer/Xcode/DerivedData/Vocorize-cnefnagdjqmlytftciomotnxheit/Build/Intermediates.noindex/Vocorize.build/Debug/Vocorize.build/Objects-normal/arm64/Vocorize.swiftmodule -validate-clang-modules-once -clang-build-session-file /Users/john/Library/Developer/Xcode/DerivedData/ModuleCache.noindex/Session.modulevalidation -Xcc -I/Users/john/Library/Developer/Xcode/DerivedData/Vocorize-cnefnagdjqmlytftciomotnxheit/Build/Intermediates.noindex/Vocorize.build/Debug/Vocorize.build/swift-overrides.hmap -emit-const-values -Xfrontend -const-gather-protocols-file -Xfrontend /Users/john/Library/Developer/Xcode/DerivedData/Vocorize-cnefnagdjqmlytftciomotnxheit/Build/Intermediates.noindex/Vocorize.build/Debug/Vocorize.build/Objects-normal/arm64/Vocorize_const_extract_protocols.json -Xcc -iquote -Xcc /Users/john/Library/Developer/Xcode/DerivedData/Vocorize-cnefnagdjqmlytftciomotnxheit/Build/Intermediates.noindex/Vocorize.build/Debug/Vocorize.build/Vocorize-generated-files.hmap -Xcc -I/Users/john/Library/Developer/Xcode/DerivedData/Vocorize-cnefnagdjqmlytftciomotnxheit/Build/Intermediates.noindex/Vocorize.build/Debug/Vocorize.build/Vocorize-own-target-headers.hmap -Xcc -I/Users/john/Library/Developer/Xcode/DerivedData/Vocorize-cnefnagdjqmlytftciomotnxheit/Build/Intermediates.noindex/Vocorize.build/Debug/Vocorize.build/Vocorize-all-non-framework-target-headers.hmap -Xcc -ivfsoverlay -Xcc /Users/john/Library/Developer/Xcode/DerivedData/Vocorize-cnefnagdjqmlytftciomotnxheit/Build/Intermediates.noindex/Vocorize.build/Debug/Vocorize-404fb66583ceea760e342b97033db0ae-VFS/all-product-headers.yaml -Xcc -iquote -Xcc /Users/john/Library/Developer/Xcode/DerivedData/Vocorize-cnefnagdjqmlytftciomotnxheit/Build/Intermediates.noindex/Vocorize.build/Debug/Vocorize.build/Vocorize-project-headers.hmap -Xcc -I/Users/john/Library/Developer/Xcode/DerivedData/Vocorize-cnefnagdjqmlytftciomotnxheit/SourcePackages/checkouts/swift-cmark/src/include -Xcc -I/Users/john/Library/Developer/Xcode/DerivedData/Vocorize-cnefnagdjqmlytftciomotnxheit/SourcePackages/checkouts/swift-cmark/extensions/include -Xcc -I/Users/john/Library/Developer/Xcode/DerivedData/Vocorize-cnefnagdjqmlytftciomotnxheit/SourcePackages/checkouts/swift-navigation/Sources/UIKitNavigationShim/include -Xcc -I/Users/john/Library/Developer/Xcode/DerivedData/Vocorize-cnefnagdjqmlytftciomotnxheit/Build/Products/Debug/include -Xcc -I/Users/john/Library/Developer/Xcode/DerivedData/Vocorize-cnefnagdjqmlytftciomotnxheit/Build/Intermediates.noindex/Vocorize.build/Debug/Vocorize.build/DerivedSources-normal/arm64 -Xcc -I/Users/john/Library/Developer/Xcode/DerivedData/Vocorize-cnefnagdjqmlytftciomotnxheit/Build/Intermediates.noindex/Vocorize.build/Debug/Vocorize.build/DerivedSources/arm64 -Xcc -I/Users/john/Library/Developer/Xcode/DerivedData/Vocorize-cnefnagdjqmlytftciomotnxheit/Build/Intermediates.noindex/Vocorize.build/Debug/Vocorize.build/DerivedSources -Xcc -DDEBUG\=1 -emit-objc-header -emit-objc-header-path /Users/john/Library/Developer/Xcode/DerivedData/Vocorize-cnefnagdjqmlytftciomotnxheit/Build/Intermediates.noindex/Vocorize.build/Debug/Vocorize.build/Objects-normal/arm64/Vocorize-Swift.h -working-directory /Users/john/repos/vocorize-app -experimental-emit-module-separately -disable-cmo

Copy /Users/john/Library/Developer/Xcode/DerivedData/Vocorize-cnefnagdjqmlytftciomotnxheit/Build/Products/Debug/Vocorize.swiftmodule/arm64-apple-macos.swiftdoc /Users/john/Library/Developer/Xcode/DerivedData/Vocorize-cnefnagdjqmlytftciomotnxheit/Build/Intermediates.noindex/Vocorize.build/Debug/Vocorize.build/Objects-normal/arm64/Vocorize.swiftdoc (in target 'Vocorize' from project 'Vocorize')
    cd /Users/john/repos/vocorize-app
    builtin-copy -exclude .DS_Store -exclude CVS -exclude .svn -exclude .git -exclude .hg -resolve-src-symlinks -rename /Users/john/Library/Developer/Xcode/DerivedData/Vocorize-cnefnagdjqmlytftciomotnxheit/Build/Intermediates.noindex/Vocorize.build/Debug/Vocorize.build/Objects-normal/arm64/Vocorize.swiftdoc /Users/john/Library/Developer/Xcode/DerivedData/Vocorize-cnefnagdjqmlytftciomotnxheit/Build/Products/Debug/Vocorize.swiftmodule/arm64-apple-macos.swiftdoc

Copy /Users/john/Library/Developer/Xcode/DerivedData/Vocorize-cnefnagdjqmlytftciomotnxheit/Build/Products/Debug/Vocorize.swiftmodule/arm64-apple-macos.swiftmodule /Users/john/Library/Developer/Xcode/DerivedData/Vocorize-cnefnagdjqmlytftciomotnxheit/Build/Intermediates.noindex/Vocorize.build/Debug/Vocorize.build/Objects-normal/arm64/Vocorize.swiftmodule (in target 'Vocorize' from project 'Vocorize')
    cd /Users/john/repos/vocorize-app
    builtin-copy -exclude .DS_Store -exclude CVS -exclude .svn -exclude .git -exclude .hg -resolve-src-symlinks -rename /Users/john/Library/Developer/Xcode/DerivedData/Vocorize-cnefnagdjqmlytftciomotnxheit/Build/Intermediates.noindex/Vocorize.build/Debug/Vocorize.build/Objects-normal/arm64/Vocorize.swiftmodule /Users/john/Library/Developer/Xcode/DerivedData/Vocorize-cnefnagdjqmlytftciomotnxheit/Build/Products/Debug/Vocorize.swiftmodule/arm64-apple-macos.swiftmodule

Copy /Users/john/Library/Developer/Xcode/DerivedData/Vocorize-cnefnagdjqmlytftciomotnxheit/Build/Products/Debug/Vocorize.swiftmodule/arm64-apple-macos.abi.json /Users/john/Library/Developer/Xcode/DerivedData/Vocorize-cnefnagdjqmlytftciomotnxheit/Build/Intermediates.noindex/Vocorize.build/Debug/Vocorize.build/Objects-normal/arm64/Vocorize.abi.json (in target 'Vocorize' from project 'Vocorize')
    cd /Users/john/repos/vocorize-app
    builtin-copy -exclude .DS_Store -exclude CVS -exclude .svn -exclude .git -exclude .hg -resolve-src-symlinks -rename /Users/john/Library/Developer/Xcode/DerivedData/Vocorize-cnefnagdjqmlytftciomotnxheit/Build/Intermediates.noindex/Vocorize.build/Debug/Vocorize.build/Objects-normal/arm64/Vocorize.abi.json /Users/john/Library/Developer/Xcode/DerivedData/Vocorize-cnefnagdjqmlytftciomotnxheit/Build/Products/Debug/Vocorize.swiftmodule/arm64-apple-macos.abi.json

Copy /Users/john/Library/Developer/Xcode/DerivedData/Vocorize-cnefnagdjqmlytftciomotnxheit/Build/Products/Debug/Vocorize.swiftmodule/Project/arm64-apple-macos.swiftsourceinfo /Users/john/Library/Developer/Xcode/DerivedData/Vocorize-cnefnagdjqmlytftciomotnxheit/Build/Intermediates.noindex/Vocorize.build/Debug/Vocorize.build/Objects-normal/arm64/Vocorize.swiftsourceinfo (in target 'Vocorize' from project 'Vocorize')
    cd /Users/john/repos/vocorize-app
    builtin-copy -exclude .DS_Store -exclude CVS -exclude .svn -exclude .git -exclude .hg -resolve-src-symlinks -rename /Users/john/Library/Developer/Xcode/DerivedData/Vocorize-cnefnagdjqmlytftciomotnxheit/Build/Intermediates.noindex/Vocorize.build/Debug/Vocorize.build/Objects-normal/arm64/Vocorize.swiftsourceinfo /Users/john/Library/Developer/Xcode/DerivedData/Vocorize-cnefnagdjqmlytftciomotnxheit/Build/Products/Debug/Vocorize.swiftmodule/Project/arm64-apple-macos.swiftsourceinfo

SwiftDriver VocorizeTests normal arm64 com.apple.xcode.tools.swift.compiler (in target 'VocorizeTests' from project 'Vocorize')
    cd /Users/john/repos/vocorize-app
    builtin-SwiftDriver -- /Applications/Xcode.app/Contents/Developer/Toolchains/XcodeDefault.xctoolchain/usr/bin/swiftc -module-name VocorizeTests -Onone -enforce-exclusivity\=checked @/Users/john/Library/Developer/Xcode/DerivedData/Vocorize-cnefnagdjqmlytftciomotnxheit/Build/Intermediates.noindex/Vocorize.build/Debug/VocorizeTests.build/Objects-normal/arm64/VocorizeTests.SwiftFileList -DDEBUG -Xcc -fmodule-map-file\=/Users/john/Library/Developer/Xcode/DerivedData/Vocorize-cnefnagdjqmlytftciomotnxheit/Build/Intermediates.noindex/GeneratedModuleMaps/UIKitNavigationShim.modulemap -plugin-path /Applications/Xcode.app/Contents/Developer/Toolchains/XcodeDefault.xctoolchain/usr/lib/swift/host/plugins/testing -enable-bare-slash-regex -enable-experimental-feature DebugDescriptionMacro -sdk /Applications/Xcode.app/Contents/Developer/Platforms/MacOSX.platform/Developer/SDKs/MacOSX15.5.sdk -target arm64-apple-macos15.2 -g -module-cache-path /Users/john/Library/Developer/Xcode/DerivedData/ModuleCache.noindex -Xfrontend -serialize-debugging-options -profile-coverage-mapping -profile-generate -enable-testing -index-store-path /Users/john/Library/Developer/Xcode/DerivedData/Vocorize-cnefnagdjqmlytftciomotnxheit/Index.noindex/DataStore -swift-version 5 -I /Users/john/Library/Developer/Xcode/DerivedData/Vocorize-cnefnagdjqmlytftciomotnxheit/Build/Products/Debug -I /Applications/Xcode.app/Contents/Developer/Platforms/MacOSX.platform/Developer/usr/lib -F /Users/john/Library/Developer/Xcode/DerivedData/Vocorize-cnefnagdjqmlytftciomotnxheit/Build/Products/Debug/PackageFrameworks -F /Users/john/Library/Developer/Xcode/DerivedData/Vocorize-cnefnagdjqmlytftciomotnxheit/Build/Products/Debug/PackageFrameworks -F /Users/john/Library/Developer/Xcode/DerivedData/Vocorize-cnefnagdjqmlytftciomotnxheit/Build/Products/Debug/PackageFrameworks -F /Users/john/Library/Developer/Xcode/DerivedData/Vocorize-cnefnagdjqmlytftciomotnxheit/Build/Products/Debug/PackageFrameworks -F /Users/john/Library/Developer/Xcode/DerivedData/Vocorize-cnefnagdjqmlytftciomotnxheit/Build/Products/Debug/PackageFrameworks -F /Users/john/Library/Developer/Xcode/DerivedData/Vocorize-cnefnagdjqmlytftciomotnxheit/Build/Products/Debug/PackageFrameworks -F /Users/john/Library/Developer/Xcode/DerivedData/Vocorize-cnefnagdjqmlytftciomotnxheit/Build/Products/Debug/PackageFrameworks -F /Users/john/Library/Developer/Xcode/DerivedData/Vocorize-cnefnagdjqmlytftciomotnxheit/Build/Products/Debug/PackageFrameworks -F /Users/john/Library/Developer/Xcode/DerivedData/Vocorize-cnefnagdjqmlytftciomotnxheit/Build/Products/Debug/PackageFrameworks -F /Users/john/Library/Developer/Xcode/DerivedData/Vocorize-cnefnagdjqmlytftciomotnxheit/Build/Products/Debug/PackageFrameworks -F /Users/john/Library/Developer/Xcode/DerivedData/Vocorize-cnefnagdjqmlytftciomotnxheit/Build/Products/Debug/PackageFrameworks -F /Users/john/Library/Developer/Xcode/DerivedData/Vocorize-cnefnagdjqmlytftciomotnxheit/Build/Products/Debug/PackageFrameworks -F /Users/john/Library/Developer/Xcode/DerivedData/Vocorize-cnefnagdjqmlytftciomotnxheit/Build/Products/Debug/PackageFrameworks -F /Users/john/Library/Developer/Xcode/DerivedData/Vocorize-cnefnagdjqmlytftciomotnxheit/Build/Products/Debug/PackageFrameworks -F /Users/john/Library/Developer/Xcode/DerivedData/Vocorize-cnefnagdjqmlytftciomotnxheit/Build/Products/Debug/PackageFrameworks -F /Users/john/Library/Developer/Xcode/DerivedData/Vocorize-cnefnagdjqmlytftciomotnxheit/Build/Products/Debug/PackageFrameworks -F /Users/john/Library/Developer/Xcode/DerivedData/Vocorize-cnefnagdjqmlytftciomotnxheit/Build/Products/Debug/PackageFrameworks -F /Users/john/Library/Developer/Xcode/DerivedData/Vocorize-cnefnagdjqmlytftciomotnxheit/Build/Products/Debug/PackageFrameworks -F /Users/john/Library/Developer/Xcode/DerivedData/Vocorize-cnefnagdjqmlytftciomotnxheit/Build/Products/Debug/PackageFrameworks -F /Users/john/Library/Developer/Xcode/DerivedData/Vocorize-cnefnagdjqmlytftciomotnxheit/Build/Products/Debug/PackageFrameworks -F /Users/john/Library/Developer/Xcode/DerivedData/Vocorize-cnefnagdjqmlytftciomotnxheit/Build/Products/Debug/PackageFrameworks -F /Users/john/Library/Developer/Xcode/DerivedData/Vocorize-cnefnagdjqmlytftciomotnxheit/Build/Products/Debug/PackageFrameworks -F /Users/john/Library/Developer/Xcode/DerivedData/Vocorize-cnefnagdjqmlytftciomotnxheit/Build/Products/Debug/PackageFrameworks -F /Users/john/Library/Developer/Xcode/DerivedData/Vocorize-cnefnagdjqmlytftciomotnxheit/Build/Products/Debug/PackageFrameworks -F /Users/john/Library/Developer/Xcode/DerivedData/Vocorize-cnefnagdjqmlytftciomotnxheit/Build/Products/Debug/PackageFrameworks -F /Users/john/Library/Developer/Xcode/DerivedData/Vocorize-cnefnagdjqmlytftciomotnxheit/Build/Products/Debug/PackageFrameworks -F /Users/john/Library/Developer/Xcode/DerivedData/Vocorize-cnefnagdjqmlytftciomotnxheit/Build/Products/Debug/PackageFrameworks -F /Users/john/Library/Developer/Xcode/DerivedData/Vocorize-cnefnagdjqmlytftciomotnxheit/Build/Products/Debug/PackageFrameworks -F /Users/john/Library/Developer/Xcode/DerivedData/Vocorize-cnefnagdjqmlytftciomotnxheit/Build/Products/Debug/PackageFrameworks -F /Users/john/Library/Developer/Xcode/DerivedData/Vocorize-cnefnagdjqmlytftciomotnxheit/Build/Products/Debug/PackageFrameworks -F /Users/john/Library/Developer/Xcode/DerivedData/Vocorize-cnefnagdjqmlytftciomotnxheit/Build/Products/Debug/PackageFrameworks -F /Users/john/Library/Developer/Xcode/DerivedData/Vocorize-cnefnagdjqmlytftciomotnxheit/Build/Products/Debug/PackageFrameworks -F /Users/john/Library/Developer/Xcode/DerivedData/Vocorize-cnefnagdjqmlytftciomotnxheit/Build/Products/Debug/PackageFrameworks -F /Users/john/Library/Developer/Xcode/DerivedData/Vocorize-cnefnagdjqmlytftciomotnxheit/Build/Products/Debug/PackageFrameworks -F /Users/john/Library/Developer/Xcode/DerivedData/Vocorize-cnefnagdjqmlytftciomotnxheit/Build/Products/Debug/PackageFrameworks -F /Users/john/Library/Developer/Xcode/DerivedData/Vocorize-cnefnagdjqmlytftciomotnxheit/Build/Products/Debug/PackageFrameworks -F /Users/john/Library/Developer/Xcode/DerivedData/Vocorize-cnefnagdjqmlytftciomotnxheit/Build/Products/Debug/PackageFrameworks -F /Users/john/Library/Developer/Xcode/DerivedData/Vocorize-cnefnagdjqmlytftciomotnxheit/Build/Products/Debug -F /Applications/Xcode.app/Contents/Developer/Platforms/MacOSX.platform/Developer/Library/Frameworks -Xfrontend -load-plugin-executable -Xfrontend /Users/john/Library/Developer/Xcode/DerivedData/Vocorize-cnefnagdjqmlytftciomotnxheit/Build/Products/Debug/CasePathsMacros\#CasePathsMacros -Xfrontend -load-plugin-executable -Xfrontend /Users/john/Library/Developer/Xcode/DerivedData/Vocorize-cnefnagdjqmlytftciomotnxheit/Build/Products/Debug/ComposableArchitectureMacros\#ComposableArchitectureMacros -Xfrontend -load-plugin-executable -Xfrontend /Users/john/Library/Developer/Xcode/DerivedData/Vocorize-cnefnagdjqmlytftciomotnxheit/Build/Products/Debug/DependenciesMacrosPlugin\#DependenciesMacrosPlugin -Xfrontend -load-plugin-executable -Xfrontend /Users/john/Library/Developer/Xcode/DerivedData/Vocorize-cnefnagdjqmlytftciomotnxheit/Build/Products/Debug/PerceptionMacros\#PerceptionMacros -c -j12 -enable-batch-mode -incremental -Xcc -ivfsstatcache -Xcc /Users/john/Library/Developer/Xcode/DerivedData/SDKStatCaches.noindex/macosx15.5-24F74-8254517eb8b97d462ccbc072ba9094c9.sdkstatcache -output-file-map /Users/john/Library/Developer/Xcode/DerivedData/Vocorize-cnefnagdjqmlytftciomotnxheit/Build/Intermediates.noindex/Vocorize.build/Debug/VocorizeTests.build/Objects-normal/arm64/VocorizeTests-OutputFileMap.json -use-frontend-parseable-output -save-temps -no-color-diagnostics -serialize-diagnostics -emit-dependencies -emit-module -emit-module-path /Users/john/Library/Developer/Xcode/DerivedData/Vocorize-cnefnagdjqmlytftciomotnxheit/Build/Intermediates.noindex/Vocorize.build/Debug/VocorizeTests.build/Objects-normal/arm64/VocorizeTests.swiftmodule -validate-clang-modules-once -clang-build-session-file /Users/john/Library/Developer/Xcode/DerivedData/ModuleCache.noindex/Session.modulevalidation -Xcc -I/Users/john/Library/Developer/Xcode/DerivedData/Vocorize-cnefnagdjqmlytftciomotnxheit/Build/Intermediates.noindex/Vocorize.build/Debug/VocorizeTests.build/swift-overrides.hmap -emit-const-values -Xfrontend -const-gather-protocols-file -Xfrontend /Users/john/Library/Developer/Xcode/DerivedData/Vocorize-cnefnagdjqmlytftciomotnxheit/Build/Intermediates.noindex/Vocorize.build/Debug/VocorizeTests.build/Objects-normal/arm64/VocorizeTests_const_extract_protocols.json -Xcc -iquote -Xcc /Users/john/Library/Developer/Xcode/DerivedData/Vocorize-cnefnagdjqmlytftciomotnxheit/Build/Intermediates.noindex/Vocorize.build/Debug/VocorizeTests.build/VocorizeTests-generated-files.hmap -Xcc -I/Users/john/Library/Developer/Xcode/DerivedData/Vocorize-cnefnagdjqmlytftciomotnxheit/Build/Intermediates.noindex/Vocorize.build/Debug/VocorizeTests.build/VocorizeTests-own-target-headers.hmap -Xcc -I/Users/john/Library/Developer/Xcode/DerivedData/Vocorize-cnefnagdjqmlytftciomotnxheit/Build/Intermediates.noindex/Vocorize.build/Debug/VocorizeTests.build/VocorizeTests-all-non-framework-target-headers.hmap -Xcc -ivfsoverlay -Xcc /Users/john/Library/Developer/Xcode/DerivedData/Vocorize-cnefnagdjqmlytftciomotnxheit/Build/Intermediates.noindex/Vocorize.build/Debug/Vocorize-404fb66583ceea760e342b97033db0ae-VFS/all-product-headers.yaml -Xcc -iquote -Xcc /Users/john/Library/Developer/Xcode/DerivedData/Vocorize-cnefnagdjqmlytftciomotnxheit/Build/Intermediates.noindex/Vocorize.build/Debug/VocorizeTests.build/VocorizeTests-project-headers.hmap -Xcc -I/Users/john/Library/Developer/Xcode/DerivedData/Vocorize-cnefnagdjqmlytftciomotnxheit/SourcePackages/checkouts/swift-cmark/src/include -Xcc -I/Users/john/Library/Developer/Xcode/DerivedData/Vocorize-cnefnagdjqmlytftciomotnxheit/SourcePackages/checkouts/swift-cmark/extensions/include -Xcc -I/Users/john/Library/Developer/Xcode/DerivedData/Vocorize-cnefnagdjqmlytftciomotnxheit/SourcePackages/checkouts/swift-navigation/Sources/UIKitNavigationShim/include -Xcc -I/Users/john/Library/Developer/Xcode/DerivedData/Vocorize-cnefnagdjqmlytftciomotnxheit/Build/Products/Debug/include -Xcc -I/Users/john/Library/Developer/Xcode/DerivedData/Vocorize-cnefnagdjqmlytftciomotnxheit/Build/Intermediates.noindex/Vocorize.build/Debug/VocorizeTests.build/DerivedSources-normal/arm64 -Xcc -I/Users/john/Library/Developer/Xcode/DerivedData/Vocorize-cnefnagdjqmlytftciomotnxheit/Build/Intermediates.noindex/Vocorize.build/Debug/VocorizeTests.build/DerivedSources/arm64 -Xcc -I/Users/john/Library/Developer/Xcode/DerivedData/Vocorize-cnefnagdjqmlytftciomotnxheit/Build/Intermediates.noindex/Vocorize.build/Debug/VocorizeTests.build/DerivedSources -Xcc -DDEBUG\=1 -emit-objc-header -emit-objc-header-path /Users/john/Library/Developer/Xcode/DerivedData/Vocorize-cnefnagdjqmlytftciomotnxheit/Build/Intermediates.noindex/Vocorize.build/Debug/VocorizeTests.build/Objects-normal/arm64/VocorizeTests-Swift.h -working-directory /Users/john/repos/vocorize-app -experimental-emit-module-separately -disable-cmo

Ld /Users/john/Library/Developer/Xcode/DerivedData/Vocorize-cnefnagdjqmlytftciomotnxheit/Build/Products/Debug/Vocorize.app/Contents/MacOS/Vocorize.debug.dylib normal (in target 'Vocorize' from project 'Vocorize')
    cd /Users/john/repos/vocorize-app
    /Applications/Xcode.app/Contents/Developer/Toolchains/XcodeDefault.xctoolchain/usr/bin/clang -Xlinker -reproducible -target arm64-apple-macos15.0 -dynamiclib -isysroot /Applications/Xcode.app/Contents/Developer/Platforms/MacOSX.platform/Developer/SDKs/MacOSX15.5.sdk -O0 -L/Users/john/Library/Developer/Xcode/DerivedData/Vocorize-cnefnagdjqmlytftciomotnxheit/Build/Intermediates.noindex/EagerLinkingTBDs/Debug -L/Users/john/Library/Developer/Xcode/DerivedData/Vocorize-cnefnagdjqmlytftciomotnxheit/Build/Products/Debug -F/Users/john/Library/Developer/Xcode/DerivedData/Vocorize-cnefnagdjqmlytftciomotnxheit/Build/Intermediates.noindex/EagerLinkingTBDs/Debug -F/Users/john/Library/Developer/Xcode/DerivedData/Vocorize-cnefnagdjqmlytftciomotnxheit/Build/Products/Debug/PackageFrameworks -F/Users/john/Library/Developer/Xcode/DerivedData/Vocorize-cnefnagdjqmlytftciomotnxheit/Build/Products/Debug/PackageFrameworks -F/Users/john/Library/Developer/Xcode/DerivedData/Vocorize-cnefnagdjqmlytftciomotnxheit/Build/Products/Debug/PackageFrameworks -F/Users/john/Library/Developer/Xcode/DerivedData/Vocorize-cnefnagdjqmlytftciomotnxheit/Build/Products/Debug/PackageFrameworks -F/Users/john/Library/Developer/Xcode/DerivedData/Vocorize-cnefnagdjqmlytftciomotnxheit/Build/Products/Debug/PackageFrameworks -F/Users/john/Library/Developer/Xcode/DerivedData/Vocorize-cnefnagdjqmlytftciomotnxheit/Build/Products/Debug/PackageFrameworks -F/Users/john/Library/Developer/Xcode/DerivedData/Vocorize-cnefnagdjqmlytftciomotnxheit/Build/Products/Debug/PackageFrameworks -F/Users/john/Library/Developer/Xcode/DerivedData/Vocorize-cnefnagdjqmlytftciomotnxheit/Build/Products/Debug/PackageFrameworks -F/Users/john/Library/Developer/Xcode/DerivedData/Vocorize-cnefnagdjqmlytftciomotnxheit/Build/Products/Debug/PackageFrameworks -F/Users/john/Library/Developer/Xcode/DerivedData/Vocorize-cnefnagdjqmlytftciomotnxheit/Build/Products/Debug/PackageFrameworks -F/Users/john/Library/Developer/Xcode/DerivedData/Vocorize-cnefnagdjqmlytftciomotnxheit/Build/Products/Debug/PackageFrameworks -F/Users/john/Library/Developer/Xcode/DerivedData/Vocorize-cnefnagdjqmlytftciomotnxheit/Build/Products/Debug/PackageFrameworks -F/Users/john/Library/Developer/Xcode/DerivedData/Vocorize-cnefnagdjqmlytftciomotnxheit/Build/Products/Debug/PackageFrameworks -F/Users/john/Library/Developer/Xcode/DerivedData/Vocorize-cnefnagdjqmlytftciomotnxheit/Build/Products/Debug/PackageFrameworks -F/Users/john/Library/Developer/Xcode/DerivedData/Vocorize-cnefnagdjqmlytftciomotnxheit/Build/Products/Debug/PackageFrameworks -F/Users/john/Library/Developer/Xcode/DerivedData/Vocorize-cnefnagdjqmlytftciomotnxheit/Build/Products/Debug/PackageFrameworks -F/Users/john/Library/Developer/Xcode/DerivedData/Vocorize-cnefnagdjqmlytftciomotnxheit/Build/Products/Debug/PackageFrameworks -F/Users/john/Library/Developer/Xcode/DerivedData/Vocorize-cnefnagdjqmlytftciomotnxheit/Build/Products/Debug/PackageFrameworks -F/Users/john/Library/Developer/Xcode/DerivedData/Vocorize-cnefnagdjqmlytftciomotnxheit/Build/Products/Debug/PackageFrameworks -F/Users/john/Library/Developer/Xcode/DerivedData/Vocorize-cnefnagdjqmlytftciomotnxheit/Build/Products/Debug/PackageFrameworks -F/Users/john/Library/Developer/Xcode/DerivedData/Vocorize-cnefnagdjqmlytftciomotnxheit/Build/Products/Debug/PackageFrameworks -F/Users/john/Library/Developer/Xcode/DerivedData/Vocorize-cnefnagdjqmlytftciomotnxheit/Build/Products/Debug/PackageFrameworks -F/Users/john/Library/Developer/Xcode/DerivedData/Vocorize-cnefnagdjqmlytftciomotnxheit/Build/Products/Debug/PackageFrameworks -F/Users/john/Library/Developer/Xcode/DerivedData/Vocorize-cnefnagdjqmlytftciomotnxheit/Build/Products/Debug/PackageFrameworks -F/Users/john/Library/Developer/Xcode/DerivedData/Vocorize-cnefnagdjqmlytftciomotnxheit/Build/Products/Debug/PackageFrameworks -F/Users/john/Library/Developer/Xcode/DerivedData/Vocorize-cnefnagdjqmlytftciomotnxheit/Build/Products/Debug/PackageFrameworks -F/Users/john/Library/Developer/Xcode/DerivedData/Vocorize-cnefnagdjqmlytftciomotnxheit/Build/Products/Debug/PackageFrameworks -F/Users/john/Library/Developer/Xcode/DerivedData/Vocorize-cnefnagdjqmlytftciomotnxheit/Build/Products/Debug/PackageFrameworks -F/Users/john/Library/Developer/Xcode/DerivedData/Vocorize-cnefnagdjqmlytftciomotnxheit/Build/Products/Debug/PackageFrameworks -F/Users/john/Library/Developer/Xcode/DerivedData/Vocorize-cnefnagdjqmlytftciomotnxheit/Build/Products/Debug/PackageFrameworks -F/Users/john/Library/Developer/Xcode/DerivedData/Vocorize-cnefnagdjqmlytftciomotnxheit/Build/Products/Debug/PackageFrameworks -F/Users/john/Library/Developer/Xcode/DerivedData/Vocorize-cnefnagdjqmlytftciomotnxheit/Build/Products/Debug/PackageFrameworks -F/Users/john/Library/Developer/Xcode/DerivedData/Vocorize-cnefnagdjqmlytftciomotnxheit/Build/Products/Debug/PackageFrameworks -F/Users/john/Library/Developer/Xcode/DerivedData/Vocorize-cnefnagdjqmlytftciomotnxheit/Build/Products/Debug/PackageFrameworks -F/Users/john/Library/Developer/Xcode/DerivedData/Vocorize-cnefnagdjqmlytftciomotnxheit/Build/Products/Debug/PackageFrameworks -F/Users/john/Library/Developer/Xcode/DerivedData/Vocorize-cnefnagdjqmlytftciomotnxheit/Build/Products/Debug/PackageFrameworks -F/Users/john/Library/Developer/Xcode/DerivedData/Vocorize-cnefnagdjqmlytftciomotnxheit/Build/Products/Debug/PackageFrameworks -F/Users/john/Library/Developer/Xcode/DerivedData/Vocorize-cnefnagdjqmlytftciomotnxheit/Build/Products/Debug -filelist /Users/john/Library/Developer/Xcode/DerivedData/Vocorize-cnefnagdjqmlytftciomotnxheit/Build/Intermediates.noindex/Vocorize.build/Debug/Vocorize.build/Objects-normal/arm64/Vocorize.LinkFileList -install_name @rpath/Vocorize.debug.dylib -Xlinker -rpath -Xlinker /Users/john/Library/Developer/Xcode/DerivedData/Vocorize-cnefnagdjqmlytftciomotnxheit/Build/Products/Debug/PackageFrameworks -Xlinker -rpath -Xlinker @executable_path/../Frameworks -Xlinker -object_path_lto -Xlinker /Users/john/Library/Developer/Xcode/DerivedData/Vocorize-cnefnagdjqmlytftciomotnxheit/Build/Intermediates.noindex/Vocorize.build/Debug/Vocorize.build/Objects-normal/arm64/Vocorize_lto.o -rdynamic -Xlinker -no_deduplicate -Xlinker -debug_variant -Xlinker -dependency_info -Xlinker /Users/john/Library/Developer/Xcode/DerivedData/Vocorize-cnefnagdjqmlytftciomotnxheit/Build/Intermediates.noindex/Vocorize.build/Debug/Vocorize.build/Objects-normal/arm64/Vocorize_dependency_info.dat -fobjc-link-runtime -fprofile-instr-generate -L/Applications/Xcode.app/Contents/Developer/Toolchains/XcodeDefault.xctoolchain/usr/lib/swift/macosx -L/usr/lib/swift -Xlinker -add_ast_path -Xlinker /Users/john/Library/Developer/Xcode/DerivedData/Vocorize-cnefnagdjqmlytftciomotnxheit/Build/Intermediates.noindex/Vocorize.build/Debug/Vocorize.build/Objects-normal/arm64/Vocorize.swiftmodule -Wl,-no_warn_duplicate_libraries -Wl,-no_warn_duplicate_libraries -Wl,-no_warn_duplicate_libraries -Wl,-no_warn_duplicate_libraries -Wl,-no_warn_duplicate_libraries -Wl,-no_warn_duplicate_libraries -Wl,-no_warn_duplicate_libraries -Wl,-no_warn_duplicate_libraries -Wl,-no_warn_duplicate_libraries -Wl,-no_warn_duplicate_libraries -Wl,-no_warn_duplicate_libraries -Wl,-no_warn_duplicate_libraries -Wl,-no_warn_duplicate_libraries -Wl,-no_warn_duplicate_libraries -Wl,-no_warn_duplicate_libraries -Wl,-no_warn_duplicate_libraries -Wl,-no_warn_duplicate_libraries -Wl,-no_warn_duplicate_libraries -Wl,-no_warn_duplicate_libraries -Wl,-no_warn_duplicate_libraries -Wl,-no_warn_duplicate_libraries -Wl,-no_warn_duplicate_libraries -Wl,-no_warn_duplicate_libraries -Wl,-no_warn_duplicate_libraries -Wl,-no_warn_duplicate_libraries -Wl,-no_warn_duplicate_libraries -Wl,-no_warn_duplicate_libraries -Wl,-no_warn_duplicate_libraries -Wl,-no_warn_duplicate_libraries -Wl,-no_warn_duplicate_libraries -Wl,-no_warn_duplicate_libraries -Wl,-no_warn_duplicate_libraries -Wl,-no_warn_duplicate_libraries -Wl,-no_warn_duplicate_libraries -Wl,-no_warn_duplicate_libraries -Wl,-no_warn_duplicate_libraries -Wl,-no_warn_duplicate_libraries -Xlinker -interposable -Xlinker -alias -Xlinker _main -Xlinker ___debug_main_executable_dylib_entry_point -framework Sparkle -Xlinker -no_adhoc_codesign -o /Users/john/Library/Developer/Xcode/DerivedData/Vocorize-cnefnagdjqmlytftciomotnxheit/Build/Products/Debug/Vocorize.app/Contents/MacOS/Vocorize.debug.dylib -Xlinker -add_ast_path -Xlinker /Users/john/Library/Developer/Xcode/DerivedData/Vocorize-cnefnagdjqmlytftciomotnxheit/Build/Intermediates.noindex/whisperkit.build/Debug/WhisperKit.build/Objects-normal/arm64/WhisperKit.swiftmodule -Xlinker -add_ast_path -Xlinker /Users/john/Library/Developer/Xcode/DerivedData/Vocorize-cnefnagdjqmlytftciomotnxheit/Build/Intermediates.noindex/swift-transformers.build/Debug/Tokenizers.build/Objects-normal/arm64/Tokenizers.swiftmodule -Xlinker -add_ast_path -Xlinker /Users/john/Library/Developer/Xcode/DerivedData/Vocorize-cnefnagdjqmlytftciomotnxheit/Build/Intermediates.noindex/swift-transformers.build/Debug/Generation.build/Objects-normal/arm64/Generation.swiftmodule -Xlinker -add_ast_path -Xlinker /Users/john/Library/Developer/Xcode/DerivedData/Vocorize-cnefnagdjqmlytftciomotnxheit/Build/Intermediates.noindex/swift-transformers.build/Debug/Models.build/Objects-normal/arm64/Models.swiftmodule -Xlinker -add_ast_path -Xlinker /Users/john/Library/Developer/Xcode/DerivedData/Vocorize-cnefnagdjqmlytftciomotnxheit/Build/Intermediates.noindex/swift-transformers.build/Debug/Hub.build/Objects-normal/arm64/Hub.swiftmodule -Xlinker -add_ast_path -Xlinker /Users/john/Library/Developer/Xcode/DerivedData/Vocorize-cnefnagdjqmlytftciomotnxheit/Build/Intermediates.noindex/Jinja.build/Debug/Jinja.build/Objects-normal/arm64/Jinja.swiftmodule -Xlinker -add_ast_path -Xlinker /Users/john/Library/Developer/Xcode/DerivedData/Vocorize-cnefnagdjqmlytftciomotnxheit/Build/Intermediates.noindex/swift-collections.build/Debug/OrderedCollections.build/Objects-normal/arm64/OrderedCollections.swiftmodule -Xlinker -add_ast_path -Xlinker /Users/john/Library/Developer/Xcode/DerivedData/Vocorize-cnefnagdjqmlytftciomotnxheit/Build/Intermediates.noindex/swift-collections.build/Debug/InternalCollectionsUtilities.build/Objects-normal/arm64/InternalCollectionsUtilities.swiftmodule -Xlinker -add_ast_path -Xlinker /Users/john/Library/Developer/Xcode/DerivedData/Vocorize-cnefnagdjqmlytftciomotnxheit/Build/Intermediates.noindex/swift-transformers.build/Debug/TensorUtils.build/Objects-normal/arm64/TensorUtils.swiftmodule -Xlinker -add_ast_path -Xlinker /Users/john/Library/Developer/Xcode/DerivedData/Vocorize-cnefnagdjqmlytftciomotnxheit/Build/Intermediates.noindex/swift-dependencies.build/Debug/Dependencies.build/Objects-normal/arm64/Dependencies.swiftmodule -Xlinker -add_ast_path -Xlinker /Users/john/Library/Developer/Xcode/DerivedData/Vocorize-cnefnagdjqmlytftciomotnxheit/Build/Intermediates.noindex/swift-clocks.build/Debug/Clocks.build/Objects-normal/arm64/Clocks.swiftmodule -Xlinker -add_ast_path -Xlinker /Users/john/Library/Developer/Xcode/DerivedData/Vocorize-cnefnagdjqmlytftciomotnxheit/Build/Intermediates.noindex/swift-concurrency-extras.build/Debug/ConcurrencyExtras.build/Objects-normal/arm64/ConcurrencyExtras.swiftmodule -Xlinker -add_ast_path -Xlinker /Users/john/Library/Developer/Xcode/DerivedData/Vocorize-cnefnagdjqmlytftciomotnxheit/Build/Intermediates.noindex/xctest-dynamic-overlay.build/Debug/IssueReporting.build/Objects-normal/arm64/IssueReporting.swiftmodule -Xlinker -add_ast_path -Xlinker /Users/john/Library/Developer/Xcode/DerivedData/Vocorize-cnefnagdjqmlytftciomotnxheit/Build/Intermediates.noindex/combine-schedulers.build/Debug/CombineSchedulers.build/Objects-normal/arm64/CombineSchedulers.swiftmodule -Xlinker -add_ast_path -Xlinker /Users/john/Library/Developer/Xcode/DerivedData/Vocorize-cnefnagdjqmlytftciomotnxheit/Build/Intermediates.noindex/xctest-dynamic-overlay.build/Debug/XCTestDynamicOverlay.build/Objects-normal/arm64/XCTestDynamicOverlay.swiftmodule -Xlinker -add_ast_path -Xlinker /Users/john/Library/Developer/Xcode/DerivedData/Vocorize-cnefnagdjqmlytftciomotnxheit/Build/Intermediates.noindex/swift-markdown-ui.build/Debug/MarkdownUI.build/Objects-normal/arm64/MarkdownUI.swiftmodule -Xlinker -add_ast_path -Xlinker /Users/john/Library/Developer/Xcode/DerivedData/Vocorize-cnefnagdjqmlytftciomotnxheit/Build/Intermediates.noindex/NetworkImage.build/Debug/NetworkImage.build/Objects-normal/arm64/NetworkImage.swiftmodule -Xlinker -add_ast_path -Xlinker /Users/john/Library/Developer/Xcode/DerivedData/Vocorize-cnefnagdjqmlytftciomotnxheit/Build/Intermediates.noindex/Sauce.build/Debug/Sauce.build/Objects-normal/arm64/Sauce.swiftmodule -Xlinker -add_ast_path -Xlinker /Users/john/Library/Developer/Xcode/DerivedData/Vocorize-cnefnagdjqmlytftciomotnxheit/Build/Intermediates.noindex/Inject.build/Debug/Inject.build/Objects-normal/arm64/Inject.swiftmodule -Xlinker -add_ast_path -Xlinker /Users/john/Library/Developer/Xcode/DerivedData/Vocorize-cnefnagdjqmlytftciomotnxheit/Build/Intermediates.noindex/Pow.build/Debug/Pow.build/Objects-normal/arm64/Pow.swiftmodule -Xlinker -add_ast_path -Xlinker /Users/john/Library/Developer/Xcode/DerivedData/Vocorize-cnefnagdjqmlytftciomotnxheit/Build/Intermediates.noindex/swift-dependencies.build/Debug/DependenciesMacros.build/Objects-normal/arm64/DependenciesMacros.swiftmodule -Xlinker -add_ast_path -Xlinker /Users/john/Library/Developer/Xcode/DerivedData/Vocorize-cnefnagdjqmlytftciomotnxheit/Build/Intermediates.noindex/swift-composable-architecture.build/Debug/ComposableArchitecture.build/Objects-normal/arm64/ComposableArchitecture.swiftmodule -Xlinker -add_ast_path -Xlinker /Users/john/Library/Developer/Xcode/DerivedData/Vocorize-cnefnagdjqmlytftciomotnxheit/Build/Intermediates.noindex/swift-case-paths.build/Debug/CasePaths.build/Objects-normal/arm64/CasePaths.swiftmodule -Xlinker -add_ast_path -Xlinker /Users/john/Library/Developer/Xcode/DerivedData/Vocorize-cnefnagdjqmlytftciomotnxheit/Build/Intermediates.noindex/swift-case-paths.build/Debug/CasePathsCore.build/Objects-normal/arm64/CasePathsCore.swiftmodule -Xlinker -add_ast_path -Xlinker /Users/john/Library/Developer/Xcode/DerivedData/Vocorize-cnefnagdjqmlytftciomotnxheit/Build/Intermediates.noindex/swift-custom-dump.build/Debug/CustomDump.build/Objects-normal/arm64/CustomDump.swiftmodule -Xlinker -add_ast_path -Xlinker /Users/john/Library/Developer/Xcode/DerivedData/Vocorize-cnefnagdjqmlytftciomotnxheit/Build/Intermediates.noindex/swift-identified-collections.build/Debug/IdentifiedCollections.build/Objects-normal/arm64/IdentifiedCollections.swiftmodule -Xlinker -add_ast_path -Xlinker /Users/john/Library/Developer/Xcode/DerivedData/Vocorize-cnefnagdjqmlytftciomotnxheit/Build/Intermediates.noindex/swift-perception.build/Debug/Perception.build/Objects-normal/arm64/Perception.swiftmodule -Xlinker -add_ast_path -Xlinker /Users/john/Library/Developer/Xcode/DerivedData/Vocorize-cnefnagdjqmlytftciomotnxheit/Build/Intermediates.noindex/swift-perception.build/Debug/PerceptionCore.build/Objects-normal/arm64/PerceptionCore.swiftmodule -Xlinker -add_ast_path -Xlinker /Users/john/Library/Developer/Xcode/DerivedData/Vocorize-cnefnagdjqmlytftciomotnxheit/Build/Intermediates.noindex/swift-sharing.build/Debug/Sharing.build/Objects-normal/arm64/Sharing.swiftmodule -Xlinker -add_ast_path -Xlinker /Users/john/Library/Developer/Xcode/DerivedData/Vocorize-cnefnagdjqmlytftciomotnxheit/Build/Intermediates.noindex/swift-sharing.build/Debug/Sharing1.build/Objects-normal/arm64/Sharing1.swiftmodule -Xlinker -add_ast_path -Xlinker /Users/john/Library/Developer/Xcode/DerivedData/Vocorize-cnefnagdjqmlytftciomotnxheit/Build/Intermediates.noindex/swift-sharing.build/Debug/Sharing2.build/Objects-normal/arm64/Sharing2.swiftmodule -Xlinker -add_ast_path -Xlinker /Users/john/Library/Developer/Xcode/DerivedData/Vocorize-cnefnagdjqmlytftciomotnxheit/Build/Intermediates.noindex/swift-navigation.build/Debug/SwiftUINavigation.build/Objects-normal/arm64/SwiftUINavigation.swiftmodule -Xlinker -add_ast_path -Xlinker /Users/john/Library/Developer/Xcode/DerivedData/Vocorize-cnefnagdjqmlytftciomotnxheit/Build/Intermediates.noindex/swift-navigation.build/Debug/SwiftNavigation.build/Objects-normal/arm64/SwiftNavigation.swiftmodule -Xlinker -add_ast_path -Xlinker /Users/john/Library/Developer/Xcode/DerivedData/Vocorize-cnefnagdjqmlytftciomotnxheit/Build/Intermediates.noindex/swift-navigation.build/Debug/UIKitNavigation.build/Objects-normal/arm64/UIKitNavigation.swiftmodule

SwiftDriver\ Compilation VocorizeTests normal arm64 com.apple.xcode.tools.swift.compiler (in target 'VocorizeTests' from project 'Vocorize')
    cd /Users/john/repos/vocorize-app
    builtin-Swift-Compilation -- /Applications/Xcode.app/Contents/Developer/Toolchains/XcodeDefault.xctoolchain/usr/bin/swiftc -module-name VocorizeTests -Onone -enforce-exclusivity\=checked @/Users/john/Library/Developer/Xcode/DerivedData/Vocorize-cnefnagdjqmlytftciomotnxheit/Build/Intermediates.noindex/Vocorize.build/Debug/VocorizeTests.build/Objects-normal/arm64/VocorizeTests.SwiftFileList -DDEBUG -Xcc -fmodule-map-file\=/Users/john/Library/Developer/Xcode/DerivedData/Vocorize-cnefnagdjqmlytftciomotnxheit/Build/Intermediates.noindex/GeneratedModuleMaps/UIKitNavigationShim.modulemap -plugin-path /Applications/Xcode.app/Contents/Developer/Toolchains/XcodeDefault.xctoolchain/usr/lib/swift/host/plugins/testing -enable-bare-slash-regex -enable-experimental-feature DebugDescriptionMacro -sdk /Applications/Xcode.app/Contents/Developer/Platforms/MacOSX.platform/Developer/SDKs/MacOSX15.5.sdk -target arm64-apple-macos15.2 -g -module-cache-path /Users/john/Library/Developer/Xcode/DerivedData/ModuleCache.noindex -Xfrontend -serialize-debugging-options -profile-coverage-mapping -profile-generate -enable-testing -index-store-path /Users/john/Library/Developer/Xcode/DerivedData/Vocorize-cnefnagdjqmlytftciomotnxheit/Index.noindex/DataStore -swift-version 5 -I /Users/john/Library/Developer/Xcode/DerivedData/Vocorize-cnefnagdjqmlytftciomotnxheit/Build/Products/Debug -I /Applications/Xcode.app/Contents/Developer/Platforms/MacOSX.platform/Developer/usr/lib -F /Users/john/Library/Developer/Xcode/DerivedData/Vocorize-cnefnagdjqmlytftciomotnxheit/Build/Products/Debug/PackageFrameworks -F /Users/john/Library/Developer/Xcode/DerivedData/Vocorize-cnefnagdjqmlytftciomotnxheit/Build/Products/Debug/PackageFrameworks -F /Users/john/Library/Developer/Xcode/DerivedData/Vocorize-cnefnagdjqmlytftciomotnxheit/Build/Products/Debug/PackageFrameworks -F /Users/john/Library/Developer/Xcode/DerivedData/Vocorize-cnefnagdjqmlytftciomotnxheit/Build/Products/Debug/PackageFrameworks -F /Users/john/Library/Developer/Xcode/DerivedData/Vocorize-cnefnagdjqmlytftciomotnxheit/Build/Products/Debug/PackageFrameworks -F /Users/john/Library/Developer/Xcode/DerivedData/Vocorize-cnefnagdjqmlytftciomotnxheit/Build/Products/Debug/PackageFrameworks -F /Users/john/Library/Developer/Xcode/DerivedData/Vocorize-cnefnagdjqmlytftciomotnxheit/Build/Products/Debug/PackageFrameworks -F /Users/john/Library/Developer/Xcode/DerivedData/Vocorize-cnefnagdjqmlytftciomotnxheit/Build/Products/Debug/PackageFrameworks -F /Users/john/Library/Developer/Xcode/DerivedData/Vocorize-cnefnagdjqmlytftciomotnxheit/Build/Products/Debug/PackageFrameworks -F /Users/john/Library/Developer/Xcode/DerivedData/Vocorize-cnefnagdjqmlytftciomotnxheit/Build/Products/Debug/PackageFrameworks -F /Users/john/Library/Developer/Xcode/DerivedData/Vocorize-cnefnagdjqmlytftciomotnxheit/Build/Products/Debug/PackageFrameworks -F /Users/john/Library/Developer/Xcode/DerivedData/Vocorize-cnefnagdjqmlytftciomotnxheit/Build/Products/Debug/PackageFrameworks -F /Users/john/Library/Developer/Xcode/DerivedData/Vocorize-cnefnagdjqmlytftciomotnxheit/Build/Products/Debug/PackageFrameworks -F /Users/john/Library/Developer/Xcode/DerivedData/Vocorize-cnefnagdjqmlytftciomotnxheit/Build/Products/Debug/PackageFrameworks -F /Users/john/Library/Developer/Xcode/DerivedData/Vocorize-cnefnagdjqmlytftciomotnxheit/Build/Products/Debug/PackageFrameworks -F /Users/john/Library/Developer/Xcode/DerivedData/Vocorize-cnefnagdjqmlytftciomotnxheit/Build/Products/Debug/PackageFrameworks -F /Users/john/Library/Developer/Xcode/DerivedData/Vocorize-cnefnagdjqmlytftciomotnxheit/Build/Products/Debug/PackageFrameworks -F /Users/john/Library/Developer/Xcode/DerivedData/Vocorize-cnefnagdjqmlytftciomotnxheit/Build/Products/Debug/PackageFrameworks -F /Users/john/Library/Developer/Xcode/DerivedData/Vocorize-cnefnagdjqmlytftciomotnxheit/Build/Products/Debug/PackageFrameworks -F /Users/john/Library/Developer/Xcode/DerivedData/Vocorize-cnefnagdjqmlytftciomotnxheit/Build/Products/Debug/PackageFrameworks -F /Users/john/Library/Developer/Xcode/DerivedData/Vocorize-cnefnagdjqmlytftciomotnxheit/Build/Products/Debug/PackageFrameworks -F /Users/john/Library/Developer/Xcode/DerivedData/Vocorize-cnefnagdjqmlytftciomotnxheit/Build/Products/Debug/PackageFrameworks -F /Users/john/Library/Developer/Xcode/DerivedData/Vocorize-cnefnagdjqmlytftciomotnxheit/Build/Products/Debug/PackageFrameworks -F /Users/john/Library/Developer/Xcode/DerivedData/Vocorize-cnefnagdjqmlytftciomotnxheit/Build/Products/Debug/PackageFrameworks -F /Users/john/Library/Developer/Xcode/DerivedData/Vocorize-cnefnagdjqmlytftciomotnxheit/Build/Products/Debug/PackageFrameworks -F /Users/john/Library/Developer/Xcode/DerivedData/Vocorize-cnefnagdjqmlytftciomotnxheit/Build/Products/Debug/PackageFrameworks -F /Users/john/Library/Developer/Xcode/DerivedData/Vocorize-cnefnagdjqmlytftciomotnxheit/Build/Products/Debug/PackageFrameworks -F /Users/john/Library/Developer/Xcode/DerivedData/Vocorize-cnefnagdjqmlytftciomotnxheit/Build/Products/Debug/PackageFrameworks -F /Users/john/Library/Developer/Xcode/DerivedData/Vocorize-cnefnagdjqmlytftciomotnxheit/Build/Products/Debug/PackageFrameworks -F /Users/john/Library/Developer/Xcode/DerivedData/Vocorize-cnefnagdjqmlytftciomotnxheit/Build/Products/Debug/PackageFrameworks -F /Users/john/Library/Developer/Xcode/DerivedData/Vocorize-cnefnagdjqmlytftciomotnxheit/Build/Products/Debug/PackageFrameworks -F /Users/john/Library/Developer/Xcode/DerivedData/Vocorize-cnefnagdjqmlytftciomotnxheit/Build/Products/Debug/PackageFrameworks -F /Users/john/Library/Developer/Xcode/DerivedData/Vocorize-cnefnagdjqmlytftciomotnxheit/Build/Products/Debug/PackageFrameworks -F /Users/john/Library/Developer/Xcode/DerivedData/Vocorize-cnefnagdjqmlytftciomotnxheit/Build/Products/Debug/PackageFrameworks -F /Users/john/Library/Developer/Xcode/DerivedData/Vocorize-cnefnagdjqmlytftciomotnxheit/Build/Products/Debug/PackageFrameworks -F /Users/john/Library/Developer/Xcode/DerivedData/Vocorize-cnefnagdjqmlytftciomotnxheit/Build/Products/Debug/PackageFrameworks -F /Users/john/Library/Developer/Xcode/DerivedData/Vocorize-cnefnagdjqmlytftciomotnxheit/Build/Products/Debug/PackageFrameworks -F /Users/john/Library/Developer/Xcode/DerivedData/Vocorize-cnefnagdjqmlytftciomotnxheit/Build/Products/Debug -F /Applications/Xcode.app/Contents/Developer/Platforms/MacOSX.platform/Developer/Library/Frameworks -Xfrontend -load-plugin-executable -Xfrontend /Users/john/Library/Developer/Xcode/DerivedData/Vocorize-cnefnagdjqmlytftciomotnxheit/Build/Products/Debug/CasePathsMacros\#CasePathsMacros -Xfrontend -load-plugin-executable -Xfrontend /Users/john/Library/Developer/Xcode/DerivedData/Vocorize-cnefnagdjqmlytftciomotnxheit/Build/Products/Debug/ComposableArchitectureMacros\#ComposableArchitectureMacros -Xfrontend -load-plugin-executable -Xfrontend /Users/john/Library/Developer/Xcode/DerivedData/Vocorize-cnefnagdjqmlytftciomotnxheit/Build/Products/Debug/DependenciesMacrosPlugin\#DependenciesMacrosPlugin -Xfrontend -load-plugin-executable -Xfrontend /Users/john/Library/Developer/Xcode/DerivedData/Vocorize-cnefnagdjqmlytftciomotnxheit/Build/Products/Debug/PerceptionMacros\#PerceptionMacros -c -j12 -enable-batch-mode -incremental -Xcc -ivfsstatcache -Xcc /Users/john/Library/Developer/Xcode/DerivedData/SDKStatCaches.noindex/macosx15.5-24F74-8254517eb8b97d462ccbc072ba9094c9.sdkstatcache -output-file-map /Users/john/Library/Developer/Xcode/DerivedData/Vocorize-cnefnagdjqmlytftciomotnxheit/Build/Intermediates.noindex/Vocorize.build/Debug/VocorizeTests.build/Objects-normal/arm64/VocorizeTests-OutputFileMap.json -use-frontend-parseable-output -save-temps -no-color-diagnostics -serialize-diagnostics -emit-dependencies -emit-module -emit-module-path /Users/john/Library/Developer/Xcode/DerivedData/Vocorize-cnefnagdjqmlytftciomotnxheit/Build/Intermediates.noindex/Vocorize.build/Debug/VocorizeTests.build/Objects-normal/arm64/VocorizeTests.swiftmodule -validate-clang-modules-once -clang-build-session-file /Users/john/Library/Developer/Xcode/DerivedData/ModuleCache.noindex/Session.modulevalidation -Xcc -I/Users/john/Library/Developer/Xcode/DerivedData/Vocorize-cnefnagdjqmlytftciomotnxheit/Build/Intermediates.noindex/Vocorize.build/Debug/VocorizeTests.build/swift-overrides.hmap -emit-const-values -Xfrontend -const-gather-protocols-file -Xfrontend /Users/john/Library/Developer/Xcode/DerivedData/Vocorize-cnefnagdjqmlytftciomotnxheit/Build/Intermediates.noindex/Vocorize.build/Debug/VocorizeTests.build/Objects-normal/arm64/VocorizeTests_const_extract_protocols.json -Xcc -iquote -Xcc /Users/john/Library/Developer/Xcode/DerivedData/Vocorize-cnefnagdjqmlytftciomotnxheit/Build/Intermediates.noindex/Vocorize.build/Debug/VocorizeTests.build/VocorizeTests-generated-files.hmap -Xcc -I/Users/john/Library/Developer/Xcode/DerivedData/Vocorize-cnefnagdjqmlytftciomotnxheit/Build/Intermediates.noindex/Vocorize.build/Debug/VocorizeTests.build/VocorizeTests-own-target-headers.hmap -Xcc -I/Users/john/Library/Developer/Xcode/DerivedData/Vocorize-cnefnagdjqmlytftciomotnxheit/Build/Intermediates.noindex/Vocorize.build/Debug/VocorizeTests.build/VocorizeTests-all-non-framework-target-headers.hmap -Xcc -ivfsoverlay -Xcc /Users/john/Library/Developer/Xcode/DerivedData/Vocorize-cnefnagdjqmlytftciomotnxheit/Build/Intermediates.noindex/Vocorize.build/Debug/Vocorize-404fb66583ceea760e342b97033db0ae-VFS/all-product-headers.yaml -Xcc -iquote -Xcc /Users/john/Library/Developer/Xcode/DerivedData/Vocorize-cnefnagdjqmlytftciomotnxheit/Build/Intermediates.noindex/Vocorize.build/Debug/VocorizeTests.build/VocorizeTests-project-headers.hmap -Xcc -I/Users/john/Library/Developer/Xcode/DerivedData/Vocorize-cnefnagdjqmlytftciomotnxheit/SourcePackages/checkouts/swift-cmark/src/include -Xcc -I/Users/john/Library/Developer/Xcode/DerivedData/Vocorize-cnefnagdjqmlytftciomotnxheit/SourcePackages/checkouts/swift-cmark/extensions/include -Xcc -I/Users/john/Library/Developer/Xcode/DerivedData/Vocorize-cnefnagdjqmlytftciomotnxheit/SourcePackages/checkouts/swift-navigation/Sources/UIKitNavigationShim/include -Xcc -I/Users/john/Library/Developer/Xcode/DerivedData/Vocorize-cnefnagdjqmlytftciomotnxheit/Build/Products/Debug/include -Xcc -I/Users/john/Library/Developer/Xcode/DerivedData/Vocorize-cnefnagdjqmlytftciomotnxheit/Build/Intermediates.noindex/Vocorize.build/Debug/VocorizeTests.build/DerivedSources-normal/arm64 -Xcc -I/Users/john/Library/Developer/Xcode/DerivedData/Vocorize-cnefnagdjqmlytftciomotnxheit/Build/Intermediates.noindex/Vocorize.build/Debug/VocorizeTests.build/DerivedSources/arm64 -Xcc -I/Users/john/Library/Developer/Xcode/DerivedData/Vocorize-cnefnagdjqmlytftciomotnxheit/Build/Intermediates.noindex/Vocorize.build/Debug/VocorizeTests.build/DerivedSources -Xcc -DDEBUG\=1 -emit-objc-header -emit-objc-header-path /Users/john/Library/Developer/Xcode/DerivedData/Vocorize-cnefnagdjqmlytftciomotnxheit/Build/Intermediates.noindex/Vocorize.build/Debug/VocorizeTests.build/Objects-normal/arm64/VocorizeTests-Swift.h -working-directory /Users/john/repos/vocorize-app -experimental-emit-module-separately -disable-cmo

SwiftDriver\ Compilation\ Requirements VocorizeTests normal arm64 com.apple.xcode.tools.swift.compiler (in target 'VocorizeTests' from project 'Vocorize')
    cd /Users/john/repos/vocorize-app
    builtin-Swift-Compilation-Requirements -- /Applications/Xcode.app/Contents/Developer/Toolchains/XcodeDefault.xctoolchain/usr/bin/swiftc -module-name VocorizeTests -Onone -enforce-exclusivity\=checked @/Users/john/Library/Developer/Xcode/DerivedData/Vocorize-cnefnagdjqmlytftciomotnxheit/Build/Intermediates.noindex/Vocorize.build/Debug/VocorizeTests.build/Objects-normal/arm64/VocorizeTests.SwiftFileList -DDEBUG -Xcc -fmodule-map-file\=/Users/john/Library/Developer/Xcode/DerivedData/Vocorize-cnefnagdjqmlytftciomotnxheit/Build/Intermediates.noindex/GeneratedModuleMaps/UIKitNavigationShim.modulemap -plugin-path /Applications/Xcode.app/Contents/Developer/Toolchains/XcodeDefault.xctoolchain/usr/lib/swift/host/plugins/testing -enable-bare-slash-regex -enable-experimental-feature DebugDescriptionMacro -sdk /Applications/Xcode.app/Contents/Developer/Platforms/MacOSX.platform/Developer/SDKs/MacOSX15.5.sdk -target arm64-apple-macos15.2 -g -module-cache-path /Users/john/Library/Developer/Xcode/DerivedData/ModuleCache.noindex -Xfrontend -serialize-debugging-options -profile-coverage-mapping -profile-generate -enable-testing -index-store-path /Users/john/Library/Developer/Xcode/DerivedData/Vocorize-cnefnagdjqmlytftciomotnxheit/Index.noindex/DataStore -swift-version 5 -I /Users/john/Library/Developer/Xcode/DerivedData/Vocorize-cnefnagdjqmlytftciomotnxheit/Build/Products/Debug -I /Applications/Xcode.app/Contents/Developer/Platforms/MacOSX.platform/Developer/usr/lib -F /Users/john/Library/Developer/Xcode/DerivedData/Vocorize-cnefnagdjqmlytftciomotnxheit/Build/Products/Debug/PackageFrameworks -F /Users/john/Library/Developer/Xcode/DerivedData/Vocorize-cnefnagdjqmlytftciomotnxheit/Build/Products/Debug/PackageFrameworks -F /Users/john/Library/Developer/Xcode/DerivedData/Vocorize-cnefnagdjqmlytftciomotnxheit/Build/Products/Debug/PackageFrameworks -F /Users/john/Library/Developer/Xcode/DerivedData/Vocorize-cnefnagdjqmlytftciomotnxheit/Build/Products/Debug/PackageFrameworks -F /Users/john/Library/Developer/Xcode/DerivedData/Vocorize-cnefnagdjqmlytftciomotnxheit/Build/Products/Debug/PackageFrameworks -F /Users/john/Library/Developer/Xcode/DerivedData/Vocorize-cnefnagdjqmlytftciomotnxheit/Build/Products/Debug/PackageFrameworks -F /Users/john/Library/Developer/Xcode/DerivedData/Vocorize-cnefnagdjqmlytftciomotnxheit/Build/Products/Debug/PackageFrameworks -F /Users/john/Library/Developer/Xcode/DerivedData/Vocorize-cnefnagdjqmlytftciomotnxheit/Build/Products/Debug/PackageFrameworks -F /Users/john/Library/Developer/Xcode/DerivedData/Vocorize-cnefnagdjqmlytftciomotnxheit/Build/Products/Debug/PackageFrameworks -F /Users/john/Library/Developer/Xcode/DerivedData/Vocorize-cnefnagdjqmlytftciomotnxheit/Build/Products/Debug/PackageFrameworks -F /Users/john/Library/Developer/Xcode/DerivedData/Vocorize-cnefnagdjqmlytftciomotnxheit/Build/Products/Debug/PackageFrameworks -F /Users/john/Library/Developer/Xcode/DerivedData/Vocorize-cnefnagdjqmlytftciomotnxheit/Build/Products/Debug/PackageFrameworks -F /Users/john/Library/Developer/Xcode/DerivedData/Vocorize-cnefnagdjqmlytftciomotnxheit/Build/Products/Debug/PackageFrameworks -F /Users/john/Library/Developer/Xcode/DerivedData/Vocorize-cnefnagdjqmlytftciomotnxheit/Build/Products/Debug/PackageFrameworks -F /Users/john/Library/Developer/Xcode/DerivedData/Vocorize-cnefnagdjqmlytftciomotnxheit/Build/Products/Debug/PackageFrameworks -F /Users/john/Library/Developer/Xcode/DerivedData/Vocorize-cnefnagdjqmlytftciomotnxheit/Build/Products/Debug/PackageFrameworks -F /Users/john/Library/Developer/Xcode/DerivedData/Vocorize-cnefnagdjqmlytftciomotnxheit/Build/Products/Debug/PackageFrameworks -F /Users/john/Library/Developer/Xcode/DerivedData/Vocorize-cnefnagdjqmlytftciomotnxheit/Build/Products/Debug/PackageFrameworks -F /Users/john/Library/Developer/Xcode/DerivedData/Vocorize-cnefnagdjqmlytftciomotnxheit/Build/Products/Debug/PackageFrameworks -F /Users/john/Library/Developer/Xcode/DerivedData/Vocorize-cnefnagdjqmlytftciomotnxheit/Build/Products/Debug/PackageFrameworks -F /Users/john/Library/Developer/Xcode/DerivedData/Vocorize-cnefnagdjqmlytftciomotnxheit/Build/Products/Debug/PackageFrameworks -F /Users/john/Library/Developer/Xcode/DerivedData/Vocorize-cnefnagdjqmlytftciomotnxheit/Build/Products/Debug/PackageFrameworks -F /Users/john/Library/Developer/Xcode/DerivedData/Vocorize-cnefnagdjqmlytftciomotnxheit/Build/Products/Debug/PackageFrameworks -F /Users/john/Library/Developer/Xcode/DerivedData/Vocorize-cnefnagdjqmlytftciomotnxheit/Build/Products/Debug/PackageFrameworks -F /Users/john/Library/Developer/Xcode/DerivedData/Vocorize-cnefnagdjqmlytftciomotnxheit/Build/Products/Debug/PackageFrameworks -F /Users/john/Library/Developer/Xcode/DerivedData/Vocorize-cnefnagdjqmlytftciomotnxheit/Build/Products/Debug/PackageFrameworks -F /Users/john/Library/Developer/Xcode/DerivedData/Vocorize-cnefnagdjqmlytftciomotnxheit/Build/Products/Debug/PackageFrameworks -F /Users/john/Library/Developer/Xcode/DerivedData/Vocorize-cnefnagdjqmlytftciomotnxheit/Build/Products/Debug/PackageFrameworks -F /Users/john/Library/Developer/Xcode/DerivedData/Vocorize-cnefnagdjqmlytftciomotnxheit/Build/Products/Debug/PackageFrameworks -F /Users/john/Library/Developer/Xcode/DerivedData/Vocorize-cnefnagdjqmlytftciomotnxheit/Build/Products/Debug/PackageFrameworks -F /Users/john/Library/Developer/Xcode/DerivedData/Vocorize-cnefnagdjqmlytftciomotnxheit/Build/Products/Debug/PackageFrameworks -F /Users/john/Library/Developer/Xcode/DerivedData/Vocorize-cnefnagdjqmlytftciomotnxheit/Build/Products/Debug/PackageFrameworks -F /Users/john/Library/Developer/Xcode/DerivedData/Vocorize-cnefnagdjqmlytftciomotnxheit/Build/Products/Debug/PackageFrameworks -F /Users/john/Library/Developer/Xcode/DerivedData/Vocorize-cnefnagdjqmlytftciomotnxheit/Build/Products/Debug/PackageFrameworks -F /Users/john/Library/Developer/Xcode/DerivedData/Vocorize-cnefnagdjqmlytftciomotnxheit/Build/Products/Debug/PackageFrameworks -F /Users/john/Library/Developer/Xcode/DerivedData/Vocorize-cnefnagdjqmlytftciomotnxheit/Build/Products/Debug/PackageFrameworks -F /Users/john/Library/Developer/Xcode/DerivedData/Vocorize-cnefnagdjqmlytftciomotnxheit/Build/Products/Debug/PackageFrameworks -F /Users/john/Library/Developer/Xcode/DerivedData/Vocorize-cnefnagdjqmlytftciomotnxheit/Build/Products/Debug -F /Applications/Xcode.app/Contents/Developer/Platforms/MacOSX.platform/Developer/Library/Frameworks -Xfrontend -load-plugin-executable -Xfrontend /Users/john/Library/Developer/Xcode/DerivedData/Vocorize-cnefnagdjqmlytftciomotnxheit/Build/Products/Debug/CasePathsMacros\#CasePathsMacros -Xfrontend -load-plugin-executable -Xfrontend /Users/john/Library/Developer/Xcode/DerivedData/Vocorize-cnefnagdjqmlytftciomotnxheit/Build/Products/Debug/ComposableArchitectureMacros\#ComposableArchitectureMacros -Xfrontend -load-plugin-executable -Xfrontend /Users/john/Library/Developer/Xcode/DerivedData/Vocorize-cnefnagdjqmlytftciomotnxheit/Build/Products/Debug/DependenciesMacrosPlugin\#DependenciesMacrosPlugin -Xfrontend -load-plugin-executable -Xfrontend /Users/john/Library/Developer/Xcode/DerivedData/Vocorize-cnefnagdjqmlytftciomotnxheit/Build/Products/Debug/PerceptionMacros\#PerceptionMacros -c -j12 -enable-batch-mode -incremental -Xcc -ivfsstatcache -Xcc /Users/john/Library/Developer/Xcode/DerivedData/SDKStatCaches.noindex/macosx15.5-24F74-8254517eb8b97d462ccbc072ba9094c9.sdkstatcache -output-file-map /Users/john/Library/Developer/Xcode/DerivedData/Vocorize-cnefnagdjqmlytftciomotnxheit/Build/Intermediates.noindex/Vocorize.build/Debug/VocorizeTests.build/Objects-normal/arm64/VocorizeTests-OutputFileMap.json -use-frontend-parseable-output -save-temps -no-color-diagnostics -serialize-diagnostics -emit-dependencies -emit-module -emit-module-path /Users/john/Library/Developer/Xcode/DerivedData/Vocorize-cnefnagdjqmlytftciomotnxheit/Build/Intermediates.noindex/Vocorize.build/Debug/VocorizeTests.build/Objects-normal/arm64/VocorizeTests.swiftmodule -validate-clang-modules-once -clang-build-session-file /Users/john/Library/Developer/Xcode/DerivedData/ModuleCache.noindex/Session.modulevalidation -Xcc -I/Users/john/Library/Developer/Xcode/DerivedData/Vocorize-cnefnagdjqmlytftciomotnxheit/Build/Intermediates.noindex/Vocorize.build/Debug/VocorizeTests.build/swift-overrides.hmap -emit-const-values -Xfrontend -const-gather-protocols-file -Xfrontend /Users/john/Library/Developer/Xcode/DerivedData/Vocorize-cnefnagdjqmlytftciomotnxheit/Build/Intermediates.noindex/Vocorize.build/Debug/VocorizeTests.build/Objects-normal/arm64/VocorizeTests_const_extract_protocols.json -Xcc -iquote -Xcc /Users/john/Library/Developer/Xcode/DerivedData/Vocorize-cnefnagdjqmlytftciomotnxheit/Build/Intermediates.noindex/Vocorize.build/Debug/VocorizeTests.build/VocorizeTests-generated-files.hmap -Xcc -I/Users/john/Library/Developer/Xcode/DerivedData/Vocorize-cnefnagdjqmlytftciomotnxheit/Build/Intermediates.noindex/Vocorize.build/Debug/VocorizeTests.build/VocorizeTests-own-target-headers.hmap -Xcc -I/Users/john/Library/Developer/Xcode/DerivedData/Vocorize-cnefnagdjqmlytftciomotnxheit/Build/Intermediates.noindex/Vocorize.build/Debug/VocorizeTests.build/VocorizeTests-all-non-framework-target-headers.hmap -Xcc -ivfsoverlay -Xcc /Users/john/Library/Developer/Xcode/DerivedData/Vocorize-cnefnagdjqmlytftciomotnxheit/Build/Intermediates.noindex/Vocorize.build/Debug/Vocorize-404fb66583ceea760e342b97033db0ae-VFS/all-product-headers.yaml -Xcc -iquote -Xcc /Users/john/Library/Developer/Xcode/DerivedData/Vocorize-cnefnagdjqmlytftciomotnxheit/Build/Intermediates.noindex/Vocorize.build/Debug/VocorizeTests.build/VocorizeTests-project-headers.hmap -Xcc -I/Users/john/Library/Developer/Xcode/DerivedData/Vocorize-cnefnagdjqmlytftciomotnxheit/SourcePackages/checkouts/swift-cmark/src/include -Xcc -I/Users/john/Library/Developer/Xcode/DerivedData/Vocorize-cnefnagdjqmlytftciomotnxheit/SourcePackages/checkouts/swift-cmark/extensions/include -Xcc -I/Users/john/Library/Developer/Xcode/DerivedData/Vocorize-cnefnagdjqmlytftciomotnxheit/SourcePackages/checkouts/swift-navigation/Sources/UIKitNavigationShim/include -Xcc -I/Users/john/Library/Developer/Xcode/DerivedData/Vocorize-cnefnagdjqmlytftciomotnxheit/Build/Products/Debug/include -Xcc -I/Users/john/Library/Developer/Xcode/DerivedData/Vocorize-cnefnagdjqmlytftciomotnxheit/Build/Intermediates.noindex/Vocorize.build/Debug/VocorizeTests.build/DerivedSources-normal/arm64 -Xcc -I/Users/john/Library/Developer/Xcode/DerivedData/Vocorize-cnefnagdjqmlytftciomotnxheit/Build/Intermediates.noindex/Vocorize.build/Debug/VocorizeTests.build/DerivedSources/arm64 -Xcc -I/Users/john/Library/Developer/Xcode/DerivedData/Vocorize-cnefnagdjqmlytftciomotnxheit/Build/Intermediates.noindex/Vocorize.build/Debug/VocorizeTests.build/DerivedSources -Xcc -DDEBUG\=1 -emit-objc-header -emit-objc-header-path /Users/john/Library/Developer/Xcode/DerivedData/Vocorize-cnefnagdjqmlytftciomotnxheit/Build/Intermediates.noindex/Vocorize.build/Debug/VocorizeTests.build/Objects-normal/arm64/VocorizeTests-Swift.h -working-directory /Users/john/repos/vocorize-app -experimental-emit-module-separately -disable-cmo

ConstructStubExecutorLinkFileList /Users/john/Library/Developer/Xcode/DerivedData/Vocorize-cnefnagdjqmlytftciomotnxheit/Build/Intermediates.noindex/Vocorize.build/Debug/Vocorize.build/Vocorize-ExecutorLinkFileList-normal-arm64.txt (in target 'Vocorize' from project 'Vocorize')
    cd /Users/john/repos/vocorize-app
    construct-stub-executor-link-file-list /Users/john/Library/Developer/Xcode/DerivedData/Vocorize-cnefnagdjqmlytftciomotnxheit/Build/Products/Debug/Vocorize.app/Contents/MacOS/Vocorize.debug.dylib /Applications/Xcode.app/Contents/Developer/Platforms/MacOSX.platform/Developer/usr/lib/libPreviewsJITStubExecutor_no_swift_entry_point.a /Applications/Xcode.app/Contents/Developer/Platforms/MacOSX.platform/Developer/usr/lib/libPreviewsJITStubExecutor.a --output /Users/john/Library/Developer/Xcode/DerivedData/Vocorize-cnefnagdjqmlytftciomotnxheit/Build/Intermediates.noindex/Vocorize.build/Debug/Vocorize.build/Vocorize-ExecutorLinkFileList-normal-arm64.txt
note: Using stub executor library with Swift entry point. (in target 'Vocorize' from project 'Vocorize')

Ld /Users/john/Library/Developer/Xcode/DerivedData/Vocorize-cnefnagdjqmlytftciomotnxheit/Build/Products/Debug/Vocorize.app/Contents/MacOS/Vocorize normal (in target 'Vocorize' from project 'Vocorize')
    cd /Users/john/repos/vocorize-app
    /Applications/Xcode.app/Contents/Developer/Toolchains/XcodeDefault.xctoolchain/usr/bin/clang -Xlinker -reproducible -target arm64-apple-macos15.0 -isysroot /Applications/Xcode.app/Contents/Developer/Platforms/MacOSX.platform/Developer/SDKs/MacOSX15.5.sdk -O0 -L/Users/john/Library/Developer/Xcode/DerivedData/Vocorize-cnefnagdjqmlytftciomotnxheit/Build/Products/Debug -F/Users/john/Library/Developer/Xcode/DerivedData/Vocorize-cnefnagdjqmlytftciomotnxheit/Build/Products/Debug/PackageFrameworks -F/Users/john/Library/Developer/Xcode/DerivedData/Vocorize-cnefnagdjqmlytftciomotnxheit/Build/Products/Debug/PackageFrameworks -F/Users/john/Library/Developer/Xcode/DerivedData/Vocorize-cnefnagdjqmlytftciomotnxheit/Build/Products/Debug/PackageFrameworks -F/Users/john/Library/Developer/Xcode/DerivedData/Vocorize-cnefnagdjqmlytftciomotnxheit/Build/Products/Debug/PackageFrameworks -F/Users/john/Library/Developer/Xcode/DerivedData/Vocorize-cnefnagdjqmlytftciomotnxheit/Build/Products/Debug/PackageFrameworks -F/Users/john/Library/Developer/Xcode/DerivedData/Vocorize-cnefnagdjqmlytftciomotnxheit/Build/Products/Debug/PackageFrameworks -F/Users/john/Library/Developer/Xcode/DerivedData/Vocorize-cnefnagdjqmlytftciomotnxheit/Build/Products/Debug/PackageFrameworks -F/Users/john/Library/Developer/Xcode/DerivedData/Vocorize-cnefnagdjqmlytftciomotnxheit/Build/Products/Debug/PackageFrameworks -F/Users/john/Library/Developer/Xcode/DerivedData/Vocorize-cnefnagdjqmlytftciomotnxheit/Build/Products/Debug/PackageFrameworks -F/Users/john/Library/Developer/Xcode/DerivedData/Vocorize-cnefnagdjqmlytftciomotnxheit/Build/Products/Debug/PackageFrameworks -F/Users/john/Library/Developer/Xcode/DerivedData/Vocorize-cnefnagdjqmlytftciomotnxheit/Build/Products/Debug/PackageFrameworks -F/Users/john/Library/Developer/Xcode/DerivedData/Vocorize-cnefnagdjqmlytftciomotnxheit/Build/Products/Debug/PackageFrameworks -F/Users/john/Library/Developer/Xcode/DerivedData/Vocorize-cnefnagdjqmlytftciomotnxheit/Build/Products/Debug/PackageFrameworks -F/Users/john/Library/Developer/Xcode/DerivedData/Vocorize-cnefnagdjqmlytftciomotnxheit/Build/Products/Debug/PackageFrameworks -F/Users/john/Library/Developer/Xcode/DerivedData/Vocorize-cnefnagdjqmlytftciomotnxheit/Build/Products/Debug/PackageFrameworks -F/Users/john/Library/Developer/Xcode/DerivedData/Vocorize-cnefnagdjqmlytftciomotnxheit/Build/Products/Debug/PackageFrameworks -F/Users/john/Library/Developer/Xcode/DerivedData/Vocorize-cnefnagdjqmlytftciomotnxheit/Build/Products/Debug/PackageFrameworks -F/Users/john/Library/Developer/Xcode/DerivedData/Vocorize-cnefnagdjqmlytftciomotnxheit/Build/Products/Debug/PackageFrameworks -F/Users/john/Library/Developer/Xcode/DerivedData/Vocorize-cnefnagdjqmlytftciomotnxheit/Build/Products/Debug/PackageFrameworks -F/Users/john/Library/Developer/Xcode/DerivedData/Vocorize-cnefnagdjqmlytftciomotnxheit/Build/Products/Debug/PackageFrameworks -F/Users/john/Library/Developer/Xcode/DerivedData/Vocorize-cnefnagdjqmlytftciomotnxheit/Build/Products/Debug/PackageFrameworks -F/Users/john/Library/Developer/Xcode/DerivedData/Vocorize-cnefnagdjqmlytftciomotnxheit/Build/Products/Debug/PackageFrameworks -F/Users/john/Library/Developer/Xcode/DerivedData/Vocorize-cnefnagdjqmlytftciomotnxheit/Build/Products/Debug/PackageFrameworks -F/Users/john/Library/Developer/Xcode/DerivedData/Vocorize-cnefnagdjqmlytftciomotnxheit/Build/Products/Debug/PackageFrameworks -F/Users/john/Library/Developer/Xcode/DerivedData/Vocorize-cnefnagdjqmlytftciomotnxheit/Build/Products/Debug/PackageFrameworks -F/Users/john/Library/Developer/Xcode/DerivedData/Vocorize-cnefnagdjqmlytftciomotnxheit/Build/Products/Debug/PackageFrameworks -F/Users/john/Library/Developer/Xcode/DerivedData/Vocorize-cnefnagdjqmlytftciomotnxheit/Build/Products/Debug/PackageFrameworks -F/Users/john/Library/Developer/Xcode/DerivedData/Vocorize-cnefnagdjqmlytftciomotnxheit/Build/Products/Debug/PackageFrameworks -F/Users/john/Library/Developer/Xcode/DerivedData/Vocorize-cnefnagdjqmlytftciomotnxheit/Build/Products/Debug/PackageFrameworks -F/Users/john/Library/Developer/Xcode/DerivedData/Vocorize-cnefnagdjqmlytftciomotnxheit/Build/Products/Debug/PackageFrameworks -F/Users/john/Library/Developer/Xcode/DerivedData/Vocorize-cnefnagdjqmlytftciomotnxheit/Build/Products/Debug/PackageFrameworks -F/Users/john/Library/Developer/Xcode/DerivedData/Vocorize-cnefnagdjqmlytftciomotnxheit/Build/Products/Debug/PackageFrameworks -F/Users/john/Library/Developer/Xcode/DerivedData/Vocorize-cnefnagdjqmlytftciomotnxheit/Build/Products/Debug/PackageFrameworks -F/Users/john/Library/Developer/Xcode/DerivedData/Vocorize-cnefnagdjqmlytftciomotnxheit/Build/Products/Debug/PackageFrameworks -F/Users/john/Library/Developer/Xcode/DerivedData/Vocorize-cnefnagdjqmlytftciomotnxheit/Build/Products/Debug/PackageFrameworks -F/Users/john/Library/Developer/Xcode/DerivedData/Vocorize-cnefnagdjqmlytftciomotnxheit/Build/Products/Debug/PackageFrameworks -F/Users/john/Library/Developer/Xcode/DerivedData/Vocorize-cnefnagdjqmlytftciomotnxheit/Build/Products/Debug/PackageFrameworks -F/Users/john/Library/Developer/Xcode/DerivedData/Vocorize-cnefnagdjqmlytftciomotnxheit/Build/Products/Debug -Xlinker -rpath -Xlinker @executable_path -Xlinker -rpath -Xlinker /Users/john/Library/Developer/Xcode/DerivedData/Vocorize-cnefnagdjqmlytftciomotnxheit/Build/Products/Debug/PackageFrameworks -Xlinker -rpath -Xlinker @executable_path/../Frameworks -rdynamic -Xlinker -no_deduplicate -Xlinker -debug_variant -e ___debug_blank_executor_main -Xlinker -sectcreate -Xlinker __TEXT -Xlinker __debug_dylib -Xlinker /Users/john/Library/Developer/Xcode/DerivedData/Vocorize-cnefnagdjqmlytftciomotnxheit/Build/Intermediates.noindex/Vocorize.build/Debug/Vocorize.build/Vocorize-DebugDylibPath-normal-arm64.txt -Xlinker -sectcreate -Xlinker __TEXT -Xlinker __debug_instlnm -Xlinker /Users/john/Library/Developer/Xcode/DerivedData/Vocorize-cnefnagdjqmlytftciomotnxheit/Build/Intermediates.noindex/Vocorize.build/Debug/Vocorize.build/Vocorize-DebugDylibInstallName-normal-arm64.txt -Xlinker -filelist -Xlinker /Users/john/Library/Developer/Xcode/DerivedData/Vocorize-cnefnagdjqmlytftciomotnxheit/Build/Intermediates.noindex/Vocorize.build/Debug/Vocorize.build/Vocorize-ExecutorLinkFileList-normal-arm64.txt /Users/john/Library/Developer/Xcode/DerivedData/Vocorize-cnefnagdjqmlytftciomotnxheit/Build/Products/Debug/Vocorize.app/Contents/MacOS/Vocorize.debug.dylib -Xlinker -no_adhoc_codesign -o /Users/john/Library/Developer/Xcode/DerivedData/Vocorize-cnefnagdjqmlytftciomotnxheit/Build/Products/Debug/Vocorize.app/Contents/MacOS/Vocorize

CopySwiftLibs /Users/john/Library/Developer/Xcode/DerivedData/Vocorize-cnefnagdjqmlytftciomotnxheit/Build/Products/Debug/Vocorize.app (in target 'Vocorize' from project 'Vocorize')
    cd /Users/john/repos/vocorize-app
    builtin-swiftStdLibTool --copy --verbose --sign - --scan-executable /Users/john/Library/Developer/Xcode/DerivedData/Vocorize-cnefnagdjqmlytftciomotnxheit/Build/Products/Debug/Vocorize.app/Contents/MacOS/Vocorize.debug.dylib --scan-folder /Users/john/Library/Developer/Xcode/DerivedData/Vocorize-cnefnagdjqmlytftciomotnxheit/Build/Products/Debug/Vocorize.app/Contents/Frameworks --scan-folder /Users/john/Library/Developer/Xcode/DerivedData/Vocorize-cnefnagdjqmlytftciomotnxheit/Build/Products/Debug/Vocorize.app/Contents/PlugIns --scan-folder /Users/john/Library/Developer/Xcode/DerivedData/Vocorize-cnefnagdjqmlytftciomotnxheit/Build/Products/Debug/Vocorize.app/Contents/Library/SystemExtensions --scan-folder /Users/john/Library/Developer/Xcode/DerivedData/Vocorize-cnefnagdjqmlytftciomotnxheit/Build/Products/Debug/Vocorize.app/Contents/Extensions --platform macosx --toolchain /Applications/Xcode.app/Contents/Developer/Toolchains/XcodeDefault.xctoolchain --destination /Users/john/Library/Developer/Xcode/DerivedData/Vocorize-cnefnagdjqmlytftciomotnxheit/Build/Products/Debug/Vocorize.app/Contents/Frameworks --strip-bitcode --strip-bitcode-tool /Applications/Xcode.app/Contents/Developer/Toolchains/XcodeDefault.xctoolchain/usr/bin/bitcode_strip --emit-dependency-info /Users/john/Library/Developer/Xcode/DerivedData/Vocorize-cnefnagdjqmlytftciomotnxheit/Build/Intermediates.noindex/Vocorize.build/Debug/Vocorize.build/SwiftStdLibToolInputDependencies.dep --filter-for-swift-os

ExtractAppIntentsMetadata (in target 'Vocorize' from project 'Vocorize')
    cd /Users/john/repos/vocorize-app
    /Applications/Xcode.app/Contents/Developer/Toolchains/XcodeDefault.xctoolchain/usr/bin/appintentsmetadataprocessor --toolchain-dir /Applications/Xcode.app/Contents/Developer/Toolchains/XcodeDefault.xctoolchain --module-name Vocorize --sdk-root /Applications/Xcode.app/Contents/Developer/Platforms/MacOSX.platform/Developer/SDKs/MacOSX15.5.sdk --xcode-version 16F6 --platform-family macOS --deployment-target 15.0 --bundle-identifier com.tanvir.Vocorize --output /Users/john/Library/Developer/Xcode/DerivedData/Vocorize-cnefnagdjqmlytftciomotnxheit/Build/Products/Debug/Vocorize.app/Contents/Resources --target-triple arm64-apple-macos15.0 --binary-file /Users/john/Library/Developer/Xcode/DerivedData/Vocorize-cnefnagdjqmlytftciomotnxheit/Build/Products/Debug/Vocorize.app/Contents/MacOS/Vocorize --dependency-file /Users/john/Library/Developer/Xcode/DerivedData/Vocorize-cnefnagdjqmlytftciomotnxheit/Build/Intermediates.noindex/Vocorize.build/Debug/Vocorize.build/Objects-normal/arm64/Vocorize_dependency_info.dat --stringsdata-file /Users/john/Library/Developer/Xcode/DerivedData/Vocorize-cnefnagdjqmlytftciomotnxheit/Build/Intermediates.noindex/Vocorize.build/Debug/Vocorize.build/Objects-normal/arm64/ExtractedAppShortcutsMetadata.stringsdata --source-file-list /Users/john/Library/Developer/Xcode/DerivedData/Vocorize-cnefnagdjqmlytftciomotnxheit/Build/Intermediates.noindex/Vocorize.build/Debug/Vocorize.build/Objects-normal/arm64/Vocorize.SwiftFileList --metadata-file-list /Users/john/Library/Developer/Xcode/DerivedData/Vocorize-cnefnagdjqmlytftciomotnxheit/Build/Intermediates.noindex/Vocorize.build/Debug/Vocorize.build/Vocorize.DependencyMetadataFileList --static-metadata-file-list /Users/john/Library/Developer/Xcode/DerivedData/Vocorize-cnefnagdjqmlytftciomotnxheit/Build/Intermediates.noindex/Vocorize.build/Debug/Vocorize.build/Vocorize.DependencyStaticMetadataFileList --swift-const-vals-list /Users/john/Library/Developer/Xcode/DerivedData/Vocorize-cnefnagdjqmlytftciomotnxheit/Build/Intermediates.noindex/Vocorize.build/Debug/Vocorize.build/Objects-normal/arm64/Vocorize.SwiftConstValuesFileList --compile-time-extraction --deployment-aware-processing --validate-assistant-intents --no-app-shortcuts-localization
2025-08-17 10:48:11.324 appintentsmetadataprocessor[48875:14113713] Starting appintentsmetadataprocessor export
2025-08-17 10:48:11.326 appintentsmetadataprocessor[48875:14113713] warning: Metadata extraction skipped. No AppIntents.framework dependency found.

ProcessInfoPlistFile /Users/john/Library/Developer/Xcode/DerivedData/Vocorize-cnefnagdjqmlytftciomotnxheit/Build/Products/Debug/Vocorize.app/Contents/PlugIns/VocorizeTests.xctest/Contents/Info.plist /Users/john/Library/Developer/Xcode/DerivedData/Vocorize-cnefnagdjqmlytftciomotnxheit/Build/Intermediates.noindex/Vocorize.build/Debug/VocorizeTests.build/empty-VocorizeTests.plist (in target 'VocorizeTests' from project 'Vocorize')
    cd /Users/john/repos/vocorize-app
    builtin-infoPlistUtility /Users/john/Library/Developer/Xcode/DerivedData/Vocorize-cnefnagdjqmlytftciomotnxheit/Build/Intermediates.noindex/Vocorize.build/Debug/VocorizeTests.build/empty-VocorizeTests.plist -producttype com.apple.product-type.bundle.unit-test -expandbuildsettings -platform macosx -scanforprivacyfile /Users/john/Library/Developer/Xcode/DerivedData/Vocorize-cnefnagdjqmlytftciomotnxheit/Build/Products/Debug/Vocorize.app/Contents/PlugIns/VocorizeTests.xctest/Contents/Resources/Pow_Pow.bundle -scanforprivacyfile /Users/john/Library/Developer/Xcode/DerivedData/Vocorize-cnefnagdjqmlytftciomotnxheit/Build/Products/Debug/Vocorize.app/Contents/PlugIns/VocorizeTests.xctest/Contents/Resources/swift-composable-architecture_ComposableArchitecture.bundle -scanforprivacyfile /Users/john/Library/Developer/Xcode/DerivedData/Vocorize-cnefnagdjqmlytftciomotnxheit/Build/Products/Debug/Vocorize.app/Contents/PlugIns/VocorizeTests.xctest/Contents/Resources/swift-sharing_Sharing.bundle -scanforprivacyfile /Users/john/Library/Developer/Xcode/DerivedData/Vocorize-cnefnagdjqmlytftciomotnxheit/Build/Products/Debug/Vocorize.app/Contents/PlugIns/VocorizeTests.xctest/Contents/Resources/swift-transformers_Hub.bundle -o /Users/john/Library/Developer/Xcode/DerivedData/Vocorize-cnefnagdjqmlytftciomotnxheit/Build/Products/Debug/Vocorize.app/Contents/PlugIns/VocorizeTests.xctest/Contents/Info.plist

Ld /Users/john/Library/Developer/Xcode/DerivedData/Vocorize-cnefnagdjqmlytftciomotnxheit/Build/Products/Debug/Vocorize.app/Contents/PlugIns/VocorizeTests.xctest/Contents/MacOS/VocorizeTests normal (in target 'VocorizeTests' from project 'Vocorize')
    cd /Users/john/repos/vocorize-app
    /Applications/Xcode.app/Contents/Developer/Toolchains/XcodeDefault.xctoolchain/usr/bin/clang -Xlinker -reproducible -target arm64-apple-macos15.2 -bundle -isysroot /Applications/Xcode.app/Contents/Developer/Platforms/MacOSX.platform/Developer/SDKs/MacOSX15.5.sdk -O0 -L/Users/john/Library/Developer/Xcode/DerivedData/Vocorize-cnefnagdjqmlytftciomotnxheit/Build/Intermediates.noindex/EagerLinkingTBDs/Debug -L/Users/john/Library/Developer/Xcode/DerivedData/Vocorize-cnefnagdjqmlytftciomotnxheit/Build/Products/Debug -L/Applications/Xcode.app/Contents/Developer/Platforms/MacOSX.platform/Developer/usr/lib -F/Users/john/Library/Developer/Xcode/DerivedData/Vocorize-cnefnagdjqmlytftciomotnxheit/Build/Intermediates.noindex/EagerLinkingTBDs/Debug -F/Users/john/Library/Developer/Xcode/DerivedData/Vocorize-cnefnagdjqmlytftciomotnxheit/Build/Products/Debug/PackageFrameworks -F/Users/john/Library/Developer/Xcode/DerivedData/Vocorize-cnefnagdjqmlytftciomotnxheit/Build/Products/Debug/PackageFrameworks -F/Users/john/Library/Developer/Xcode/DerivedData/Vocorize-cnefnagdjqmlytftciomotnxheit/Build/Products/Debug/PackageFrameworks -F/Users/john/Library/Developer/Xcode/DerivedData/Vocorize-cnefnagdjqmlytftciomotnxheit/Build/Products/Debug/PackageFrameworks -F/Users/john/Library/Developer/Xcode/DerivedData/Vocorize-cnefnagdjqmlytftciomotnxheit/Build/Products/Debug/PackageFrameworks -F/Users/john/Library/Developer/Xcode/DerivedData/Vocorize-cnefnagdjqmlytftciomotnxheit/Build/Products/Debug/PackageFrameworks -F/Users/john/Library/Developer/Xcode/DerivedData/Vocorize-cnefnagdjqmlytftciomotnxheit/Build/Products/Debug/PackageFrameworks -F/Users/john/Library/Developer/Xcode/DerivedData/Vocorize-cnefnagdjqmlytftciomotnxheit/Build/Products/Debug/PackageFrameworks -F/Users/john/Library/Developer/Xcode/DerivedData/Vocorize-cnefnagdjqmlytftciomotnxheit/Build/Products/Debug/PackageFrameworks -F/Users/john/Library/Developer/Xcode/DerivedData/Vocorize-cnefnagdjqmlytftciomotnxheit/Build/Products/Debug/PackageFrameworks -F/Users/john/Library/Developer/Xcode/DerivedData/Vocorize-cnefnagdjqmlytftciomotnxheit/Build/Products/Debug/PackageFrameworks -F/Users/john/Library/Developer/Xcode/DerivedData/Vocorize-cnefnagdjqmlytftciomotnxheit/Build/Products/Debug/PackageFrameworks -F/Users/john/Library/Developer/Xcode/DerivedData/Vocorize-cnefnagdjqmlytftciomotnxheit/Build/Products/Debug/PackageFrameworks -F/Users/john/Library/Developer/Xcode/DerivedData/Vocorize-cnefnagdjqmlytftciomotnxheit/Build/Products/Debug/PackageFrameworks -F/Users/john/Library/Developer/Xcode/DerivedData/Vocorize-cnefnagdjqmlytftciomotnxheit/Build/Products/Debug/PackageFrameworks -F/Users/john/Library/Developer/Xcode/DerivedData/Vocorize-cnefnagdjqmlytftciomotnxheit/Build/Products/Debug/PackageFrameworks -F/Users/john/Library/Developer/Xcode/DerivedData/Vocorize-cnefnagdjqmlytftciomotnxheit/Build/Products/Debug/PackageFrameworks -F/Users/john/Library/Developer/Xcode/DerivedData/Vocorize-cnefnagdjqmlytftciomotnxheit/Build/Products/Debug/PackageFrameworks -F/Users/john/Library/Developer/Xcode/DerivedData/Vocorize-cnefnagdjqmlytftciomotnxheit/Build/Products/Debug/PackageFrameworks -F/Users/john/Library/Developer/Xcode/DerivedData/Vocorize-cnefnagdjqmlytftciomotnxheit/Build/Products/Debug/PackageFrameworks -F/Users/john/Library/Developer/Xcode/DerivedData/Vocorize-cnefnagdjqmlytftciomotnxheit/Build/Products/Debug/PackageFrameworks -F/Users/john/Library/Developer/Xcode/DerivedData/Vocorize-cnefnagdjqmlytftciomotnxheit/Build/Products/Debug/PackageFrameworks -F/Users/john/Library/Developer/Xcode/DerivedData/Vocorize-cnefnagdjqmlytftciomotnxheit/Build/Products/Debug/PackageFrameworks -F/Users/john/Library/Developer/Xcode/DerivedData/Vocorize-cnefnagdjqmlytftciomotnxheit/Build/Products/Debug/PackageFrameworks -F/Users/john/Library/Developer/Xcode/DerivedData/Vocorize-cnefnagdjqmlytftciomotnxheit/Build/Products/Debug/PackageFrameworks -F/Users/john/Library/Developer/Xcode/DerivedData/Vocorize-cnefnagdjqmlytftciomotnxheit/Build/Products/Debug/PackageFrameworks -F/Users/john/Library/Developer/Xcode/DerivedData/Vocorize-cnefnagdjqmlytftciomotnxheit/Build/Products/Debug/PackageFrameworks -F/Users/john/Library/Developer/Xcode/DerivedData/Vocorize-cnefnagdjqmlytftciomotnxheit/Build/Products/Debug/PackageFrameworks -F/Users/john/Library/Developer/Xcode/DerivedData/Vocorize-cnefnagdjqmlytftciomotnxheit/Build/Products/Debug/PackageFrameworks -F/Users/john/Library/Developer/Xcode/DerivedData/Vocorize-cnefnagdjqmlytftciomotnxheit/Build/Products/Debug/PackageFrameworks -F/Users/john/Library/Developer/Xcode/DerivedData/Vocorize-cnefnagdjqmlytftciomotnxheit/Build/Products/Debug/PackageFrameworks -F/Users/john/Library/Developer/Xcode/DerivedData/Vocorize-cnefnagdjqmlytftciomotnxheit/Build/Products/Debug/PackageFrameworks -F/Users/john/Library/Developer/Xcode/DerivedData/Vocorize-cnefnagdjqmlytftciomotnxheit/Build/Products/Debug/PackageFrameworks -F/Users/john/Library/Developer/Xcode/DerivedData/Vocorize-cnefnagdjqmlytftciomotnxheit/Build/Products/Debug/PackageFrameworks -F/Users/john/Library/Developer/Xcode/DerivedData/Vocorize-cnefnagdjqmlytftciomotnxheit/Build/Products/Debug/PackageFrameworks -F/Users/john/Library/Developer/Xcode/DerivedData/Vocorize-cnefnagdjqmlytftciomotnxheit/Build/Products/Debug/PackageFrameworks -F/Users/john/Library/Developer/Xcode/DerivedData/Vocorize-cnefnagdjqmlytftciomotnxheit/Build/Products/Debug/PackageFrameworks -F/Users/john/Library/Developer/Xcode/DerivedData/Vocorize-cnefnagdjqmlytftciomotnxheit/Build/Products/Debug -iframework /Applications/Xcode.app/Contents/Developer/Platforms/MacOSX.platform/Developer/Library/Frameworks -filelist /Users/john/Library/Developer/Xcode/DerivedData/Vocorize-cnefnagdjqmlytftciomotnxheit/Build/Intermediates.noindex/Vocorize.build/Debug/VocorizeTests.build/Objects-normal/arm64/VocorizeTests.LinkFileList -Xlinker -rpath -Xlinker /Users/john/Library/Developer/Xcode/DerivedData/Vocorize-cnefnagdjqmlytftciomotnxheit/Build/Products/Debug/PackageFrameworks -Xlinker -rpath -Xlinker @loader_path/../Frameworks -Xlinker -rpath -Xlinker @executable_path/../Frameworks -bundle_loader /Users/john/Library/Developer/Xcode/DerivedData/Vocorize-cnefnagdjqmlytftciomotnxheit/Build/Products/Debug/Vocorize.app/Contents/MacOS/Vocorize -Xlinker -object_path_lto -Xlinker /Users/john/Library/Developer/Xcode/DerivedData/Vocorize-cnefnagdjqmlytftciomotnxheit/Build/Intermediates.noindex/Vocorize.build/Debug/VocorizeTests.build/Objects-normal/arm64/VocorizeTests_lto.o -rdynamic -Xlinker -no_deduplicate -Xlinker -debug_variant -Xlinker -dependency_info -Xlinker /Users/john/Library/Developer/Xcode/DerivedData/Vocorize-cnefnagdjqmlytftciomotnxheit/Build/Intermediates.noindex/Vocorize.build/Debug/VocorizeTests.build/Objects-normal/arm64/VocorizeTests_dependency_info.dat -fobjc-link-runtime -fprofile-instr-generate -L/Applications/Xcode.app/Contents/Developer/Toolchains/XcodeDefault.xctoolchain/usr/lib/swift/macosx -L/usr/lib/swift -Xlinker -add_ast_path -Xlinker /Users/john/Library/Developer/Xcode/DerivedData/Vocorize-cnefnagdjqmlytftciomotnxheit/Build/Intermediates.noindex/Vocorize.build/Debug/VocorizeTests.build/Objects-normal/arm64/VocorizeTests.swiftmodule -Wl,-no_warn_duplicate_libraries -Wl,-no_warn_duplicate_libraries -Wl,-no_warn_duplicate_libraries -Wl,-no_warn_duplicate_libraries -Wl,-no_warn_duplicate_libraries -Wl,-no_warn_duplicate_libraries -Wl,-no_warn_duplicate_libraries -Wl,-no_warn_duplicate_libraries -Wl,-no_warn_duplicate_libraries -Wl,-no_warn_duplicate_libraries -Wl,-no_warn_duplicate_libraries -Wl,-no_warn_duplicate_libraries -Wl,-no_warn_duplicate_libraries -Wl,-no_warn_duplicate_libraries -Wl,-no_warn_duplicate_libraries -Wl,-no_warn_duplicate_libraries -Wl,-no_warn_duplicate_libraries -Wl,-no_warn_duplicate_libraries -Wl,-no_warn_duplicate_libraries -Wl,-no_warn_duplicate_libraries -Wl,-no_warn_duplicate_libraries -Wl,-no_warn_duplicate_libraries -Wl,-no_warn_duplicate_libraries -Wl,-no_warn_duplicate_libraries -Wl,-no_warn_duplicate_libraries -Wl,-no_warn_duplicate_libraries -Wl,-no_warn_duplicate_libraries -Wl,-no_warn_duplicate_libraries -Wl,-no_warn_duplicate_libraries -Wl,-no_warn_duplicate_libraries -Wl,-no_warn_duplicate_libraries -Wl,-no_warn_duplicate_libraries -Wl,-no_warn_duplicate_libraries -Wl,-no_warn_duplicate_libraries -Wl,-no_warn_duplicate_libraries -Wl,-no_warn_duplicate_libraries -Wl,-no_warn_duplicate_libraries -framework XCTest -lXCTestSwiftSupport /Users/john/Library/Developer/Xcode/DerivedData/Vocorize-cnefnagdjqmlytftciomotnxheit/Build/Products/Debug/Vocorize.app/Contents/MacOS/Vocorize.debug.dylib -Xlinker -no_adhoc_codesign -o /Users/john/Library/Developer/Xcode/DerivedData/Vocorize-cnefnagdjqmlytftciomotnxheit/Build/Products/Debug/Vocorize.app/Contents/PlugIns/VocorizeTests.xctest/Contents/MacOS/VocorizeTests

ExtractAppIntentsMetadata (in target 'VocorizeTests' from project 'Vocorize')
    cd /Users/john/repos/vocorize-app
    /Applications/Xcode.app/Contents/Developer/Toolchains/XcodeDefault.xctoolchain/usr/bin/appintentsmetadataprocessor --toolchain-dir /Applications/Xcode.app/Contents/Developer/Toolchains/XcodeDefault.xctoolchain --module-name VocorizeTests --sdk-root /Applications/Xcode.app/Contents/Developer/Platforms/MacOSX.platform/Developer/SDKs/MacOSX15.5.sdk --xcode-version 16F6 --platform-family macOS --deployment-target 15.2 --bundle-identifier com.tanvir.VocorizeTests --output /Users/john/Library/Developer/Xcode/DerivedData/Vocorize-cnefnagdjqmlytftciomotnxheit/Build/Products/Debug/Vocorize.app/Contents/PlugIns/VocorizeTests.xctest/Contents/Resources --target-triple arm64-apple-macos15.2 --binary-file /Users/john/Library/Developer/Xcode/DerivedData/Vocorize-cnefnagdjqmlytftciomotnxheit/Build/Products/Debug/Vocorize.app/Contents/PlugIns/VocorizeTests.xctest/Contents/MacOS/VocorizeTests --dependency-file /Users/john/Library/Developer/Xcode/DerivedData/Vocorize-cnefnagdjqmlytftciomotnxheit/Build/Intermediates.noindex/Vocorize.build/Debug/VocorizeTests.build/Objects-normal/arm64/VocorizeTests_dependency_info.dat --stringsdata-file /Users/john/Library/Developer/Xcode/DerivedData/Vocorize-cnefnagdjqmlytftciomotnxheit/Build/Intermediates.noindex/Vocorize.build/Debug/VocorizeTests.build/Objects-normal/arm64/ExtractedAppShortcutsMetadata.stringsdata --source-file-list /Users/john/Library/Developer/Xcode/DerivedData/Vocorize-cnefnagdjqmlytftciomotnxheit/Build/Intermediates.noindex/Vocorize.build/Debug/VocorizeTests.build/Objects-normal/arm64/VocorizeTests.SwiftFileList --metadata-file-list /Users/john/Library/Developer/Xcode/DerivedData/Vocorize-cnefnagdjqmlytftciomotnxheit/Build/Intermediates.noindex/Vocorize.build/Debug/VocorizeTests.build/VocorizeTests.DependencyMetadataFileList --static-metadata-file-list /Users/john/Library/Developer/Xcode/DerivedData/Vocorize-cnefnagdjqmlytftciomotnxheit/Build/Intermediates.noindex/Vocorize.build/Debug/VocorizeTests.build/VocorizeTests.DependencyStaticMetadataFileList --swift-const-vals-list /Users/john/Library/Developer/Xcode/DerivedData/Vocorize-cnefnagdjqmlytftciomotnxheit/Build/Intermediates.noindex/Vocorize.build/Debug/VocorizeTests.build/Objects-normal/arm64/VocorizeTests.SwiftConstValuesFileList --compile-time-extraction --deployment-aware-processing --validate-assistant-intents --no-app-shortcuts-localization
2025-08-17 10:48:11.642 appintentsmetadataprocessor[48879:14113747] Starting appintentsmetadataprocessor export
2025-08-17 10:48:11.643 appintentsmetadataprocessor[48879:14113747] warning: Metadata extraction skipped. No AppIntents.framework dependency found.

CopySwiftLibs /Users/john/Library/Developer/Xcode/DerivedData/Vocorize-cnefnagdjqmlytftciomotnxheit/Build/Products/Debug/Vocorize.app/Contents/PlugIns/VocorizeTests.xctest (in target 'VocorizeTests' from project 'Vocorize')
    cd /Users/john/repos/vocorize-app
    builtin-swiftStdLibTool --copy --verbose --sign - --scan-executable /Users/john/Library/Developer/Xcode/DerivedData/Vocorize-cnefnagdjqmlytftciomotnxheit/Build/Products/Debug/Vocorize.app/Contents/PlugIns/VocorizeTests.xctest/Contents/MacOS/VocorizeTests --scan-folder /Users/john/Library/Developer/Xcode/DerivedData/Vocorize-cnefnagdjqmlytftciomotnxheit/Build/Products/Debug/Vocorize.app/Contents/PlugIns/VocorizeTests.xctest/Contents/Frameworks --scan-folder /Users/john/Library/Developer/Xcode/DerivedData/Vocorize-cnefnagdjqmlytftciomotnxheit/Build/Products/Debug/Vocorize.app/Contents/PlugIns/VocorizeTests.xctest/Contents/PlugIns --scan-folder /Users/john/Library/Developer/Xcode/DerivedData/Vocorize-cnefnagdjqmlytftciomotnxheit/Build/Products/Debug/Vocorize.app/Contents/PlugIns/VocorizeTests.xctest/Contents/Library/SystemExtensions --scan-folder /Users/john/Library/Developer/Xcode/DerivedData/Vocorize-cnefnagdjqmlytftciomotnxheit/Build/Products/Debug/Vocorize.app/Contents/PlugIns/VocorizeTests.xctest/Contents/Extensions --platform macosx --toolchain /Applications/Xcode.app/Contents/Developer/Toolchains/XcodeDefault.xctoolchain --destination /Users/john/Library/Developer/Xcode/DerivedData/Vocorize-cnefnagdjqmlytftciomotnxheit/Build/Products/Debug/Vocorize.app/Contents/PlugIns/VocorizeTests.xctest/Contents/Frameworks --strip-bitcode --scan-executable /Applications/Xcode.app/Contents/Developer/Platforms/MacOSX.platform/Developer/usr/lib/libXCTestSwiftSupport.dylib --strip-bitcode-tool /Applications/Xcode.app/Contents/Developer/Toolchains/XcodeDefault.xctoolchain/usr/bin/bitcode_strip --emit-dependency-info /Users/john/Library/Developer/Xcode/DerivedData/Vocorize-cnefnagdjqmlytftciomotnxheit/Build/Intermediates.noindex/Vocorize.build/Debug/VocorizeTests.build/SwiftStdLibToolInputDependencies.dep --filter-for-swift-os

CodeSign /Users/john/Library/Developer/Xcode/DerivedData/Vocorize-cnefnagdjqmlytftciomotnxheit/Build/Products/Debug/Vocorize.app/Contents/PlugIns/VocorizeTests.xctest (in target 'VocorizeTests' from project 'Vocorize')
    cd /Users/john/repos/vocorize-app
    
    Signing Identity:     "Sign to Run Locally"
    
    /usr/bin/codesign --force --sign - --timestamp\=none --generate-entitlement-der /Users/john/Library/Developer/Xcode/DerivedData/Vocorize-cnefnagdjqmlytftciomotnxheit/Build/Products/Debug/Vocorize.app/Contents/PlugIns/VocorizeTests.xctest

CodeSign /Users/john/Library/Developer/Xcode/DerivedData/Vocorize-cnefnagdjqmlytftciomotnxheit/Build/Products/Debug/Vocorize.app/Contents/MacOS/Vocorize.debug.dylib (in target 'Vocorize' from project 'Vocorize')
    cd /Users/john/repos/vocorize-app
    
    Signing Identity:     "Sign to Run Locally"
    
    /usr/bin/codesign --force --sign - --timestamp\=none --generate-entitlement-der /Users/john/Library/Developer/Xcode/DerivedData/Vocorize-cnefnagdjqmlytftciomotnxheit/Build/Products/Debug/Vocorize.app/Contents/MacOS/Vocorize.debug.dylib

CodeSign /Users/john/Library/Developer/Xcode/DerivedData/Vocorize-cnefnagdjqmlytftciomotnxheit/Build/Products/Debug/Vocorize.app/Contents/MacOS/__preview.dylib (in target 'Vocorize' from project 'Vocorize')
    cd /Users/john/repos/vocorize-app
    
    Signing Identity:     "Sign to Run Locally"
    
    /usr/bin/codesign --force --sign - --timestamp\=none --generate-entitlement-der /Users/john/Library/Developer/Xcode/DerivedData/Vocorize-cnefnagdjqmlytftciomotnxheit/Build/Products/Debug/Vocorize.app/Contents/MacOS/__preview.dylib
/Users/john/Library/Developer/Xcode/DerivedData/Vocorize-cnefnagdjqmlytftciomotnxheit/Build/Products/Debug/Vocorize.app/Contents/MacOS/__preview.dylib: replacing existing signature

CodeSign /Users/john/Library/Developer/Xcode/DerivedData/Vocorize-cnefnagdjqmlytftciomotnxheit/Build/Products/Debug/Vocorize.app (in target 'Vocorize' from project 'Vocorize')
    cd /Users/john/repos/vocorize-app
    
    Signing Identity:     "Sign to Run Locally"
    
    /usr/bin/codesign --force --sign - --entitlements /Users/john/Library/Developer/Xcode/DerivedData/Vocorize-cnefnagdjqmlytftciomotnxheit/Build/Intermediates.noindex/Vocorize.build/Debug/Vocorize.build/Vocorize.app.xcent --timestamp\=none --generate-entitlement-der /Users/john/Library/Developer/Xcode/DerivedData/Vocorize-cnefnagdjqmlytftciomotnxheit/Build/Products/Debug/Vocorize.app

Validate /Users/john/Library/Developer/Xcode/DerivedData/Vocorize-cnefnagdjqmlytftciomotnxheit/Build/Products/Debug/Vocorize.app (in target 'Vocorize' from project 'Vocorize')
    cd /Users/john/repos/vocorize-app
    builtin-validationUtility /Users/john/Library/Developer/Xcode/DerivedData/Vocorize-cnefnagdjqmlytftciomotnxheit/Build/Products/Debug/Vocorize.app -no-validate-extension -infoplist-subpath Contents/Info.plist

RegisterWithLaunchServices /Users/john/Library/Developer/Xcode/DerivedData/Vocorize-cnefnagdjqmlytftciomotnxheit/Build/Products/Debug/Vocorize.app (in target 'Vocorize' from project 'Vocorize')
    cd /Users/john/repos/vocorize-app
    /System/Library/Frameworks/CoreServices.framework/Versions/Current/Frameworks/LaunchServices.framework/Versions/Current/Support/lsregister -f -R -trusted /Users/john/Library/Developer/Xcode/DerivedData/Vocorize-cnefnagdjqmlytftciomotnxheit/Build/Products/Debug/Vocorize.app

note: Disabling hardened runtime with ad-hoc codesigning. (in target 'Vocorize' from project 'Vocorize')
2025-08-17 10:48:20.967 xcodebuild[47875:14110753] [MT] IDETestOperationsObserverDebug: 9.119 elapsed -- Testing started completed.
2025-08-17 10:48:20.967 xcodebuild[47875:14110753] [MT] IDETestOperationsObserverDebug: 0.000 sec, +0.000 sec -- start
2025-08-17 10:48:20.967 xcodebuild[47875:14110753] [MT] IDETestOperationsObserverDebug: 9.119 sec, +9.119 sec -- end

Test session results, code coverage, and logs:
	/Users/john/Library/Developer/Xcode/DerivedData/Vocorize-cnefnagdjqmlytftciomotnxheit/Logs/Test/Test-Vocorize-2025.08.17_10-48-05--0700.xcresult

Failing tests:
	VocorizeTests.pressAndHold_stopsRecordingOnKeyPressAndStaysDirty()
	VocorizeTests.pressAndHold_stopsRecordingOnKeyPressAndStaysDirty()
	VocorizeTests.pressAndHold_stopsRecordingOnKeyPressAndStaysDirty()
	TranscriptionProviderTests.registry_availableProviderTypesSorted()
	TranscriptionProviderTests.registry_registerProvider()
	TranscriptionProviderTests.registry_unregisterProvider()
	TranscriptionProviderTests.registry_unregisterProvider()
	TranscriptionProviderTests.registry_clearAllProviders()

** TEST FAILED **

Testing started
Test suite 'VocorizeTests' started on 'My Mac - Vocorize (48908)'
Test suite 'TranscriptionProviderTests' started on 'My Mac - Vocorize (48908)'
Test case 'TranscriptionProviderTests/providerError_modelNotFound()' passed on 'My Mac - Vocorize (48908)' (0.000 seconds)
Test case 'TranscriptionProviderTests/providerType_containsExpectedValues()' passed on 'My Mac - Vocorize (48908)' (0.000 seconds)
Test case 'TranscriptionProviderTests/providerError_providerNotAvailable()' passed on 'My Mac - Vocorize (48908)' (0.000 seconds)
Test case 'TranscriptionProviderTests/providerError_modelLoadFailed()' passed on 'My Mac - Vocorize (48908)' (0.000 seconds)
Test case 'TranscriptionProviderTests/mockProvider_conformsToProtocol()' passed on 'My Mac - Vocorize (48908)' (0.000 seconds)
Test case 'TranscriptionProviderTests/providerModelInfo_defaultValues()' passed on 'My Mac - Vocorize (48908)' (0.000 seconds)
Test case 'TranscriptionProviderTests/providerModelInfo_equatable()' passed on 'My Mac - Vocorize (48908)' (0.000 seconds)
Test case 'VocorizeTests/pressAndHold_stopsRecordingOnHotkeyRelease_standard()' passed on 'My Mac - Vocorize (48908)' (0.000 seconds)
Test case 'VocorizeTests/pressAndHold_doesNotCancelAfterThreshold_modifierOnly()' passed on 'My Mac - Vocorize (48908)' (0.000 seconds)
Test case 'VocorizeTests/doubleTapLock_ignoresSlowDoubleTap_standard()' passed on 'My Mac - Vocorize (48908)' (0.000 seconds)
Test case 'VocorizeTests/pressAndHold_startsRecordingOnHotkey_standard()' passed on 'My Mac - Vocorize (48908)' (0.000 seconds)
Test case 'TranscriptionProviderTests/registryClient_testValue()' passed on 'My Mac - Vocorize (48908)' (0.000 seconds)
Test case 'VocorizeTests/pressAndHold_stopsRecordingOnHotkeyRelease_multipleModifiers()' passed on 'My Mac - Vocorize (48908)' (0.000 seconds)
Test case 'TranscriptionProviderTests/providerModelInfo_idGeneration()' passed on 'My Mac - Vocorize (48908)' (0.000 seconds)
Test case 'VocorizeTests/doubleTapLock_ignoresSlowDoubleTap_modifierOnly()' passed on 'My Mac - Vocorize (48908)' (0.000 seconds)
Test case 'TranscriptionProviderTests/providerType_codable()' passed on 'My Mac - Vocorize (48908)' (0.000 seconds)
Test case 'VocorizeTests/doubleTap_onlyLocksAfterSecondRelease()' passed on 'My Mac - Vocorize (48908)' (0.000 seconds)
Test case 'TranscriptionProviderTests/providerError_transcriptionFailed()' passed on 'My Mac - Vocorize (48908)' (0.000 seconds)
Test case 'TranscriptionProviderTests/providerError_unsupportedModelFormat()' passed on 'My Mac - Vocorize (48908)' (0.000 seconds)
Test case 'TranscriptionProviderTests/providerError_modelDownloadFailed()' passed on 'My Mac - Vocorize (48908)' (0.000 seconds)
Test case 'TranscriptionProviderTests/providerModelInfo_identifiable()' passed on 'My Mac - Vocorize (48908)' (0.000 seconds)
Test case 'TranscriptionProviderTests/mockProvider_hasRequiredMethods()' passed on 'My Mac - Vocorize (48908)' (0.000 seconds)
Test case 'VocorizeTests/pressAndHold_stopsRecordingOnKeyPressAndStaysDirty()' failed on 'My Mac - Vocorize (48908)' (0.000 seconds)
Test case 'TranscriptionProviderTests/providerType_rawValues()' passed on 'My Mac - Vocorize (48908)' (0.000 seconds)
Test case 'VocorizeTests/doubleTapLock_stopsRecordingOnNextTap_standard()' passed on 'My Mac - Vocorize (48908)' (0.000 seconds)
Test case 'VocorizeTests/pressAndHold_cancelsOnOtherModifierPress_modifierOnly()' passed on 'My Mac - Vocorize (48908)' (0.000 seconds)
Test case 'TranscriptionProviderTests/providerModelInfo_initialization()' passed on 'My Mac - Vocorize (48908)' (0.000 seconds)
Test case 'TranscriptionProviderTests/providerModelInfo_codable()' passed on 'My Mac - Vocorize (48908)' (0.000 seconds)
Test case 'TranscriptionProviderTests/providerType_displayNames()' passed on 'My Mac - Vocorize (48908)' (0.000 seconds)
Test case 'TranscriptionProviderTests/registry_initialState()' passed on 'My Mac - Vocorize (48908)' (0.000 seconds)
Test case 'VocorizeTests/pressAndHold_startsRecordingOnHotkey_modifierOnly()' passed on 'My Mac - Vocorize (48908)' (0.000 seconds)
Test case 'TranscriptionProviderTests/registry_providerNotFound()' passed on 'My Mac - Vocorize (48908)' (0.000 seconds)
Test case 'TranscriptionProviderTests/registry_availableProviderTypesSorted()' failed on 'My Mac - Vocorize (48908)' (0.000 seconds)
Test case 'TranscriptionProviderTests/registry_registerProvider()' failed on 'My Mac - Vocorize (48908)' (0.000 seconds)
Test case 'TranscriptionProviderTests/registry_retrieveProvider()' passed on 'My Mac - Vocorize (48908)' (0.000 seconds)
Test case 'TranscriptionProviderTests/registry_multipleProviders()' passed on 'My Mac - Vocorize (48908)' (0.000 seconds)
Test case 'TranscriptionProviderTests/registry_unregisterProvider()' failed on 'My Mac - Vocorize (48908)' (0.000 seconds)
Test case 'TranscriptionProviderTests/registry_clearAllProviders()' failed on 'My Mac - Vocorize (48908)' (0.000 seconds)
Test case 'VocorizeTests/doubleTapLock_startsRecordingOnDoubleTap_standard()' passed on 'My Mac - Vocorize (48908)' (0.000 seconds)
Test case 'VocorizeTests/pressAndHold_doesNotTriggerOnBackslide_standard()' passed on 'My Mac - Vocorize (48908)' (0.000 seconds)
Test case 'VocorizeTests/doubleTap_secondTapHeldTooLongBecomesHold()' passed on 'My Mac - Vocorize (48908)' (0.000 seconds)
Test case 'VocorizeTests/pressAndHold_staysDirtyAfterTwoSeconds()' passed on 'My Mac - Vocorize (48908)' (0.000 seconds)
Test case 'VocorizeTests/pressAndHold_doesNotCancelAfterThreshold_standard()' passed on 'My Mac - Vocorize (48908)' (0.000 seconds)
Test case 'VocorizeTests/pressAndHold_cancelsOnOtherKeyPress_standard()' passed on 'My Mac - Vocorize (48908)' (0.000 seconds)
Test case 'VocorizeTests/doubleTapLock_startsRecordingOnDoubleTap_multipleModifiers()' passed on 'My Mac - Vocorize (48908)' (0.000 seconds)
Test case 'VocorizeTests/doubleTapLock_stopsRecordingOnNextTap_modifierOnly()' passed on 'My Mac - Vocorize (48908)' (0.000 seconds)
Test case 'VocorizeTests/pressAndHold_stopsRecordingOnHotkeyRelease_modifierOnly()' passed on 'My Mac - Vocorize (48908)' (0.000 seconds)
Test case 'VocorizeTests/doubleTapLock_startsRecordingOnDoubleTap_modifierOnly()' passed on 'My Mac - Vocorize (48908)' (0.000 seconds)
